--------------- Build Started: 02/20/2025 15:22:27 Project: SA-200, Configuration: ARM GCC 5.4-2016-q2-update Debug ---------------
The code generation step is up to date.
arm-none-eabi-gcc.exe -mcpu=cortex-m0 -mthumb -I. -IGenerated_Source\PSoC4 -Wa,-alh=.\CortexM0\ARM_GCC_541\Debug/main.lst -g -D DEBUG -D CY_CORE_ID=0 -Wall -ffunction-sections -ffat-lto-objects -O0 -c main.c -o .\CortexM0\ARM_GCC_541\Debug\main.o
main.c: In function 'Nextion_SetPage':
main.c:57:12: warning: unused variable 'len' [-Wunused-variable]
     uint32 len = sprintf(buf, "page %s",id) ;
            ^
main.c: In function 'main':
main.c:157:21: warning: unused variable 'slavePersent' [-Wunused-variable]
     extern uint16_t slavePersent;  
                     ^
main.c:144:18: warning: unused variable 'event2' [-Wunused-variable]
     uint8 event, event2;
                  ^
main.c:144:11: warning: unused variable 'event' [-Wunused-variable]
     uint8 event, event2;
           ^
main.c:142:16: warning: unused variable 'val2' [-Wunused-variable]
     uint8 val, val2;
                ^
arm-none-eabi-ar.exe -rs .\CortexM0\ARM_GCC_541\Debug\SA-200.a .\CortexM0\ARM_GCC_541\Debug\I2C.o .\CortexM0\ARM_GCC_541\Debug\I2C_I2C_INT.o .\CortexM0\ARM_GCC_541\Debug\I2C_I2C.o .\CortexM0\ARM_GCC_541\Debug\I2C_I2C_BOOT.o .\CortexM0\ARM_GCC_541\Debug\I2C_PM.o .\CortexM0\ARM_GCC_541\Debug\I2C_BOOT.o .\CortexM0\ARM_GCC_541\Debug\I2C_I2C_MASTER.o .\CortexM0\ARM_GCC_541\Debug\I2C_SCBCLK.o .\CortexM0\ARM_GCC_541\Debug\I2C_sda.o .\CortexM0\ARM_GCC_541\Debug\I2C_sda_PM.o .\CortexM0\ARM_GCC_541\Debug\I2C_scl.o .\CortexM0\ARM_GCC_541\Debug\I2C_scl_PM.o .\CortexM0\ARM_GCC_541\Debug\I2C_SCB_IRQ.o .\CortexM0\ARM_GCC_541\Debug\CyFlash.o .\CortexM0\ARM_GCC_541\Debug\CyLib.o .\CortexM0\ARM_GCC_541\Debug\cyPm.o .\CortexM0\ARM_GCC_541\Debug\cyutils.o .\CortexM0\ARM_GCC_541\Debug\CyDMA.o .\CortexM0\ARM_GCC_541\Debug\CyLFClk.o .\CortexM0\ARM_GCC_541\Debug\cy_em_eeprom.o .\CortexM0\ARM_GCC_541\Debug\LED.o .\CortexM0\ARM_GCC_541\Debug\LED_PM.o .\CortexM0\ARM_GCC_541\Debug\SW.o .\CortexM0\ARM_GCC_541\Debug\SW_PM.o .\CortexM0\ARM_GCC_541\Debug\CSD.o .\CortexM0\ARM_GCC_541\Debug\CSD_PM.o .\CortexM0\ARM_GCC_541\Debug\TXEN.o .\CortexM0\ARM_GCC_541\Debug\TXEN_PM.o .\CortexM0\ARM_GCC_541\Debug\PG_3V3.o .\CortexM0\ARM_GCC_541\Debug\PG_3V3_PM.o .\CortexM0\ARM_GCC_541\Debug\CPS.o .\CortexM0\ARM_GCC_541\Debug\CPS_PM.o .\CortexM0\ARM_GCC_541\Debug\UART2.o .\CortexM0\ARM_GCC_541\Debug\UART2_PM.o .\CortexM0\ARM_GCC_541\Debug\UART2_INT.o .\CortexM0\ARM_GCC_541\Debug\UART2_BOOT.o .\CortexM0\ARM_GCC_541\Debug\UART2_IntClock.o .\CortexM0\ARM_GCC_541\Debug\ModbusUART.o .\CortexM0\ARM_GCC_541\Debug\ModbusUART_SPI_UART.o .\CortexM0\ARM_GCC_541\Debug\ModbusUART_SPI_UART_INT.o .\CortexM0\ARM_GCC_541\Debug\ModbusUART_PM.o .\CortexM0\ARM_GCC_541\Debug\ModbusUART_UART.o .\CortexM0\ARM_GCC_541\Debug\ModbusUART_BOOT.o .\CortexM0\ARM_GCC_541\Debug\ModbusUART_UART_BOOT.o .\CortexM0\ARM_GCC_541\Debug\isr_ModbusByteIn.o .\CortexM0\ARM_GCC_541\Debug\ModbusUART_SCBCLK.o .\CortexM0\ARM_GCC_541\Debug\ModbusUART_tx.o .\CortexM0\ARM_GCC_541\Debug\ModbusUART_tx_PM.o .\CortexM0\ARM_GCC_541\Debug\isr_SW.o .\CortexM0\ARM_GCC_541\Debug\Clock_1.o .\CortexM0\ARM_GCC_541\Debug\ModbusUART_rx_wake.o .\CortexM0\ARM_GCC_541\Debug\ModbusUART_rx_wake_PM.o .\CortexM0\ARM_GCC_541\Debug\ModbusUART_RX_WAKEUP_IRQ.o .\CortexM0\ARM_GCC_541\Debug\blue.o .\CortexM0\ARM_GCC_541\Debug\blue_gatt.o .\CortexM0\ARM_GCC_541\Debug\blue_eventHandler.o .\CortexM0\ARM_GCC_541\Debug\blue_HAL_INT.o .\CortexM0\ARM_GCC_541\Debug\blue_HAL_PVT.o .\CortexM0\ARM_GCC_541\Debug\blue_dis.o .\CortexM0\ARM_GCC_541\Debug\blue_custom.o .\CortexM0\ARM_GCC_541\Debug\blue_bless_isr.o .\CortexM0\ARM_GCC_541\Debug\LED2.o .\CortexM0\ARM_GCC_541\Debug\LED2_PM.o .\CortexM0\ARM_GCC_541\Debug\LED3.o .\CortexM0\ARM_GCC_541\Debug\LED3_PM.o .\CortexM0\ARM_GCC_541\Debug\BLETimer.o .\CortexM0\ARM_GCC_541\Debug\BLETimer_PM.o .\CortexM0\ARM_GCC_541\Debug\isr_BLE.o .\CortexM0\ARM_GCC_541\Debug\Bootloadable.o .\CortexM0\ARM_GCC_541\Debug\WdtIsr.o .\CortexM0\ARM_GCC_541\Debug\MessageTimer.o .\CortexM0\ARM_GCC_541\Debug\MessageTimer_PM.o .\CortexM0\ARM_GCC_541\Debug\isr_NewMessage.o .\CortexM0\ARM_GCC_541\Debug\byteIn2.o .\CortexM0\ARM_GCC_541\Debug\Pin_1.o .\CortexM0\ARM_GCC_541\Debug\Pin_1_PM.o .\CortexM0\ARM_GCC_541\Debug\Pin_10.o .\CortexM0\ARM_GCC_541\Debug\Pin_10_PM.o .\CortexM0\ARM_GCC_541\Debug\Pin_9.o .\CortexM0\ARM_GCC_541\Debug\Pin_9_PM.o .\CortexM0\ARM_GCC_541\Debug\Pin_8.o .\CortexM0\ARM_GCC_541\Debug\Pin_8_PM.o .\CortexM0\ARM_GCC_541\Debug\Pin_7.o .\CortexM0\ARM_GCC_541\Debug\Pin_7_PM.o .\CortexM0\ARM_GCC_541\Debug\Pin_6.o .\CortexM0\ARM_GCC_541\Debug\Pin_6_PM.o .\CortexM0\ARM_GCC_541\Debug\Pin_5.o .\CortexM0\ARM_GCC_541\Debug\Pin_5_PM.o .\CortexM0\ARM_GCC_541\Debug\Pin_4.o .\CortexM0\ARM_GCC_541\Debug\Pin_4_PM.o .\CortexM0\ARM_GCC_541\Debug\Pin_3.o .\CortexM0\ARM_GCC_541\Debug\Pin_3_PM.o .\CortexM0\ARM_GCC_541\Debug\Pin_2.o .\CortexM0\ARM_GCC_541\Debug\Pin_2_PM.o .\CortexM0\ARM_GCC_541\Debug\CyBootAsmGnu.o
arm-none-eabi-ar.exe: creating .\CortexM0\ARM_GCC_541\Debug\SA-200.a
arm-none-eabi-gcc.exe -Wl,--start-group -o C:\WORK\TESTs\Psoc4BLEEval\SA-200.cydsn\CortexM0\ARM_GCC_541\Debug\SA-200.elf .\CortexM0\ARM_GCC_541\Debug\main.o .\CortexM0\ARM_GCC_541\Debug\interrupts.o .\CortexM0\ARM_GCC_541\Debug\modbus.o .\CortexM0\ARM_GCC_541\Debug\runtime.o .\CortexM0\ARM_GCC_541\Debug\sensor.o .\CortexM0\ARM_GCC_541\Debug\i2c_master.o .\CortexM0\ARM_GCC_541\Debug\cyfitter_cfg.o .\CortexM0\ARM_GCC_541\Debug\cymetadata.o .\CortexM0\ARM_GCC_541\Debug\Cm0Start.o .\CortexM0\ARM_GCC_541\Debug\cybootloader.o .\CortexM0\ARM_GCC_541\Debug\SA-200.a "C:\Program Files (x86)\Cypress\PSoC Creator\4.4\PSoC Creator\psoc\content\CyComponentLibrary\CyComponentLibrary.cylib\BLE_v3_40\Library\gccCyBLEStack_BLE_SOC_PERIPHERAL.a" -mcpu=cortex-m0 -mthumb -L Generated_Source\PSoC4 -Wl,-Map,.\CortexM0\ARM_GCC_541\Debug/SA-200.map -T Generated_Source\PSoC4\cm0gcc.ld -specs=nano.specs -Wl,--gc-sections -g -ffunction-sections -O0 -ffat-lto-objects -Wl,--end-group
cyelftool.exe -B C:\WORK\TESTs\Psoc4BLEEval\SA-200.cydsn\CortexM0\ARM_GCC_541\Debug\SA-200.elf --flash_row_size 256 --flash_size 262144 --flash_offset 0x00000000 --flash_array_size 131072
No ELF section .cychecksum found, creating one
Application checksum calculated and stored in ELF section .cychecksum
Checksum calculated and stored in ELF section .cymeta
cyelftool.exe -S C:\WORK\TESTs\Psoc4BLEEval\SA-200.cydsn\CortexM0\ARM_GCC_541\Debug\SA-200.elf
Flash used: 115918 of 262144 bytes (44.2%). Bootloader: 7168 bytes. Application: 108494 bytes. Metadata: 256 bytes.
SRAM used: 14124 of 32768 bytes (43.1%). Stack: 2048 bytes. Heap: 640 bytes.
--------------- Build Succeeded: 02/20/2025 15:22:30 ---------------
