ARM GAS  C:\Users\alexport\AppData\Local\Temp\ccKOBzUH.s 			page 1


   1              		.syntax unified
   2              		.cpu cortex-m0
   3              		.fpu softvfp
   4              		.eabi_attribute 20, 1
   5              		.eabi_attribute 21, 1
   6              		.eabi_attribute 23, 3
   7              		.eabi_attribute 24, 1
   8              		.eabi_attribute 25, 1
   9              		.eabi_attribute 26, 1
  10              		.eabi_attribute 30, 6
  11              		.eabi_attribute 34, 0
  12              		.eabi_attribute 18, 4
  13              		.thumb
  14              		.syntax unified
  15              		.file	"Cm0Start.c"
  16              		.text
  17              	.Ltext0:
  18              		.cfi_sections	.debug_frame
  19              		.section	.noinit,"aw",%progbits
  20              		.align	2
  21              		.type	cySysNoInitDataValid, %object
  22              		.size	cySysNoInitDataValid, 4
  23              	cySysNoInitDataValid:
  24 0000 00000000 		.space	4
  25              		.global	cyBtldrRunType
  26              		.section	.bootloaderruntype,"aw",%progbits
  27              		.align	2
  28              		.type	cyBtldrRunType, %object
  29              		.size	cyBtldrRunType, 4
  30              	cyBtldrRunType:
  31 0000 00000000 		.space	4
  32              		.section	.text.IntDefaultHandler,"ax",%progbits
  33              		.align	2
  34              		.global	IntDefaultHandler
  35              		.code	16
  36              		.thumb_func
  37              		.type	IntDefaultHandler, %function
  38              	IntDefaultHandler:
  39              	.LFB2:
  40              		.file 1 "Generated_Source\\PSoC4\\Cm0Start.c"
   1:Generated_Source\PSoC4/Cm0Start.c **** /***************************************************************************//**
   2:Generated_Source\PSoC4/Cm0Start.c **** * \file Cm0Start.c
   3:Generated_Source\PSoC4/Cm0Start.c **** * \version 6.10
   4:Generated_Source\PSoC4/Cm0Start.c **** *
   5:Generated_Source\PSoC4/Cm0Start.c **** * \brief Startup code for the ARM CM0.
   6:Generated_Source\PSoC4/Cm0Start.c **** *
   7:Generated_Source\PSoC4/Cm0Start.c **** ********************************************************************************
   8:Generated_Source\PSoC4/Cm0Start.c **** * \copyright
   9:Generated_Source\PSoC4/Cm0Start.c **** * Copyright 2010-2021, Cypress Semiconductor Corporation.  All rights reserved.
  10:Generated_Source\PSoC4/Cm0Start.c **** * You may use this file only in accordance with the license, terms, conditions,
  11:Generated_Source\PSoC4/Cm0Start.c **** * disclaimers, and limitations in the end user license agreement accompanying
  12:Generated_Source\PSoC4/Cm0Start.c **** * the software package with which this file was provided.
  13:Generated_Source\PSoC4/Cm0Start.c **** *******************************************************************************/
  14:Generated_Source\PSoC4/Cm0Start.c **** 
  15:Generated_Source\PSoC4/Cm0Start.c **** #include <limits.h>
  16:Generated_Source\PSoC4/Cm0Start.c **** #include "cydevice_trm.h"
  17:Generated_Source\PSoC4/Cm0Start.c **** #include "cytypes.h"
ARM GAS  C:\Users\alexport\AppData\Local\Temp\ccKOBzUH.s 			page 2


  18:Generated_Source\PSoC4/Cm0Start.c **** #include "cyfitter_cfg.h"
  19:Generated_Source\PSoC4/Cm0Start.c **** #include "CyLib.h"
  20:Generated_Source\PSoC4/Cm0Start.c **** #include "cyfitter.h"
  21:Generated_Source\PSoC4/Cm0Start.c **** #include "cyapicallbacks.h"
  22:Generated_Source\PSoC4/Cm0Start.c **** 
  23:Generated_Source\PSoC4/Cm0Start.c **** #define CY_NUM_VECTORS              (CY_INT_IRQ_BASE + CY_NUM_INTERRUPTS)
  24:Generated_Source\PSoC4/Cm0Start.c **** 
  25:Generated_Source\PSoC4/Cm0Start.c **** #if (CY_IP_CPUSS_CM0)
  26:Generated_Source\PSoC4/Cm0Start.c ****     #define CY_CPUSS_CONFIG_VECT_IN_RAM (( uint32 ) 0x01)
  27:Generated_Source\PSoC4/Cm0Start.c **** #endif /* (CY_IP_CPUSS_CM0) */
  28:Generated_Source\PSoC4/Cm0Start.c **** 
  29:Generated_Source\PSoC4/Cm0Start.c **** 
  30:Generated_Source\PSoC4/Cm0Start.c **** #if (CY_IP_CPUSS_CM0)
  31:Generated_Source\PSoC4/Cm0Start.c ****     /* CPUSS Configuration register */
  32:Generated_Source\PSoC4/Cm0Start.c ****     #define CY_CPUSS_CONFIG_REG         (*(reg32 *) CYREG_CPUSS_CONFIG)
  33:Generated_Source\PSoC4/Cm0Start.c ****     #define CY_CPUSS_CONFIG_PTR         ( (reg32 *) CYREG_CPUSS_CONFIG)
  34:Generated_Source\PSoC4/Cm0Start.c **** #endif /* (CY_IP_CPUSS_CM0) */
  35:Generated_Source\PSoC4/Cm0Start.c **** 
  36:Generated_Source\PSoC4/Cm0Start.c **** 
  37:Generated_Source\PSoC4/Cm0Start.c **** #if defined (__ICCARM__)
  38:Generated_Source\PSoC4/Cm0Start.c ****     #define CY_NUM_ROM_VECTORS      (CY_NUM_VECTORS)
  39:Generated_Source\PSoC4/Cm0Start.c **** #else
  40:Generated_Source\PSoC4/Cm0Start.c ****     #define CY_NUM_ROM_VECTORS      (4u)
  41:Generated_Source\PSoC4/Cm0Start.c **** #endif  /* defined (__ICCARM__) */
  42:Generated_Source\PSoC4/Cm0Start.c **** 
  43:Generated_Source\PSoC4/Cm0Start.c **** /* Vector table address in SRAM */
  44:Generated_Source\PSoC4/Cm0Start.c **** #define CY_CPUSS_CONFIG_VECT_ADDR_IN_RAM    (0x20000000u)
  45:Generated_Source\PSoC4/Cm0Start.c **** 
  46:Generated_Source\PSoC4/Cm0Start.c **** #ifndef CY_SYS_INITIAL_STACK_POINTER
  47:Generated_Source\PSoC4/Cm0Start.c **** 
  48:Generated_Source\PSoC4/Cm0Start.c ****     #if defined(__ARMCC_VERSION)
  49:Generated_Source\PSoC4/Cm0Start.c ****         #define CY_SYS_INITIAL_STACK_POINTER ((cyisraddress)(uint32)&Image$$ARM_LIB_STACK$$ZI$$Limi
  50:Generated_Source\PSoC4/Cm0Start.c ****     #elif defined (__GNUC__)
  51:Generated_Source\PSoC4/Cm0Start.c ****         #define CY_SYS_INITIAL_STACK_POINTER (&__cy_stack)
  52:Generated_Source\PSoC4/Cm0Start.c ****     #elif defined (__ICCARM__)
  53:Generated_Source\PSoC4/Cm0Start.c ****         #pragma language=extended
  54:Generated_Source\PSoC4/Cm0Start.c ****         #pragma segment="CSTACK"
  55:Generated_Source\PSoC4/Cm0Start.c ****         #define CY_SYS_INITIAL_STACK_POINTER  { .__ptr = __sfe( "CSTACK" ) }
  56:Generated_Source\PSoC4/Cm0Start.c **** 
  57:Generated_Source\PSoC4/Cm0Start.c ****         extern void __iar_program_start( void );
  58:Generated_Source\PSoC4/Cm0Start.c ****         extern void __iar_data_init3 (void);
  59:Generated_Source\PSoC4/Cm0Start.c ****     #endif  /* (__ARMCC_VERSION) */
  60:Generated_Source\PSoC4/Cm0Start.c **** 
  61:Generated_Source\PSoC4/Cm0Start.c **** #endif /* CY_SYS_INITIAL_STACK_POINTER */
  62:Generated_Source\PSoC4/Cm0Start.c **** 
  63:Generated_Source\PSoC4/Cm0Start.c **** 
  64:Generated_Source\PSoC4/Cm0Start.c **** #if defined(__GNUC__)
  65:Generated_Source\PSoC4/Cm0Start.c ****     #include <errno.h>
  66:Generated_Source\PSoC4/Cm0Start.c ****     extern int  end;
  67:Generated_Source\PSoC4/Cm0Start.c **** #endif  /* defined(__GNUC__) */
  68:Generated_Source\PSoC4/Cm0Start.c **** 
  69:Generated_Source\PSoC4/Cm0Start.c **** /* Extern functions */
  70:Generated_Source\PSoC4/Cm0Start.c **** extern void CyBtldr_CheckLaunch(void);
  71:Generated_Source\PSoC4/Cm0Start.c **** 
  72:Generated_Source\PSoC4/Cm0Start.c **** /* Function prototypes */
  73:Generated_Source\PSoC4/Cm0Start.c **** void initialize_psoc(void);
  74:Generated_Source\PSoC4/Cm0Start.c **** 
ARM GAS  C:\Users\alexport\AppData\Local\Temp\ccKOBzUH.s 			page 3


  75:Generated_Source\PSoC4/Cm0Start.c **** /* Global variables */
  76:Generated_Source\PSoC4/Cm0Start.c **** #if !defined (__ICCARM__)
  77:Generated_Source\PSoC4/Cm0Start.c ****     CY_NOINIT static uint32 cySysNoInitDataValid;
  78:Generated_Source\PSoC4/Cm0Start.c **** #endif  /* !defined (__ICCARM__) */
  79:Generated_Source\PSoC4/Cm0Start.c **** 
  80:Generated_Source\PSoC4/Cm0Start.c **** 
  81:Generated_Source\PSoC4/Cm0Start.c **** #if (CYDEV_PROJ_TYPE != CYDEV_PROJ_TYPE_STANDARD)
  82:Generated_Source\PSoC4/Cm0Start.c **** 
  83:Generated_Source\PSoC4/Cm0Start.c ****     /*******************************************************************************
  84:Generated_Source\PSoC4/Cm0Start.c ****     This variable is used by the Bootloader/Bootloadable components to schedule
  85:Generated_Source\PSoC4/Cm0Start.c ****     what application will be started after a software reset.
  86:Generated_Source\PSoC4/Cm0Start.c ****     *******************************************************************************/
  87:Generated_Source\PSoC4/Cm0Start.c ****     #if (__ARMCC_VERSION)
  88:Generated_Source\PSoC4/Cm0Start.c ****         __attribute__ ((section(".bootloaderruntype"), zero_init))
  89:Generated_Source\PSoC4/Cm0Start.c ****     #elif defined (__GNUC__)
  90:Generated_Source\PSoC4/Cm0Start.c ****         __attribute__ ((section(".bootloaderruntype")))
  91:Generated_Source\PSoC4/Cm0Start.c ****     #elif defined (__ICCARM__)
  92:Generated_Source\PSoC4/Cm0Start.c ****         #pragma location=".bootloaderruntype"
  93:Generated_Source\PSoC4/Cm0Start.c ****     #endif /* (__ARMCC_VERSION) */
  94:Generated_Source\PSoC4/Cm0Start.c ****     volatile uint32 cyBtldrRunType;
  95:Generated_Source\PSoC4/Cm0Start.c **** 
  96:Generated_Source\PSoC4/Cm0Start.c **** #endif  /* (CYDEV_PROJ_TYPE != CYDEV_PROJ_TYPE_STANDARD) */
  97:Generated_Source\PSoC4/Cm0Start.c **** 
  98:Generated_Source\PSoC4/Cm0Start.c **** 
  99:Generated_Source\PSoC4/Cm0Start.c **** /*******************************************************************************
 100:Generated_Source\PSoC4/Cm0Start.c **** * Function Name: IntDefaultHandler
 101:Generated_Source\PSoC4/Cm0Start.c **** ****************************************************************************//**
 102:Generated_Source\PSoC4/Cm0Start.c **** *
 103:Generated_Source\PSoC4/Cm0Start.c **** *  This function is called for all interrupts, other than a reset that is called
 104:Generated_Source\PSoC4/Cm0Start.c **** *  before the system is setup.
 105:Generated_Source\PSoC4/Cm0Start.c **** *
 106:Generated_Source\PSoC4/Cm0Start.c **** *******************************************************************************/
 107:Generated_Source\PSoC4/Cm0Start.c **** CY_NORETURN
 108:Generated_Source\PSoC4/Cm0Start.c **** CY_ISR(IntDefaultHandler)
 109:Generated_Source\PSoC4/Cm0Start.c **** {
  41              		.loc 1 109 0
  42              		.cfi_startproc
  43              		@ args = 0, pretend = 0, frame = 0
  44              		@ frame_needed = 1, uses_anonymous_args = 0
  45 0000 80B5     		push	{r7, lr}
  46              		.cfi_def_cfa_offset 8
  47              		.cfi_offset 7, -8
  48              		.cfi_offset 14, -4
  49 0002 00AF     		add	r7, sp, #0
  50              		.cfi_def_cfa_register 7
 110:Generated_Source\PSoC4/Cm0Start.c ****     /***************************************************************************
 111:Generated_Source\PSoC4/Cm0Start.c ****     * We must not get here. If we do, a serious problem occurs, so go into
 112:Generated_Source\PSoC4/Cm0Start.c ****     * an infinite loop.
 113:Generated_Source\PSoC4/Cm0Start.c ****     ***************************************************************************/
 114:Generated_Source\PSoC4/Cm0Start.c **** 
 115:Generated_Source\PSoC4/Cm0Start.c ****     #if defined(__GNUC__)
 116:Generated_Source\PSoC4/Cm0Start.c ****         if (errno == ENOMEM)
  51              		.loc 1 116 0
  52 0004 FFF7FEFF 		bl	__errno
  53 0008 0300     		movs	r3, r0
  54 000a 1B68     		ldr	r3, [r3]
  55 000c 0C2B     		cmp	r3, #12
ARM GAS  C:\Users\alexport\AppData\Local\Temp\ccKOBzUH.s 			page 4


  56 000e 00D1     		bne	.L2
  57              	.L3:
 117:Generated_Source\PSoC4/Cm0Start.c ****         {
 118:Generated_Source\PSoC4/Cm0Start.c ****             #ifdef CY_BOOT_INT_DEFAULT_HANDLER_ENOMEM_EXCEPTION_CALLBACK
 119:Generated_Source\PSoC4/Cm0Start.c ****                 CyBoot_IntDefaultHandler_Enomem_Exception_Callback();
 120:Generated_Source\PSoC4/Cm0Start.c ****             #endif /* CY_BOOT_INT_DEFAULT_HANDLER_ENOMEM_EXCEPTION_CALLBACK */
 121:Generated_Source\PSoC4/Cm0Start.c ****             
 122:Generated_Source\PSoC4/Cm0Start.c ****             while(1)
 123:Generated_Source\PSoC4/Cm0Start.c ****             {
 124:Generated_Source\PSoC4/Cm0Start.c ****                 /* Out Of Heap Space
 125:Generated_Source\PSoC4/Cm0Start.c ****                  * This can be increased in the System tab of the Design Wide Resources.
 126:Generated_Source\PSoC4/Cm0Start.c ****                  */
 127:Generated_Source\PSoC4/Cm0Start.c ****             }
  58              		.loc 1 127 0 discriminator 1
  59 0010 FEE7     		b	.L3
  60              	.L2:
 128:Generated_Source\PSoC4/Cm0Start.c ****         }
 129:Generated_Source\PSoC4/Cm0Start.c ****         else
 130:Generated_Source\PSoC4/Cm0Start.c ****     #endif
 131:Generated_Source\PSoC4/Cm0Start.c ****         {
 132:Generated_Source\PSoC4/Cm0Start.c ****             #ifdef CY_BOOT_INT_DEFAULT_HANDLER_EXCEPTION_ENTRY_CALLBACK
 133:Generated_Source\PSoC4/Cm0Start.c ****                 CyBoot_IntDefaultHandler_Exception_EntryCallback();
 134:Generated_Source\PSoC4/Cm0Start.c ****             #endif /* CY_BOOT_INT_DEFAULT_HANDLER_EXCEPTION_ENTRY_CALLBACK */
 135:Generated_Source\PSoC4/Cm0Start.c **** 
 136:Generated_Source\PSoC4/Cm0Start.c ****             while(1)
 137:Generated_Source\PSoC4/Cm0Start.c ****             {
 138:Generated_Source\PSoC4/Cm0Start.c **** 
 139:Generated_Source\PSoC4/Cm0Start.c ****             }
  61              		.loc 1 139 0 discriminator 2
  62 0012 FEE7     		b	.L2
  63              		.cfi_endproc
  64              	.LFE2:
  65              		.size	IntDefaultHandler, .-IntDefaultHandler
  66              		.section	.text._exit,"ax",%progbits
  67              		.align	2
  68              		.weak	_exit
  69              		.code	16
  70              		.thumb_func
  71              		.type	_exit, %function
  72              	_exit:
  73              	.LFB3:
 140:Generated_Source\PSoC4/Cm0Start.c ****         }
 141:Generated_Source\PSoC4/Cm0Start.c **** }
 142:Generated_Source\PSoC4/Cm0Start.c **** 
 143:Generated_Source\PSoC4/Cm0Start.c **** #if defined(__ARMCC_VERSION)
 144:Generated_Source\PSoC4/Cm0Start.c **** 
 145:Generated_Source\PSoC4/Cm0Start.c **** /* Local function for device reset. */
 146:Generated_Source\PSoC4/Cm0Start.c **** extern void Reset(void);
 147:Generated_Source\PSoC4/Cm0Start.c **** 
 148:Generated_Source\PSoC4/Cm0Start.c **** /* Application entry point. */
 149:Generated_Source\PSoC4/Cm0Start.c **** extern void $Super$$main(void);
 150:Generated_Source\PSoC4/Cm0Start.c **** 
 151:Generated_Source\PSoC4/Cm0Start.c **** /* Linker-generated Stack Base addresses, Two Region and One Region */
 152:Generated_Source\PSoC4/Cm0Start.c **** extern unsigned long Image$$ARM_LIB_STACK$$ZI$$Limit;
 153:Generated_Source\PSoC4/Cm0Start.c **** 
 154:Generated_Source\PSoC4/Cm0Start.c **** /* RealView C Library initialization. */
 155:Generated_Source\PSoC4/Cm0Start.c **** extern int __main(void);
ARM GAS  C:\Users\alexport\AppData\Local\Temp\ccKOBzUH.s 			page 5


 156:Generated_Source\PSoC4/Cm0Start.c **** 
 157:Generated_Source\PSoC4/Cm0Start.c **** 
 158:Generated_Source\PSoC4/Cm0Start.c **** /*******************************************************************************
 159:Generated_Source\PSoC4/Cm0Start.c **** * Function Name: Reset
 160:Generated_Source\PSoC4/Cm0Start.c **** ****************************************************************************//**
 161:Generated_Source\PSoC4/Cm0Start.c **** *
 162:Generated_Source\PSoC4/Cm0Start.c **** * This function handles the reset interrupt for the MDK toolchains.
 163:Generated_Source\PSoC4/Cm0Start.c **** * This is the first bit of code that is executed at startup.
 164:Generated_Source\PSoC4/Cm0Start.c **** *
 165:Generated_Source\PSoC4/Cm0Start.c **** *******************************************************************************/
 166:Generated_Source\PSoC4/Cm0Start.c **** void Reset(void)
 167:Generated_Source\PSoC4/Cm0Start.c **** {
 168:Generated_Source\PSoC4/Cm0Start.c ****     #if (CYDEV_PROJ_TYPE == CYDEV_PROJ_TYPE_LOADABLE || CYDEV_PROJ_TYPE == CYDEV_PROJ_TYPE_LOADABLE
 169:Generated_Source\PSoC4/Cm0Start.c ****         /* The bootloadable application image is started at Reset() handler
 170:Generated_Source\PSoC4/Cm0Start.c ****         * as a result of a branch instruction execution from the bootloader.
 171:Generated_Source\PSoC4/Cm0Start.c ****         * So, the stack pointer needs to be reset to be sure that
 172:Generated_Source\PSoC4/Cm0Start.c ****         * there is no garbage in the stack.
 173:Generated_Source\PSoC4/Cm0Start.c ****         */
 174:Generated_Source\PSoC4/Cm0Start.c ****         register uint32_t msp __asm("msp");
 175:Generated_Source\PSoC4/Cm0Start.c ****         msp = (uint32_t)&Image$$ARM_LIB_STACK$$ZI$$Limit;
 176:Generated_Source\PSoC4/Cm0Start.c ****     #endif /*(CYDEV_PROJ_TYPE == CYDEV_PROJ_TYPE_LOADABLE || CYDEV_PROJ_TYPE == CYDEV_PROJ_TYPE_LOA
 177:Generated_Source\PSoC4/Cm0Start.c **** 
 178:Generated_Source\PSoC4/Cm0Start.c ****     #if(CY_IP_SRSSLT)
 179:Generated_Source\PSoC4/Cm0Start.c ****         CySysWdtDisable();
 180:Generated_Source\PSoC4/Cm0Start.c ****     #endif  /* (CY_IP_SRSSLT) */
 181:Generated_Source\PSoC4/Cm0Start.c **** 
 182:Generated_Source\PSoC4/Cm0Start.c ****     #if ((CYDEV_BOOTLOADER_ENABLE) && (CYDEV_PROJ_TYPE != CYDEV_PROJ_TYPE_LOADABLEANDBOOTLOADER))
 183:Generated_Source\PSoC4/Cm0Start.c ****         CyBtldr_CheckLaunch();
 184:Generated_Source\PSoC4/Cm0Start.c ****     #endif /* ((CYDEV_BOOTLOADER_ENABLE) && (CYDEV_PROJ_TYPE != CYDEV_PROJ_TYPE_LOADABLEANDBOOTLOAD
 185:Generated_Source\PSoC4/Cm0Start.c **** 
 186:Generated_Source\PSoC4/Cm0Start.c ****     __main();
 187:Generated_Source\PSoC4/Cm0Start.c **** }
 188:Generated_Source\PSoC4/Cm0Start.c **** 
 189:Generated_Source\PSoC4/Cm0Start.c **** /*******************************************************************************
 190:Generated_Source\PSoC4/Cm0Start.c **** * Function Name: $Sub$$main
 191:Generated_Source\PSoC4/Cm0Start.c **** ****************************************************************************//**
 192:Generated_Source\PSoC4/Cm0Start.c **** *
 193:Generated_Source\PSoC4/Cm0Start.c **** * This function is called immediately before the users main
 194:Generated_Source\PSoC4/Cm0Start.c **** *
 195:Generated_Source\PSoC4/Cm0Start.c **** *******************************************************************************/
 196:Generated_Source\PSoC4/Cm0Start.c **** __attribute__ ((noreturn, __noinline__))
 197:Generated_Source\PSoC4/Cm0Start.c **** void $Sub$$main(void)
 198:Generated_Source\PSoC4/Cm0Start.c **** {
 199:Generated_Source\PSoC4/Cm0Start.c ****     initialize_psoc();
 200:Generated_Source\PSoC4/Cm0Start.c **** 
 201:Generated_Source\PSoC4/Cm0Start.c ****     /* Call original main */
 202:Generated_Source\PSoC4/Cm0Start.c ****     $Super$$main();
 203:Generated_Source\PSoC4/Cm0Start.c **** 
 204:Generated_Source\PSoC4/Cm0Start.c ****     while (1)
 205:Generated_Source\PSoC4/Cm0Start.c ****     {
 206:Generated_Source\PSoC4/Cm0Start.c ****         /* If main returns it is undefined what we should do. */
 207:Generated_Source\PSoC4/Cm0Start.c ****     }
 208:Generated_Source\PSoC4/Cm0Start.c **** }
 209:Generated_Source\PSoC4/Cm0Start.c **** 
 210:Generated_Source\PSoC4/Cm0Start.c **** #elif defined(__GNUC__)
 211:Generated_Source\PSoC4/Cm0Start.c **** 
 212:Generated_Source\PSoC4/Cm0Start.c **** /* Stack Base address */
ARM GAS  C:\Users\alexport\AppData\Local\Temp\ccKOBzUH.s 			page 6


 213:Generated_Source\PSoC4/Cm0Start.c **** extern void __cy_stack(void);
 214:Generated_Source\PSoC4/Cm0Start.c **** 
 215:Generated_Source\PSoC4/Cm0Start.c **** /* Application entry point. */
 216:Generated_Source\PSoC4/Cm0Start.c **** extern int main(void);
 217:Generated_Source\PSoC4/Cm0Start.c **** 
 218:Generated_Source\PSoC4/Cm0Start.c **** /* The static objects constructors initializer */
 219:Generated_Source\PSoC4/Cm0Start.c **** extern void __libc_init_array(void);
 220:Generated_Source\PSoC4/Cm0Start.c **** 
 221:Generated_Source\PSoC4/Cm0Start.c **** typedef unsigned char __cy_byte_align8 __attribute ((aligned (8)));
 222:Generated_Source\PSoC4/Cm0Start.c **** 
 223:Generated_Source\PSoC4/Cm0Start.c **** struct __cy_region
 224:Generated_Source\PSoC4/Cm0Start.c **** {
 225:Generated_Source\PSoC4/Cm0Start.c ****     __cy_byte_align8 *init; /* Initial contents of this region.  */
 226:Generated_Source\PSoC4/Cm0Start.c ****     __cy_byte_align8 *data; /* Start address of region.  */
 227:Generated_Source\PSoC4/Cm0Start.c ****     size_t init_size;       /* Size of initial data.  */
 228:Generated_Source\PSoC4/Cm0Start.c ****     size_t zero_size;       /* Additional size to be zeroed.  */
 229:Generated_Source\PSoC4/Cm0Start.c **** };
 230:Generated_Source\PSoC4/Cm0Start.c **** 
 231:Generated_Source\PSoC4/Cm0Start.c **** extern const struct __cy_region __cy_regions[];
 232:Generated_Source\PSoC4/Cm0Start.c **** extern const char __cy_region_num __attribute__((weak));
 233:Generated_Source\PSoC4/Cm0Start.c **** #define __cy_region_num ((size_t)&__cy_region_num)
 234:Generated_Source\PSoC4/Cm0Start.c **** 
 235:Generated_Source\PSoC4/Cm0Start.c **** 
 236:Generated_Source\PSoC4/Cm0Start.c **** /*******************************************************************************
 237:Generated_Source\PSoC4/Cm0Start.c **** * System Calls of the Red Hat newlib C Library
 238:Generated_Source\PSoC4/Cm0Start.c **** *******************************************************************************/
 239:Generated_Source\PSoC4/Cm0Start.c **** 
 240:Generated_Source\PSoC4/Cm0Start.c **** 
 241:Generated_Source\PSoC4/Cm0Start.c **** /*******************************************************************************
 242:Generated_Source\PSoC4/Cm0Start.c **** * Function Name: _exit
 243:Generated_Source\PSoC4/Cm0Start.c **** ****************************************************************************//**
 244:Generated_Source\PSoC4/Cm0Start.c **** *
 245:Generated_Source\PSoC4/Cm0Start.c **** * Exit a program without cleaning up files. If your system doesn't provide
 246:Generated_Source\PSoC4/Cm0Start.c **** * this, it is best to avoid linking with subroutines that require it (exit,
 247:Generated_Source\PSoC4/Cm0Start.c **** * system).
 248:Generated_Source\PSoC4/Cm0Start.c **** *
 249:Generated_Source\PSoC4/Cm0Start.c **** * \param status: Status caused program exit.
 250:Generated_Source\PSoC4/Cm0Start.c **** *
 251:Generated_Source\PSoC4/Cm0Start.c **** *******************************************************************************/
 252:Generated_Source\PSoC4/Cm0Start.c **** __attribute__((weak))
 253:Generated_Source\PSoC4/Cm0Start.c **** void _exit(int status)
 254:Generated_Source\PSoC4/Cm0Start.c **** {
  74              		.loc 1 254 0
  75              		.cfi_startproc
  76              		@ args = 0, pretend = 0, frame = 8
  77              		@ frame_needed = 1, uses_anonymous_args = 0
  78 0000 80B5     		push	{r7, lr}
  79              		.cfi_def_cfa_offset 8
  80              		.cfi_offset 7, -8
  81              		.cfi_offset 14, -4
  82 0002 82B0     		sub	sp, sp, #8
  83              		.cfi_def_cfa_offset 16
  84 0004 00AF     		add	r7, sp, #0
  85              		.cfi_def_cfa_register 7
  86 0006 7860     		str	r0, [r7, #4]
 255:Generated_Source\PSoC4/Cm0Start.c ****     CyHalt((uint8) status);
  87              		.loc 1 255 0
ARM GAS  C:\Users\alexport\AppData\Local\Temp\ccKOBzUH.s 			page 7


  88 0008 7B68     		ldr	r3, [r7, #4]
  89 000a DBB2     		uxtb	r3, r3
  90 000c 1800     		movs	r0, r3
  91 000e FFF7FEFF 		bl	CyHalt
  92              	.L5:
 256:Generated_Source\PSoC4/Cm0Start.c **** 
 257:Generated_Source\PSoC4/Cm0Start.c ****     while(1)
 258:Generated_Source\PSoC4/Cm0Start.c ****     {
 259:Generated_Source\PSoC4/Cm0Start.c **** 
 260:Generated_Source\PSoC4/Cm0Start.c ****     }
  93              		.loc 1 260 0 discriminator 1
  94 0012 FEE7     		b	.L5
  95              		.cfi_endproc
  96              	.LFE3:
  97              		.size	_exit, .-_exit
  98              		.section	.text._sbrk,"ax",%progbits
  99              		.align	2
 100              		.weak	_sbrk
 101              		.code	16
 102              		.thumb_func
 103              		.type	_sbrk, %function
 104              	_sbrk:
 105              	.LFB4:
 261:Generated_Source\PSoC4/Cm0Start.c **** }
 262:Generated_Source\PSoC4/Cm0Start.c **** 
 263:Generated_Source\PSoC4/Cm0Start.c **** 
 264:Generated_Source\PSoC4/Cm0Start.c **** /*******************************************************************************
 265:Generated_Source\PSoC4/Cm0Start.c **** * Function Name: _sbrk
 266:Generated_Source\PSoC4/Cm0Start.c **** ****************************************************************************//**
 267:Generated_Source\PSoC4/Cm0Start.c **** *
 268:Generated_Source\PSoC4/Cm0Start.c **** * Increase program data space. As malloc and related functions depend on this,
 269:Generated_Source\PSoC4/Cm0Start.c **** * it is useful to have a working implementation. The following suffices for a
 270:Generated_Source\PSoC4/Cm0Start.c **** * standalone system; it exploits the symbol end automatically defined by the
 271:Generated_Source\PSoC4/Cm0Start.c **** * GNU linker.
 272:Generated_Source\PSoC4/Cm0Start.c **** *
 273:Generated_Source\PSoC4/Cm0Start.c **** * \param nbytes: The number of bytes requested (if the parameter value is positive)
 274:Generated_Source\PSoC4/Cm0Start.c **** * from the heap or returned back to the heap (if the parameter value is
 275:Generated_Source\PSoC4/Cm0Start.c **** * negative).
 276:Generated_Source\PSoC4/Cm0Start.c **** *
 277:Generated_Source\PSoC4/Cm0Start.c **** *******************************************************************************/
 278:Generated_Source\PSoC4/Cm0Start.c **** __attribute__((weak))
 279:Generated_Source\PSoC4/Cm0Start.c **** void * _sbrk (int nbytes)
 280:Generated_Source\PSoC4/Cm0Start.c **** {
 106              		.loc 1 280 0
 107              		.cfi_startproc
 108              		@ args = 0, pretend = 0, frame = 16
 109              		@ frame_needed = 1, uses_anonymous_args = 0
 110 0000 80B5     		push	{r7, lr}
 111              		.cfi_def_cfa_offset 8
 112              		.cfi_offset 7, -8
 113              		.cfi_offset 14, -4
 114 0002 84B0     		sub	sp, sp, #16
 115              		.cfi_def_cfa_offset 24
 116 0004 00AF     		add	r7, sp, #0
 117              		.cfi_def_cfa_register 7
 118 0006 7860     		str	r0, [r7, #4]
 281:Generated_Source\PSoC4/Cm0Start.c ****     extern int  end;            /* Symbol defined by linker map. Start of free memory (as symbol). 
ARM GAS  C:\Users\alexport\AppData\Local\Temp\ccKOBzUH.s 			page 8


 282:Generated_Source\PSoC4/Cm0Start.c ****     void *      returnValue;
 283:Generated_Source\PSoC4/Cm0Start.c **** 
 284:Generated_Source\PSoC4/Cm0Start.c ****     /* The statically held previous end of the heap, with its initialization. */
 285:Generated_Source\PSoC4/Cm0Start.c ****     static uint8 *heapPointer = (uint8 *) &end;                 /* Previous end */
 286:Generated_Source\PSoC4/Cm0Start.c **** 
 287:Generated_Source\PSoC4/Cm0Start.c ****     if (((heapPointer + nbytes) - (uint8 *) &end) <= CYDEV_HEAP_SIZE)
 119              		.loc 1 287 0
 120 0008 104B     		ldr	r3, .L10
 121 000a 1A68     		ldr	r2, [r3]
 122 000c 7B68     		ldr	r3, [r7, #4]
 123 000e D318     		adds	r3, r2, r3
 124 0010 1A00     		movs	r2, r3
 125 0012 0F4B     		ldr	r3, .L10+4
 126 0014 D21A     		subs	r2, r2, r3
 127 0016 A023     		movs	r3, #160
 128 0018 9B00     		lsls	r3, r3, #2
 129 001a 9A42     		cmp	r2, r3
 130 001c 09DC     		bgt	.L7
 288:Generated_Source\PSoC4/Cm0Start.c ****     {
 289:Generated_Source\PSoC4/Cm0Start.c ****         returnValue  = (void *) heapPointer;
 131              		.loc 1 289 0
 132 001e 0B4B     		ldr	r3, .L10
 133 0020 1B68     		ldr	r3, [r3]
 134 0022 FB60     		str	r3, [r7, #12]
 290:Generated_Source\PSoC4/Cm0Start.c ****         heapPointer += nbytes;
 135              		.loc 1 290 0
 136 0024 094B     		ldr	r3, .L10
 137 0026 1A68     		ldr	r2, [r3]
 138 0028 7B68     		ldr	r3, [r7, #4]
 139 002a D218     		adds	r2, r2, r3
 140 002c 074B     		ldr	r3, .L10
 141 002e 1A60     		str	r2, [r3]
 142 0030 07E0     		b	.L8
 143              	.L7:
 291:Generated_Source\PSoC4/Cm0Start.c ****     }
 292:Generated_Source\PSoC4/Cm0Start.c ****     else
 293:Generated_Source\PSoC4/Cm0Start.c ****     {
 294:Generated_Source\PSoC4/Cm0Start.c ****         errno = ENOMEM;
 144              		.loc 1 294 0
 145 0032 FFF7FEFF 		bl	__errno
 146 0036 0300     		movs	r3, r0
 147 0038 0C22     		movs	r2, #12
 148 003a 1A60     		str	r2, [r3]
 295:Generated_Source\PSoC4/Cm0Start.c ****         returnValue = (void *) -1;
 149              		.loc 1 295 0
 150 003c 0123     		movs	r3, #1
 151 003e 5B42     		rsbs	r3, r3, #0
 152 0040 FB60     		str	r3, [r7, #12]
 153              	.L8:
 296:Generated_Source\PSoC4/Cm0Start.c ****     }
 297:Generated_Source\PSoC4/Cm0Start.c **** 
 298:Generated_Source\PSoC4/Cm0Start.c ****     return (returnValue);
 154              		.loc 1 298 0
 155 0042 FB68     		ldr	r3, [r7, #12]
 299:Generated_Source\PSoC4/Cm0Start.c **** }
 156              		.loc 1 299 0
 157 0044 1800     		movs	r0, r3
ARM GAS  C:\Users\alexport\AppData\Local\Temp\ccKOBzUH.s 			page 9


 158 0046 BD46     		mov	sp, r7
 159 0048 04B0     		add	sp, sp, #16
 160              		@ sp needed
 161 004a 80BD     		pop	{r7, pc}
 162              	.L11:
 163              		.align	2
 164              	.L10:
 165 004c 00000000 		.word	heapPointer.4891
 166 0050 00000000 		.word	end
 167              		.cfi_endproc
 168              	.LFE4:
 169              		.size	_sbrk, .-_sbrk
 170              		.section	.text.Start_c,"ax",%progbits
 171              		.align	2
 172              		.global	Start_c
 173              		.code	16
 174              		.thumb_func
 175              		.type	Start_c, %function
 176              	Start_c:
 177              	.LFB5:
 300:Generated_Source\PSoC4/Cm0Start.c **** 
 301:Generated_Source\PSoC4/Cm0Start.c **** 
 302:Generated_Source\PSoC4/Cm0Start.c **** /*******************************************************************************
 303:Generated_Source\PSoC4/Cm0Start.c **** * Function Name: Start_c
 304:Generated_Source\PSoC4/Cm0Start.c **** ****************************************************************************//**
 305:Generated_Source\PSoC4/Cm0Start.c **** *
 306:Generated_Source\PSoC4/Cm0Start.c **** * This function handles initializing the .data and .bss sections in
 307:Generated_Source\PSoC4/Cm0Start.c **** * preparation for running the standard c code.  Once initialization is complete
 308:Generated_Source\PSoC4/Cm0Start.c **** * it will call main().  This function will never return.
 309:Generated_Source\PSoC4/Cm0Start.c **** *
 310:Generated_Source\PSoC4/Cm0Start.c **** *******************************************************************************/
 311:Generated_Source\PSoC4/Cm0Start.c **** void Start_c(void)  __attribute__ ((noreturn, noinline));
 312:Generated_Source\PSoC4/Cm0Start.c **** void Start_c(void)
 313:Generated_Source\PSoC4/Cm0Start.c **** {
 178              		.loc 1 313 0
 179              		.cfi_startproc
 180              		@ args = 0, pretend = 0, frame = 24
 181              		@ frame_needed = 1, uses_anonymous_args = 0
 182 0000 80B5     		push	{r7, lr}
 183              		.cfi_def_cfa_offset 8
 184              		.cfi_offset 7, -8
 185              		.cfi_offset 14, -4
 186 0002 86B0     		sub	sp, sp, #24
 187              		.cfi_def_cfa_offset 32
 188 0004 00AF     		add	r7, sp, #0
 189              		.cfi_def_cfa_register 7
 314:Generated_Source\PSoC4/Cm0Start.c ****     #ifdef CY_BOOT_START_C_CALLBACK
 315:Generated_Source\PSoC4/Cm0Start.c ****         CyBoot_Start_c_Callback();
 316:Generated_Source\PSoC4/Cm0Start.c ****     #else
 317:Generated_Source\PSoC4/Cm0Start.c ****         unsigned regions = __cy_region_num;
 190              		.loc 1 317 0
 191 0006 224B     		ldr	r3, .L20
 192 0008 7B61     		str	r3, [r7, #20]
 318:Generated_Source\PSoC4/Cm0Start.c ****         const struct __cy_region *rptr = __cy_regions;
 193              		.loc 1 318 0
 194 000a 224B     		ldr	r3, .L20+4
 195 000c 3B61     		str	r3, [r7, #16]
ARM GAS  C:\Users\alexport\AppData\Local\Temp\ccKOBzUH.s 			page 10


 319:Generated_Source\PSoC4/Cm0Start.c **** 
 320:Generated_Source\PSoC4/Cm0Start.c ****         /* Initialize memory */
 321:Generated_Source\PSoC4/Cm0Start.c ****         for (regions = __cy_region_num; regions != 0u; regions--)
 196              		.loc 1 321 0
 197 000e 204B     		ldr	r3, .L20
 198 0010 7B61     		str	r3, [r7, #20]
 199 0012 35E0     		b	.L13
 200              	.L18:
 201              	.LBB2:
 322:Generated_Source\PSoC4/Cm0Start.c ****         {
 323:Generated_Source\PSoC4/Cm0Start.c ****             uint32 *src = (uint32 *)rptr->init;
 202              		.loc 1 323 0
 203 0014 3B69     		ldr	r3, [r7, #16]
 204 0016 1B68     		ldr	r3, [r3]
 205 0018 FB60     		str	r3, [r7, #12]
 324:Generated_Source\PSoC4/Cm0Start.c ****             uint32 *dst = (uint32 *)rptr->data;
 206              		.loc 1 324 0
 207 001a 3B69     		ldr	r3, [r7, #16]
 208 001c 5B68     		ldr	r3, [r3, #4]
 209 001e BB60     		str	r3, [r7, #8]
 325:Generated_Source\PSoC4/Cm0Start.c ****             unsigned limit = rptr->init_size;
 210              		.loc 1 325 0
 211 0020 3B69     		ldr	r3, [r7, #16]
 212 0022 9B68     		ldr	r3, [r3, #8]
 213 0024 3B60     		str	r3, [r7]
 326:Generated_Source\PSoC4/Cm0Start.c ****             unsigned count;
 327:Generated_Source\PSoC4/Cm0Start.c **** 
 328:Generated_Source\PSoC4/Cm0Start.c ****             for (count = 0u; count != limit; count += sizeof (uint32))
 214              		.loc 1 328 0
 215 0026 0023     		movs	r3, #0
 216 0028 7B60     		str	r3, [r7, #4]
 217 002a 0CE0     		b	.L14
 218              	.L15:
 329:Generated_Source\PSoC4/Cm0Start.c ****             {
 330:Generated_Source\PSoC4/Cm0Start.c ****                 *dst = *src;
 219              		.loc 1 330 0 discriminator 3
 220 002c FB68     		ldr	r3, [r7, #12]
 221 002e 1A68     		ldr	r2, [r3]
 222 0030 BB68     		ldr	r3, [r7, #8]
 223 0032 1A60     		str	r2, [r3]
 331:Generated_Source\PSoC4/Cm0Start.c ****                 dst++;
 224              		.loc 1 331 0 discriminator 3
 225 0034 BB68     		ldr	r3, [r7, #8]
 226 0036 0433     		adds	r3, r3, #4
 227 0038 BB60     		str	r3, [r7, #8]
 332:Generated_Source\PSoC4/Cm0Start.c ****                 src++;
 228              		.loc 1 332 0 discriminator 3
 229 003a FB68     		ldr	r3, [r7, #12]
 230 003c 0433     		adds	r3, r3, #4
 231 003e FB60     		str	r3, [r7, #12]
 328:Generated_Source\PSoC4/Cm0Start.c ****             {
 232              		.loc 1 328 0 discriminator 3
 233 0040 7B68     		ldr	r3, [r7, #4]
 234 0042 0433     		adds	r3, r3, #4
 235 0044 7B60     		str	r3, [r7, #4]
 236              	.L14:
 328:Generated_Source\PSoC4/Cm0Start.c ****             {
ARM GAS  C:\Users\alexport\AppData\Local\Temp\ccKOBzUH.s 			page 11


 237              		.loc 1 328 0 is_stmt 0 discriminator 1
 238 0046 7A68     		ldr	r2, [r7, #4]
 239 0048 3B68     		ldr	r3, [r7]
 240 004a 9A42     		cmp	r2, r3
 241 004c EED1     		bne	.L15
 333:Generated_Source\PSoC4/Cm0Start.c ****             }
 334:Generated_Source\PSoC4/Cm0Start.c ****             limit = rptr->zero_size;
 242              		.loc 1 334 0 is_stmt 1
 243 004e 3B69     		ldr	r3, [r7, #16]
 244 0050 DB68     		ldr	r3, [r3, #12]
 245 0052 3B60     		str	r3, [r7]
 335:Generated_Source\PSoC4/Cm0Start.c ****             for (count = 0u; count != limit; count += sizeof (uint32))
 246              		.loc 1 335 0
 247 0054 0023     		movs	r3, #0
 248 0056 7B60     		str	r3, [r7, #4]
 249 0058 08E0     		b	.L16
 250              	.L17:
 336:Generated_Source\PSoC4/Cm0Start.c ****             {
 337:Generated_Source\PSoC4/Cm0Start.c ****                 *dst = 0u;
 251              		.loc 1 337 0 discriminator 3
 252 005a BB68     		ldr	r3, [r7, #8]
 253 005c 0022     		movs	r2, #0
 254 005e 1A60     		str	r2, [r3]
 338:Generated_Source\PSoC4/Cm0Start.c ****                 dst++;
 255              		.loc 1 338 0 discriminator 3
 256 0060 BB68     		ldr	r3, [r7, #8]
 257 0062 0433     		adds	r3, r3, #4
 258 0064 BB60     		str	r3, [r7, #8]
 335:Generated_Source\PSoC4/Cm0Start.c ****             for (count = 0u; count != limit; count += sizeof (uint32))
 259              		.loc 1 335 0 discriminator 3
 260 0066 7B68     		ldr	r3, [r7, #4]
 261 0068 0433     		adds	r3, r3, #4
 262 006a 7B60     		str	r3, [r7, #4]
 263              	.L16:
 335:Generated_Source\PSoC4/Cm0Start.c ****             for (count = 0u; count != limit; count += sizeof (uint32))
 264              		.loc 1 335 0 is_stmt 0 discriminator 1
 265 006c 7A68     		ldr	r2, [r7, #4]
 266 006e 3B68     		ldr	r3, [r7]
 267 0070 9A42     		cmp	r2, r3
 268 0072 F2D1     		bne	.L17
 339:Generated_Source\PSoC4/Cm0Start.c ****             }
 340:Generated_Source\PSoC4/Cm0Start.c **** 
 341:Generated_Source\PSoC4/Cm0Start.c ****             rptr++;
 269              		.loc 1 341 0 is_stmt 1 discriminator 2
 270 0074 3B69     		ldr	r3, [r7, #16]
 271 0076 1033     		adds	r3, r3, #16
 272 0078 3B61     		str	r3, [r7, #16]
 273              	.LBE2:
 321:Generated_Source\PSoC4/Cm0Start.c ****         {
 274              		.loc 1 321 0 discriminator 2
 275 007a 7B69     		ldr	r3, [r7, #20]
 276 007c 013B     		subs	r3, r3, #1
 277 007e 7B61     		str	r3, [r7, #20]
 278              	.L13:
 321:Generated_Source\PSoC4/Cm0Start.c ****         {
 279              		.loc 1 321 0 is_stmt 0 discriminator 1
 280 0080 7B69     		ldr	r3, [r7, #20]
ARM GAS  C:\Users\alexport\AppData\Local\Temp\ccKOBzUH.s 			page 12


 281 0082 002B     		cmp	r3, #0
 282 0084 C6D1     		bne	.L18
 342:Generated_Source\PSoC4/Cm0Start.c ****         }
 343:Generated_Source\PSoC4/Cm0Start.c **** 
 344:Generated_Source\PSoC4/Cm0Start.c ****         /* Invoke static objects constructors */
 345:Generated_Source\PSoC4/Cm0Start.c ****         __libc_init_array();
 283              		.loc 1 345 0 is_stmt 1
 284 0086 FFF7FEFF 		bl	__libc_init_array
 346:Generated_Source\PSoC4/Cm0Start.c ****         (void) main();
 285              		.loc 1 346 0
 286 008a FFF7FEFF 		bl	main
 287              	.L19:
 347:Generated_Source\PSoC4/Cm0Start.c **** 
 348:Generated_Source\PSoC4/Cm0Start.c ****         while (1)
 349:Generated_Source\PSoC4/Cm0Start.c ****         {
 350:Generated_Source\PSoC4/Cm0Start.c ****             /* If main returns, make sure we don't return. */
 351:Generated_Source\PSoC4/Cm0Start.c ****         }
 288              		.loc 1 351 0 discriminator 1
 289 008e FEE7     		b	.L19
 290              	.L21:
 291              		.align	2
 292              	.L20:
 293 0090 00000000 		.word	__cy_region_num
 294 0094 00000000 		.word	__cy_regions
 295              		.cfi_endproc
 296              	.LFE5:
 297              		.size	Start_c, .-Start_c
 298              		.section	.text.Reset,"ax",%progbits
 299              		.align	2
 300              		.global	Reset
 301              		.code	16
 302              		.thumb_func
 303              		.type	Reset, %function
 304              	Reset:
 305              	.LFB6:
 352:Generated_Source\PSoC4/Cm0Start.c **** 
 353:Generated_Source\PSoC4/Cm0Start.c ****     #endif /* CY_BOOT_START_C_CALLBACK */
 354:Generated_Source\PSoC4/Cm0Start.c **** }
 355:Generated_Source\PSoC4/Cm0Start.c **** 
 356:Generated_Source\PSoC4/Cm0Start.c **** 
 357:Generated_Source\PSoC4/Cm0Start.c **** /*******************************************************************************
 358:Generated_Source\PSoC4/Cm0Start.c **** * Function Name: Reset
 359:Generated_Source\PSoC4/Cm0Start.c **** ****************************************************************************//**
 360:Generated_Source\PSoC4/Cm0Start.c **** *
 361:Generated_Source\PSoC4/Cm0Start.c **** * This function handles the reset interrupt for the GCC toolchain.  This is
 362:Generated_Source\PSoC4/Cm0Start.c **** * the first bit of code that is executed at startup.
 363:Generated_Source\PSoC4/Cm0Start.c **** *
 364:Generated_Source\PSoC4/Cm0Start.c **** *******************************************************************************/
 365:Generated_Source\PSoC4/Cm0Start.c **** void Reset(void)
 366:Generated_Source\PSoC4/Cm0Start.c **** {
 306              		.loc 1 366 0
 307              		.cfi_startproc
 308              		@ args = 0, pretend = 0, frame = 0
 309              		@ frame_needed = 1, uses_anonymous_args = 0
 310 0000 80B5     		push	{r7, lr}
 311              		.cfi_def_cfa_offset 8
 312              		.cfi_offset 7, -8
ARM GAS  C:\Users\alexport\AppData\Local\Temp\ccKOBzUH.s 			page 13


 313              		.cfi_offset 14, -4
 314 0002 00AF     		add	r7, sp, #0
 315              		.cfi_def_cfa_register 7
 367:Generated_Source\PSoC4/Cm0Start.c ****     #if (CYDEV_PROJ_TYPE == CYDEV_PROJ_TYPE_LOADABLE || CYDEV_PROJ_TYPE == CYDEV_PROJ_TYPE_LOADABLE
 368:Generated_Source\PSoC4/Cm0Start.c **** 
 369:Generated_Source\PSoC4/Cm0Start.c ****         /* The bootloadable application image is started at Reset() handler
 370:Generated_Source\PSoC4/Cm0Start.c ****         * as a result of a branch instruction execution from the bootloader.
 371:Generated_Source\PSoC4/Cm0Start.c ****         * So, the stack pointer needs to be reset to be sure that
 372:Generated_Source\PSoC4/Cm0Start.c ****         * there is no garbage in the stack.
 373:Generated_Source\PSoC4/Cm0Start.c ****         */
 374:Generated_Source\PSoC4/Cm0Start.c ****         __asm volatile ("MSR msp, %0\n" : : "r" ((uint32)&__cy_stack) : "sp");
 316              		.loc 1 374 0
 317 0004 024B     		ldr	r3, .L23
 318              		.syntax divided
 319              	@ 374 "Generated_Source\PSoC4\Cm0Start.c" 1
 320 0006 83F30888 		MSR msp, r3
 321              	
 322              	@ 0 "" 2
 375:Generated_Source\PSoC4/Cm0Start.c ****     #endif /* CYDEV_PROJ_TYPE_LOADABLE */
 376:Generated_Source\PSoC4/Cm0Start.c **** 
 377:Generated_Source\PSoC4/Cm0Start.c ****     #if(CY_IP_SRSSLT)
 378:Generated_Source\PSoC4/Cm0Start.c ****         CySysWdtDisable();
 379:Generated_Source\PSoC4/Cm0Start.c ****     #endif  /* (CY_IP_SRSSLT) */
 380:Generated_Source\PSoC4/Cm0Start.c **** 
 381:Generated_Source\PSoC4/Cm0Start.c ****     #if ((CYDEV_BOOTLOADER_ENABLE) && (CYDEV_PROJ_TYPE != CYDEV_PROJ_TYPE_LOADABLEANDBOOTLOADER))
 382:Generated_Source\PSoC4/Cm0Start.c ****         CyBtldr_CheckLaunch();
 383:Generated_Source\PSoC4/Cm0Start.c ****     #endif /* ((CYDEV_BOOTLOADER_ENABLE) && (CYDEV_PROJ_TYPE != CYDEV_PROJ_TYPE_LOADABLEANDBOOTLOAD
 384:Generated_Source\PSoC4/Cm0Start.c ****     Start_c();
 323              		.loc 1 384 0
 324              		.thumb
 325              		.syntax unified
 326 000a FFF7FEFF 		bl	Start_c
 327              	.L24:
 328 000e C046     		.align	2
 329              	.L23:
 330 0010 00000000 		.word	__cy_stack
 331              		.cfi_endproc
 332              	.LFE6:
 333              		.size	Reset, .-Reset
 334              		.global	CyRamVectors
 335              		.section	.ramvectors,"aw",%progbits
 336              		.align	2
 337              		.type	CyRamVectors, %object
 338              		.size	CyRamVectors, 192
 339              	CyRamVectors:
 340 0000 00000000 		.space	192
 340      00000000 
 340      00000000 
 340      00000000 
 340      00000000 
 341              		.global	RomVectors
 342              		.section	.romvectors,"a",%progbits
 343              		.align	2
 344              		.type	RomVectors, %object
 345              		.size	RomVectors, 16
 346              	RomVectors:
 347 0000 00000000 		.word	__cy_stack
ARM GAS  C:\Users\alexport\AppData\Local\Temp\ccKOBzUH.s 			page 14


 348 0004 00000000 		.word	Reset
 349 0008 00000000 		.word	IntDefaultHandler
 350 000c 00000000 		.word	IntDefaultHandler
 351              		.section	.text.initialize_psoc,"ax",%progbits
 352              		.align	2
 353              		.global	initialize_psoc
 354              		.code	16
 355              		.thumb_func
 356              		.type	initialize_psoc, %function
 357              	initialize_psoc:
 358              	.LFB7:
 385:Generated_Source\PSoC4/Cm0Start.c **** }
 386:Generated_Source\PSoC4/Cm0Start.c **** 
 387:Generated_Source\PSoC4/Cm0Start.c **** #elif defined (__ICCARM__)
 388:Generated_Source\PSoC4/Cm0Start.c **** 
 389:Generated_Source\PSoC4/Cm0Start.c **** 
 390:Generated_Source\PSoC4/Cm0Start.c **** /*******************************************************************************
 391:Generated_Source\PSoC4/Cm0Start.c **** * Function Name: __low_level_init
 392:Generated_Source\PSoC4/Cm0Start.c **** ****************************************************************************//**
 393:Generated_Source\PSoC4/Cm0Start.c **** *
 394:Generated_Source\PSoC4/Cm0Start.c **** * This function performs early initializations for the IAR Embedded
 395:Generated_Source\PSoC4/Cm0Start.c **** * Workbench IDE. It is executed in the context of reset interrupt handler
 396:Generated_Source\PSoC4/Cm0Start.c **** * before the data sections are initialized.
 397:Generated_Source\PSoC4/Cm0Start.c **** *
 398:Generated_Source\PSoC4/Cm0Start.c **** * \return The value that determines whether or not data sections should be
 399:Generated_Source\PSoC4/Cm0Start.c **** * initialized by the system startup code:
 400:Generated_Source\PSoC4/Cm0Start.c **** *    0 - skip data sections initialization;
 401:Generated_Source\PSoC4/Cm0Start.c **** *    1 - initialize data sections;
 402:Generated_Source\PSoC4/Cm0Start.c **** *
 403:Generated_Source\PSoC4/Cm0Start.c **** *******************************************************************************/
 404:Generated_Source\PSoC4/Cm0Start.c **** #pragma inline = never
 405:Generated_Source\PSoC4/Cm0Start.c **** int __low_level_init(void)
 406:Generated_Source\PSoC4/Cm0Start.c **** {
 407:Generated_Source\PSoC4/Cm0Start.c ****     #if(CY_IP_SRSSLT)
 408:Generated_Source\PSoC4/Cm0Start.c ****         CySysWdtDisable();
 409:Generated_Source\PSoC4/Cm0Start.c ****     #endif  /* (CY_IP_SRSSLT) */
 410:Generated_Source\PSoC4/Cm0Start.c **** 
 411:Generated_Source\PSoC4/Cm0Start.c **** #if ((CYDEV_BOOTLOADER_ENABLE) && (CYDEV_PROJ_TYPE != CYDEV_PROJ_TYPE_LOADABLEANDBOOTLOADER))
 412:Generated_Source\PSoC4/Cm0Start.c ****     CyBtldr_CheckLaunch();
 413:Generated_Source\PSoC4/Cm0Start.c **** #endif /* ((CYDEV_BOOTLOADER_ENABLE) && (CYDEV_PROJ_TYPE != CYDEV_PROJ_TYPE_LOADABLEANDBOOTLOADER))
 414:Generated_Source\PSoC4/Cm0Start.c **** 
 415:Generated_Source\PSoC4/Cm0Start.c ****     /* Initialize data sections */
 416:Generated_Source\PSoC4/Cm0Start.c ****     __iar_data_init3();
 417:Generated_Source\PSoC4/Cm0Start.c **** 
 418:Generated_Source\PSoC4/Cm0Start.c ****     initialize_psoc();
 419:Generated_Source\PSoC4/Cm0Start.c **** 
 420:Generated_Source\PSoC4/Cm0Start.c ****     return 0;
 421:Generated_Source\PSoC4/Cm0Start.c **** }
 422:Generated_Source\PSoC4/Cm0Start.c **** 
 423:Generated_Source\PSoC4/Cm0Start.c **** #endif /* __GNUC__ */
 424:Generated_Source\PSoC4/Cm0Start.c **** 
 425:Generated_Source\PSoC4/Cm0Start.c **** 
 426:Generated_Source\PSoC4/Cm0Start.c **** /*******************************************************************************
 427:Generated_Source\PSoC4/Cm0Start.c **** * Ram Interrupt Vector table storage area. Must be placed at 0x20000000.
 428:Generated_Source\PSoC4/Cm0Start.c **** *******************************************************************************/
 429:Generated_Source\PSoC4/Cm0Start.c **** 
 430:Generated_Source\PSoC4/Cm0Start.c **** #if defined (__ICCARM__)
ARM GAS  C:\Users\alexport\AppData\Local\Temp\ccKOBzUH.s 			page 15


 431:Generated_Source\PSoC4/Cm0Start.c ****     #pragma location=".ramvectors"
 432:Generated_Source\PSoC4/Cm0Start.c **** #elif defined (__ARMCC_VERSION)
 433:Generated_Source\PSoC4/Cm0Start.c ****     #ifndef CY_SYS_RAM_VECTOR_SECTION
 434:Generated_Source\PSoC4/Cm0Start.c ****         #define CY_SYS_RAM_VECTOR_SECTION __attribute__((section(".ramvectors"), zero_init))
 435:Generated_Source\PSoC4/Cm0Start.c ****     #endif /* CY_SYS_RAM_VECTOR_SECTION */
 436:Generated_Source\PSoC4/Cm0Start.c ****     CY_SYS_RAM_VECTOR_SECTION    
 437:Generated_Source\PSoC4/Cm0Start.c **** #else
 438:Generated_Source\PSoC4/Cm0Start.c ****     #ifndef CY_SYS_RAM_VECTOR_SECTION
 439:Generated_Source\PSoC4/Cm0Start.c ****         #define CY_SYS_RAM_VECTOR_SECTION CY_SECTION(".ramvectors")
 440:Generated_Source\PSoC4/Cm0Start.c ****     #endif /* CY_SYS_RAM_VECTOR_SECTION */
 441:Generated_Source\PSoC4/Cm0Start.c ****     CY_SYS_RAM_VECTOR_SECTION
 442:Generated_Source\PSoC4/Cm0Start.c **** #endif  /* defined (__ICCARM__) */
 443:Generated_Source\PSoC4/Cm0Start.c **** cyisraddress CyRamVectors[CY_NUM_VECTORS];
 444:Generated_Source\PSoC4/Cm0Start.c **** 
 445:Generated_Source\PSoC4/Cm0Start.c **** 
 446:Generated_Source\PSoC4/Cm0Start.c **** /*******************************************************************************
 447:Generated_Source\PSoC4/Cm0Start.c **** * Rom Interrupt Vector table storage area. Must be 256-byte aligned.
 448:Generated_Source\PSoC4/Cm0Start.c **** *******************************************************************************/
 449:Generated_Source\PSoC4/Cm0Start.c **** 
 450:Generated_Source\PSoC4/Cm0Start.c **** #if defined(__ARMCC_VERSION)
 451:Generated_Source\PSoC4/Cm0Start.c ****     /* Suppress diagnostic message 1296-D: extended constant initialiser used */
 452:Generated_Source\PSoC4/Cm0Start.c ****     #pragma diag_suppress 1296
 453:Generated_Source\PSoC4/Cm0Start.c **** #endif  /* defined(__ARMCC_VERSION) */
 454:Generated_Source\PSoC4/Cm0Start.c **** 
 455:Generated_Source\PSoC4/Cm0Start.c **** #if defined (__ICCARM__)
 456:Generated_Source\PSoC4/Cm0Start.c ****     #pragma location=".romvectors"
 457:Generated_Source\PSoC4/Cm0Start.c ****     const intvec_elem __vector_table[CY_NUM_ROM_VECTORS] =
 458:Generated_Source\PSoC4/Cm0Start.c **** #else
 459:Generated_Source\PSoC4/Cm0Start.c ****     #ifndef CY_SYS_ROM_VECTOR_SECTION
 460:Generated_Source\PSoC4/Cm0Start.c ****         #define CY_SYS_ROM_VECTOR_SECTION CY_SECTION(".romvectors")
 461:Generated_Source\PSoC4/Cm0Start.c ****     #endif /* CY_SYS_ROM_VECTOR_SECTION */
 462:Generated_Source\PSoC4/Cm0Start.c ****     CY_SYS_ROM_VECTOR_SECTION
 463:Generated_Source\PSoC4/Cm0Start.c ****     const cyisraddress RomVectors[CY_NUM_ROM_VECTORS] =
 464:Generated_Source\PSoC4/Cm0Start.c **** #endif  /* defined (__ICCARM__) */
 465:Generated_Source\PSoC4/Cm0Start.c **** {
 466:Generated_Source\PSoC4/Cm0Start.c ****     CY_SYS_INITIAL_STACK_POINTER,   /* The initial stack pointer  0 */
 467:Generated_Source\PSoC4/Cm0Start.c ****     #if defined (__ICCARM__) /* The reset handler          1 */
 468:Generated_Source\PSoC4/Cm0Start.c ****         __iar_program_start,
 469:Generated_Source\PSoC4/Cm0Start.c ****     #else
 470:Generated_Source\PSoC4/Cm0Start.c ****         (cyisraddress)&Reset,
 471:Generated_Source\PSoC4/Cm0Start.c ****     #endif  /* defined (__ICCARM__) */
 472:Generated_Source\PSoC4/Cm0Start.c ****     &IntDefaultHandler,      /* The NMI handler            2 */
 473:Generated_Source\PSoC4/Cm0Start.c ****     &IntDefaultHandler,      /* The hard fault handler     3 */
 474:Generated_Source\PSoC4/Cm0Start.c **** };
 475:Generated_Source\PSoC4/Cm0Start.c **** 
 476:Generated_Source\PSoC4/Cm0Start.c **** #if defined(__ARMCC_VERSION)
 477:Generated_Source\PSoC4/Cm0Start.c ****     #pragma diag_default 1296
 478:Generated_Source\PSoC4/Cm0Start.c **** #endif  /* defined(__ARMCC_VERSION) */
 479:Generated_Source\PSoC4/Cm0Start.c **** 
 480:Generated_Source\PSoC4/Cm0Start.c **** 
 481:Generated_Source\PSoC4/Cm0Start.c **** /*******************************************************************************
 482:Generated_Source\PSoC4/Cm0Start.c **** * Function Name: initialize_psoc
 483:Generated_Source\PSoC4/Cm0Start.c **** ****************************************************************************//**
 484:Generated_Source\PSoC4/Cm0Start.c **** *
 485:Generated_Source\PSoC4/Cm0Start.c **** * This function is used to initialize the PSoC chip before calling main.
 486:Generated_Source\PSoC4/Cm0Start.c **** *
 487:Generated_Source\PSoC4/Cm0Start.c **** *******************************************************************************/
ARM GAS  C:\Users\alexport\AppData\Local\Temp\ccKOBzUH.s 			page 16


 488:Generated_Source\PSoC4/Cm0Start.c **** #if(defined(__GNUC__) && !defined(__ARMCC_VERSION))
 489:Generated_Source\PSoC4/Cm0Start.c **** __attribute__ ((constructor(101)))
 490:Generated_Source\PSoC4/Cm0Start.c **** #endif  /* (defined(__GNUC__) && !defined(__ARMCC_VERSION)) */
 491:Generated_Source\PSoC4/Cm0Start.c **** void initialize_psoc(void)
 492:Generated_Source\PSoC4/Cm0Start.c **** {
 359              		.loc 1 492 0
 360              		.cfi_startproc
 361              		@ args = 0, pretend = 0, frame = 8
 362              		@ frame_needed = 1, uses_anonymous_args = 0
 363 0000 80B5     		push	{r7, lr}
 364              		.cfi_def_cfa_offset 8
 365              		.cfi_offset 7, -8
 366              		.cfi_offset 14, -4
 367 0002 82B0     		sub	sp, sp, #8
 368              		.cfi_def_cfa_offset 16
 369 0004 00AF     		add	r7, sp, #0
 370              		.cfi_def_cfa_register 7
 493:Generated_Source\PSoC4/Cm0Start.c ****     uint32 indexInit;
 494:Generated_Source\PSoC4/Cm0Start.c **** 
 495:Generated_Source\PSoC4/Cm0Start.c ****     #if(CY_IP_CPUSSV2)
 496:Generated_Source\PSoC4/Cm0Start.c ****         #if (CY_IP_CPUSS_CM0)
 497:Generated_Source\PSoC4/Cm0Start.c ****             /***********************************************************************
 498:Generated_Source\PSoC4/Cm0Start.c ****             * Make sure that Vector Table is located at 0000_0000 in Flash, before
 499:Generated_Source\PSoC4/Cm0Start.c ****             * accessing RomVectors or calling functions that may be placed in
 500:Generated_Source\PSoC4/Cm0Start.c ****             * .psocinit (cyfitter_cfg and ClockSetup). Note The CY_CPUSS_CONFIG_REG
 501:Generated_Source\PSoC4/Cm0Start.c ****             * register is retention for the specified device family.
 502:Generated_Source\PSoC4/Cm0Start.c ****             ***********************************************************************/
 503:Generated_Source\PSoC4/Cm0Start.c ****             CY_CPUSS_CONFIG_REG &= (uint32) ~CY_CPUSS_CONFIG_VECT_IN_RAM;
 371              		.loc 1 503 0
 372 0006 194B     		ldr	r3, .L31
 373 0008 184A     		ldr	r2, .L31
 374 000a 1268     		ldr	r2, [r2]
 375 000c 0121     		movs	r1, #1
 376 000e 8A43     		bics	r2, r1
 377 0010 1A60     		str	r2, [r3]
 504:Generated_Source\PSoC4/Cm0Start.c ****         #endif /* (CY_IP_CPUSS_CM0) */
 505:Generated_Source\PSoC4/Cm0Start.c ****     #endif  /* (CY_IP_CPUSSV2) */
 506:Generated_Source\PSoC4/Cm0Start.c **** 
 507:Generated_Source\PSoC4/Cm0Start.c ****     /* Set Ram interrupt vectors to default functions. */
 508:Generated_Source\PSoC4/Cm0Start.c ****     for (indexInit = 0u; indexInit < CY_NUM_VECTORS; indexInit++)
 378              		.loc 1 508 0
 379 0012 0023     		movs	r3, #0
 380 0014 7B60     		str	r3, [r7, #4]
 381 0016 0FE0     		b	.L26
 382              	.L29:
 509:Generated_Source\PSoC4/Cm0Start.c ****     {
 510:Generated_Source\PSoC4/Cm0Start.c ****         CyRamVectors[indexInit] = (indexInit < CY_NUM_ROM_VECTORS) ?
 511:Generated_Source\PSoC4/Cm0Start.c ****             #if defined (__ICCARM__)
 512:Generated_Source\PSoC4/Cm0Start.c ****                 __vector_table[indexInit].__fun : &IntDefaultHandler;
 513:Generated_Source\PSoC4/Cm0Start.c ****             #else
 514:Generated_Source\PSoC4/Cm0Start.c ****                 RomVectors[indexInit] : &IntDefaultHandler;
 383              		.loc 1 514 0
 384 0018 7B68     		ldr	r3, [r7, #4]
 385 001a 032B     		cmp	r3, #3
 386 001c 04D8     		bhi	.L27
 387              		.loc 1 514 0 is_stmt 0 discriminator 1
 388 001e 144B     		ldr	r3, .L31+4
ARM GAS  C:\Users\alexport\AppData\Local\Temp\ccKOBzUH.s 			page 17


 389 0020 7A68     		ldr	r2, [r7, #4]
 390 0022 9200     		lsls	r2, r2, #2
 391 0024 D358     		ldr	r3, [r2, r3]
 392 0026 00E0     		b	.L28
 393              	.L27:
 394              		.loc 1 514 0 discriminator 2
 395 0028 124B     		ldr	r3, .L31+8
 396              	.L28:
 510:Generated_Source\PSoC4/Cm0Start.c ****             #if defined (__ICCARM__)
 397              		.loc 1 510 0 is_stmt 1 discriminator 2
 398 002a 134A     		ldr	r2, .L31+12
 399 002c 7968     		ldr	r1, [r7, #4]
 400 002e 8900     		lsls	r1, r1, #2
 401 0030 8B50     		str	r3, [r1, r2]
 508:Generated_Source\PSoC4/Cm0Start.c ****     {
 402              		.loc 1 508 0 discriminator 2
 403 0032 7B68     		ldr	r3, [r7, #4]
 404 0034 0133     		adds	r3, r3, #1
 405 0036 7B60     		str	r3, [r7, #4]
 406              	.L26:
 508:Generated_Source\PSoC4/Cm0Start.c ****     {
 407              		.loc 1 508 0 is_stmt 0 discriminator 1
 408 0038 7B68     		ldr	r3, [r7, #4]
 409 003a 2F2B     		cmp	r3, #47
 410 003c ECD9     		bls	.L29
 515:Generated_Source\PSoC4/Cm0Start.c ****             #endif  /* defined (__ICCARM__) */
 516:Generated_Source\PSoC4/Cm0Start.c ****     }
 517:Generated_Source\PSoC4/Cm0Start.c **** 
 518:Generated_Source\PSoC4/Cm0Start.c ****     /* Initialize configuration registers. */
 519:Generated_Source\PSoC4/Cm0Start.c ****     cyfitter_cfg();
 411              		.loc 1 519 0 is_stmt 1
 412 003e FFF7FEFF 		bl	cyfitter_cfg
 520:Generated_Source\PSoC4/Cm0Start.c **** 
 521:Generated_Source\PSoC4/Cm0Start.c ****     #if !defined (__ICCARM__)
 522:Generated_Source\PSoC4/Cm0Start.c ****         /* Actually, no need to clean this variable, just to make compiler happy. */
 523:Generated_Source\PSoC4/Cm0Start.c ****         cySysNoInitDataValid = 0u;
 413              		.loc 1 523 0
 414 0042 0E4B     		ldr	r3, .L31+16
 415 0044 0022     		movs	r2, #0
 416 0046 1A60     		str	r2, [r3]
 524:Generated_Source\PSoC4/Cm0Start.c ****     #endif  /* !defined (__ICCARM__) */
 525:Generated_Source\PSoC4/Cm0Start.c **** 
 526:Generated_Source\PSoC4/Cm0Start.c ****     #if (CYDEV_PROJ_TYPE != CYDEV_PROJ_TYPE_STANDARD)
 527:Generated_Source\PSoC4/Cm0Start.c **** 
 528:Generated_Source\PSoC4/Cm0Start.c ****         /* Need to make sure that this variable will not be optimized out */
 529:Generated_Source\PSoC4/Cm0Start.c ****         if (0u == cyBtldrRunType)
 417              		.loc 1 529 0
 418 0048 0D4B     		ldr	r3, .L31+20
 419 004a 1B68     		ldr	r3, [r3]
 420 004c 002B     		cmp	r3, #0
 421 004e 02D1     		bne	.L30
 530:Generated_Source\PSoC4/Cm0Start.c ****         {
 531:Generated_Source\PSoC4/Cm0Start.c ****             cyBtldrRunType = 0u;
 422              		.loc 1 531 0
 423 0050 0B4B     		ldr	r3, .L31+20
 424 0052 0022     		movs	r2, #0
 425 0054 1A60     		str	r2, [r3]
ARM GAS  C:\Users\alexport\AppData\Local\Temp\ccKOBzUH.s 			page 18


 426              	.L30:
 532:Generated_Source\PSoC4/Cm0Start.c ****         }
 533:Generated_Source\PSoC4/Cm0Start.c **** 
 534:Generated_Source\PSoC4/Cm0Start.c ****     #endif  /* (CYDEV_PROJ_TYPE != CYDEV_PROJ_TYPE_STANDARD) */
 535:Generated_Source\PSoC4/Cm0Start.c **** 
 536:Generated_Source\PSoC4/Cm0Start.c ****     #if (CY_IP_CPUSS_CM0)
 537:Generated_Source\PSoC4/Cm0Start.c ****         /* Vector Table is located at 0x2000:0000 in SRAM */
 538:Generated_Source\PSoC4/Cm0Start.c ****         CY_CPUSS_CONFIG_REG |= CY_CPUSS_CONFIG_VECT_IN_RAM;
 427              		.loc 1 538 0
 428 0056 054B     		ldr	r3, .L31
 429 0058 044A     		ldr	r2, .L31
 430 005a 1268     		ldr	r2, [r2]
 431 005c 0121     		movs	r1, #1
 432 005e 0A43     		orrs	r2, r1
 433 0060 1A60     		str	r2, [r3]
 539:Generated_Source\PSoC4/Cm0Start.c **** 	#else
 540:Generated_Source\PSoC4/Cm0Start.c **** 		(*(uint32 *)CYREG_CM0P_VTOR) = CY_CPUSS_CONFIG_VECT_ADDR_IN_RAM;
 541:Generated_Source\PSoC4/Cm0Start.c ****     #endif /* (CY_IP_CPUSS_CM0) */
 542:Generated_Source\PSoC4/Cm0Start.c **** }
 434              		.loc 1 542 0
 435 0062 C046     		nop
 436 0064 BD46     		mov	sp, r7
 437 0066 02B0     		add	sp, sp, #8
 438              		@ sp needed
 439 0068 80BD     		pop	{r7, pc}
 440              	.L32:
 441 006a C046     		.align	2
 442              	.L31:
 443 006c 00001040 		.word	1074790400
 444 0070 00000000 		.word	RomVectors
 445 0074 00000000 		.word	IntDefaultHandler
 446 0078 00000000 		.word	CyRamVectors
 447 007c 00000000 		.word	cySysNoInitDataValid
 448 0080 00000000 		.word	cyBtldrRunType
 449              		.cfi_endproc
 450              	.LFE7:
 451              		.size	initialize_psoc, .-initialize_psoc
 452              		.section	.init_array,"aw",%init_array
 453              		.align	2
 454 0000 00000000 		.word	initialize_psoc(target1)
 455              		.data
 456              		.align	2
 457              		.type	heapPointer.4891, %object
 458              		.size	heapPointer.4891, 4
 459              	heapPointer.4891:
 460 0000 00000000 		.word	end
 461              		.weak	__cy_region_num
 462              		.text
 463              	.Letext0:
 464              		.file 2 "c:\\program files (x86)\\cypress\\psoc creator\\4.4\\psoc creator\\import\\gnu\\arm\\5.4.
 465              		.file 3 "Generated_Source\\PSoC4\\cytypes.h"
 466              		.section	.debug_info,"",%progbits
 467              	.Ldebug_info0:
 468 0000 1F030000 		.4byte	0x31f
 469 0004 0400     		.2byte	0x4
 470 0006 00000000 		.4byte	.Ldebug_abbrev0
 471 000a 04       		.byte	0x4
ARM GAS  C:\Users\alexport\AppData\Local\Temp\ccKOBzUH.s 			page 19


 472 000b 01       		.uleb128 0x1
 473 000c D5000000 		.4byte	.LASF42
 474 0010 0C       		.byte	0xc
 475 0011 A7010000 		.4byte	.LASF43
 476 0015 9B020000 		.4byte	.LASF44
 477 0019 00000000 		.4byte	.Ldebug_ranges0+0
 478 001d 00000000 		.4byte	0
 479 0021 00000000 		.4byte	.Ldebug_line0
 480 0025 02       		.uleb128 0x2
 481 0026 01       		.byte	0x1
 482 0027 06       		.byte	0x6
 483 0028 67020000 		.4byte	.LASF0
 484 002c 02       		.uleb128 0x2
 485 002d 01       		.byte	0x1
 486 002e 08       		.byte	0x8
 487 002f 7D000000 		.4byte	.LASF1
 488 0033 02       		.uleb128 0x2
 489 0034 02       		.byte	0x2
 490 0035 05       		.byte	0x5
 491 0036 48020000 		.4byte	.LASF2
 492 003a 02       		.uleb128 0x2
 493 003b 02       		.byte	0x2
 494 003c 07       		.byte	0x7
 495 003d 34000000 		.4byte	.LASF3
 496 0041 02       		.uleb128 0x2
 497 0042 04       		.byte	0x4
 498 0043 05       		.byte	0x5
 499 0044 52020000 		.4byte	.LASF4
 500 0048 02       		.uleb128 0x2
 501 0049 04       		.byte	0x4
 502 004a 07       		.byte	0x7
 503 004b A2000000 		.4byte	.LASF5
 504 004f 02       		.uleb128 0x2
 505 0050 08       		.byte	0x8
 506 0051 05       		.byte	0x5
 507 0052 35020000 		.4byte	.LASF6
 508 0056 02       		.uleb128 0x2
 509 0057 08       		.byte	0x8
 510 0058 07       		.byte	0x7
 511 0059 E7010000 		.4byte	.LASF7
 512 005d 03       		.uleb128 0x3
 513 005e 04       		.byte	0x4
 514 005f 05       		.byte	0x5
 515 0060 696E7400 		.ascii	"int\000"
 516 0064 02       		.uleb128 0x2
 517 0065 04       		.byte	0x4
 518 0066 07       		.byte	0x7
 519 0067 DA010000 		.4byte	.LASF8
 520 006b 04       		.uleb128 0x4
 521 006c 06000000 		.4byte	.LASF10
 522 0070 02       		.byte	0x2
 523 0071 D8       		.byte	0xd8
 524 0072 64000000 		.4byte	0x64
 525 0076 02       		.uleb128 0x2
 526 0077 08       		.byte	0x8
 527 0078 04       		.byte	0x4
 528 0079 5B020000 		.4byte	.LASF9
ARM GAS  C:\Users\alexport\AppData\Local\Temp\ccKOBzUH.s 			page 20


 529 007d 05       		.uleb128 0x5
 530 007e C9000000 		.4byte	.LASF11
 531 0082 03       		.byte	0x3
 532 0083 FC01     		.2byte	0x1fc
 533 0085 2C000000 		.4byte	0x2c
 534 0089 05       		.uleb128 0x5
 535 008a C9010000 		.4byte	.LASF12
 536 008e 03       		.byte	0x3
 537 008f FE01     		.2byte	0x1fe
 538 0091 48000000 		.4byte	0x48
 539 0095 02       		.uleb128 0x2
 540 0096 04       		.byte	0x4
 541 0097 04       		.byte	0x4
 542 0098 72000000 		.4byte	.LASF13
 543 009c 02       		.uleb128 0x2
 544 009d 08       		.byte	0x8
 545 009e 04       		.byte	0x4
 546 009f 81010000 		.4byte	.LASF14
 547 00a3 02       		.uleb128 0x2
 548 00a4 01       		.byte	0x1
 549 00a5 08       		.byte	0x8
 550 00a6 43020000 		.4byte	.LASF15
 551 00aa 05       		.uleb128 0x5
 552 00ab 00000000 		.4byte	.LASF16
 553 00af 03       		.byte	0x3
 554 00b0 A802     		.2byte	0x2a8
 555 00b2 B6000000 		.4byte	0xb6
 556 00b6 06       		.uleb128 0x6
 557 00b7 89000000 		.4byte	0x89
 558 00bb 05       		.uleb128 0x5
 559 00bc 04020000 		.4byte	.LASF17
 560 00c0 03       		.byte	0x3
 561 00c1 B802     		.2byte	0x2b8
 562 00c3 C7000000 		.4byte	0xc7
 563 00c7 07       		.uleb128 0x7
 564 00c8 04       		.byte	0x4
 565 00c9 CD000000 		.4byte	0xcd
 566 00cd 08       		.uleb128 0x8
 567 00ce 02       		.uleb128 0x2
 568 00cf 04       		.byte	0x4
 569 00d0 07       		.byte	0x7
 570 00d1 2C020000 		.4byte	.LASF18
 571 00d5 09       		.uleb128 0x9
 572 00d6 04       		.byte	0x4
 573 00d7 0A       		.uleb128 0xa
 574 00d8 A3000000 		.4byte	0xa3
 575 00dc 04       		.uleb128 0x4
 576 00dd 1B020000 		.4byte	.LASF19
 577 00e1 01       		.byte	0x1
 578 00e2 DD       		.byte	0xdd
 579 00e3 2C000000 		.4byte	0x2c
 580 00e7 0B       		.uleb128 0xb
 581 00e8 8F020000 		.4byte	.LASF45
 582 00ec 10       		.byte	0x10
 583 00ed 01       		.byte	0x1
 584 00ee DF       		.byte	0xdf
 585 00ef 24010000 		.4byte	0x124
ARM GAS  C:\Users\alexport\AppData\Local\Temp\ccKOBzUH.s 			page 21


 586 00f3 0C       		.uleb128 0xc
 587 00f4 57000000 		.4byte	.LASF20
 588 00f8 01       		.byte	0x1
 589 00f9 E1       		.byte	0xe1
 590 00fa 24010000 		.4byte	0x124
 591 00fe 00       		.byte	0
 592 00ff 0C       		.uleb128 0xc
 593 0100 78000000 		.4byte	.LASF21
 594 0104 01       		.byte	0x1
 595 0105 E2       		.byte	0xe2
 596 0106 24010000 		.4byte	0x124
 597 010a 04       		.byte	0x4
 598 010b 0C       		.uleb128 0xc
 599 010c 11020000 		.4byte	.LASF22
 600 0110 01       		.byte	0x1
 601 0111 E3       		.byte	0xe3
 602 0112 6B000000 		.4byte	0x6b
 603 0116 08       		.byte	0x8
 604 0117 0C       		.uleb128 0xc
 605 0118 63000000 		.4byte	.LASF23
 606 011c 01       		.byte	0x1
 607 011d E4       		.byte	0xe4
 608 011e 6B000000 		.4byte	0x6b
 609 0122 0C       		.byte	0xc
 610 0123 00       		.byte	0
 611 0124 07       		.uleb128 0x7
 612 0125 04       		.byte	0x4
 613 0126 DC000000 		.4byte	0xdc
 614 012a 0D       		.uleb128 0xd
 615 012b 69010000 		.4byte	.LASF46
 616 012f 01       		.byte	0x1
 617 0130 6C       		.byte	0x6c
 618 0131 00000000 		.4byte	.LFB2
 619 0135 14000000 		.4byte	.LFE2-.LFB2
 620 0139 01       		.uleb128 0x1
 621 013a 9C       		.byte	0x9c
 622 013b 0E       		.uleb128 0xe
 623 013c 63010000 		.4byte	.LASF24
 624 0140 01       		.byte	0x1
 625 0141 FD       		.byte	0xfd
 626 0142 00000000 		.4byte	.LFB3
 627 0146 14000000 		.4byte	.LFE3-.LFB3
 628 014a 01       		.uleb128 0x1
 629 014b 9C       		.byte	0x9c
 630 014c 5F010000 		.4byte	0x15f
 631 0150 0F       		.uleb128 0xf
 632 0151 5C000000 		.4byte	.LASF26
 633 0155 01       		.byte	0x1
 634 0156 FD       		.byte	0xfd
 635 0157 5D000000 		.4byte	0x5d
 636 015b 02       		.uleb128 0x2
 637 015c 91       		.byte	0x91
 638 015d 74       		.sleb128 -12
 639 015e 00       		.byte	0
 640 015f 10       		.uleb128 0x10
 641 0160 7B010000 		.4byte	.LASF25
 642 0164 01       		.byte	0x1
ARM GAS  C:\Users\alexport\AppData\Local\Temp\ccKOBzUH.s 			page 22


 643 0165 1701     		.2byte	0x117
 644 0167 D5000000 		.4byte	0xd5
 645 016b 00000000 		.4byte	.LFB4
 646 016f 54000000 		.4byte	.LFE4-.LFB4
 647 0173 01       		.uleb128 0x1
 648 0174 9C       		.byte	0x9c
 649 0175 B6010000 		.4byte	0x1b6
 650 0179 11       		.uleb128 0x11
 651 017a 88020000 		.4byte	.LASF27
 652 017e 01       		.byte	0x1
 653 017f 1701     		.2byte	0x117
 654 0181 5D000000 		.4byte	0x5d
 655 0185 02       		.uleb128 0x2
 656 0186 91       		.byte	0x91
 657 0187 6C       		.sleb128 -20
 658 0188 12       		.uleb128 0x12
 659 0189 656E6400 		.ascii	"end\000"
 660 018d 01       		.byte	0x1
 661 018e 1901     		.2byte	0x119
 662 0190 5D000000 		.4byte	0x5d
 663 0194 13       		.uleb128 0x13
 664 0195 8B000000 		.4byte	.LASF28
 665 0199 01       		.byte	0x1
 666 019a 1A01     		.2byte	0x11a
 667 019c D5000000 		.4byte	0xd5
 668 01a0 02       		.uleb128 0x2
 669 01a1 91       		.byte	0x91
 670 01a2 74       		.sleb128 -12
 671 01a3 13       		.uleb128 0x13
 672 01a4 28000000 		.4byte	.LASF29
 673 01a8 01       		.byte	0x1
 674 01a9 1D01     		.2byte	0x11d
 675 01ab B6010000 		.4byte	0x1b6
 676 01af 05       		.uleb128 0x5
 677 01b0 03       		.byte	0x3
 678 01b1 00000000 		.4byte	heapPointer.4891
 679 01b5 00       		.byte	0
 680 01b6 07       		.uleb128 0x7
 681 01b7 04       		.byte	0x4
 682 01b8 7D000000 		.4byte	0x7d
 683 01bc 14       		.uleb128 0x14
 684 01bd 1A000000 		.4byte	.LASF30
 685 01c1 01       		.byte	0x1
 686 01c2 3801     		.2byte	0x138
 687 01c4 00000000 		.4byte	.LFB5
 688 01c8 98000000 		.4byte	.LFE5-.LFB5
 689 01cc 01       		.uleb128 0x1
 690 01cd 9C       		.byte	0x9c
 691 01ce 37020000 		.4byte	0x237
 692 01d2 13       		.uleb128 0x13
 693 01d3 80020000 		.4byte	.LASF31
 694 01d7 01       		.byte	0x1
 695 01d8 3D01     		.2byte	0x13d
 696 01da 64000000 		.4byte	0x64
 697 01de 02       		.uleb128 0x2
 698 01df 91       		.byte	0x91
 699 01e0 74       		.sleb128 -12
ARM GAS  C:\Users\alexport\AppData\Local\Temp\ccKOBzUH.s 			page 23


 700 01e1 13       		.uleb128 0x13
 701 01e2 6D000000 		.4byte	.LASF32
 702 01e6 01       		.byte	0x1
 703 01e7 3E01     		.2byte	0x13e
 704 01e9 37020000 		.4byte	0x237
 705 01ed 02       		.uleb128 0x2
 706 01ee 91       		.byte	0x91
 707 01ef 70       		.sleb128 -16
 708 01f0 15       		.uleb128 0x15
 709 01f1 14000000 		.4byte	.LBB2
 710 01f5 66000000 		.4byte	.LBE2-.LBB2
 711 01f9 16       		.uleb128 0x16
 712 01fa 73726300 		.ascii	"src\000"
 713 01fe 01       		.byte	0x1
 714 01ff 4301     		.2byte	0x143
 715 0201 42020000 		.4byte	0x242
 716 0205 02       		.uleb128 0x2
 717 0206 91       		.byte	0x91
 718 0207 6C       		.sleb128 -20
 719 0208 16       		.uleb128 0x16
 720 0209 64737400 		.ascii	"dst\000"
 721 020d 01       		.byte	0x1
 722 020e 4401     		.2byte	0x144
 723 0210 42020000 		.4byte	0x242
 724 0214 02       		.uleb128 0x2
 725 0215 91       		.byte	0x91
 726 0216 68       		.sleb128 -24
 727 0217 13       		.uleb128 0x13
 728 0218 FE010000 		.4byte	.LASF33
 729 021c 01       		.byte	0x1
 730 021d 4501     		.2byte	0x145
 731 021f 64000000 		.4byte	0x64
 732 0223 02       		.uleb128 0x2
 733 0224 91       		.byte	0x91
 734 0225 60       		.sleb128 -32
 735 0226 13       		.uleb128 0x13
 736 0227 22000000 		.4byte	.LASF34
 737 022b 01       		.byte	0x1
 738 022c 4601     		.2byte	0x146
 739 022e 64000000 		.4byte	0x64
 740 0232 02       		.uleb128 0x2
 741 0233 91       		.byte	0x91
 742 0234 64       		.sleb128 -28
 743 0235 00       		.byte	0
 744 0236 00       		.byte	0
 745 0237 07       		.uleb128 0x7
 746 0238 04       		.byte	0x4
 747 0239 3D020000 		.4byte	0x23d
 748 023d 0A       		.uleb128 0xa
 749 023e E7000000 		.4byte	0xe7
 750 0242 07       		.uleb128 0x7
 751 0243 04       		.byte	0x4
 752 0244 89000000 		.4byte	0x89
 753 0248 17       		.uleb128 0x17
 754 0249 CF000000 		.4byte	.LASF47
 755 024d 01       		.byte	0x1
 756 024e 6D01     		.2byte	0x16d
ARM GAS  C:\Users\alexport\AppData\Local\Temp\ccKOBzUH.s 			page 24


 757 0250 00000000 		.4byte	.LFB6
 758 0254 14000000 		.4byte	.LFE6-.LFB6
 759 0258 01       		.uleb128 0x1
 760 0259 9C       		.byte	0x9c
 761 025a 18       		.uleb128 0x18
 762 025b 97010000 		.4byte	.LASF48
 763 025f 01       		.byte	0x1
 764 0260 EB01     		.2byte	0x1eb
 765 0262 00000000 		.4byte	.LFB7
 766 0266 84000000 		.4byte	.LFE7-.LFB7
 767 026a 01       		.uleb128 0x1
 768 026b 9C       		.byte	0x9c
 769 026c 80020000 		.4byte	0x280
 770 0270 13       		.uleb128 0x13
 771 0271 D0010000 		.4byte	.LASF35
 772 0275 01       		.byte	0x1
 773 0276 ED01     		.2byte	0x1ed
 774 0278 89000000 		.4byte	0x89
 775 027c 02       		.uleb128 0x2
 776 027d 91       		.byte	0x91
 777 027e 74       		.sleb128 -12
 778 027f 00       		.byte	0
 779 0280 19       		.uleb128 0x19
 780 0281 B4000000 		.4byte	.LASF36
 781 0285 01       		.byte	0x1
 782 0286 4D       		.byte	0x4d
 783 0287 89000000 		.4byte	0x89
 784 028b 05       		.uleb128 0x5
 785 028c 03       		.byte	0x3
 786 028d 00000000 		.4byte	cySysNoInitDataValid
 787 0291 12       		.uleb128 0x12
 788 0292 656E6400 		.ascii	"end\000"
 789 0296 01       		.byte	0x1
 790 0297 1901     		.2byte	0x119
 791 0299 5D000000 		.4byte	0x5d
 792 029d 1A       		.uleb128 0x1a
 793 029e 88010000 		.4byte	.LASF37
 794 02a2 01       		.byte	0x1
 795 02a3 5E       		.byte	0x5e
 796 02a4 B6000000 		.4byte	0xb6
 797 02a8 05       		.uleb128 0x5
 798 02a9 03       		.byte	0x3
 799 02aa 00000000 		.4byte	cyBtldrRunType
 800 02ae 1B       		.uleb128 0x1b
 801 02af 3D020000 		.4byte	0x23d
 802 02b3 B9020000 		.4byte	0x2b9
 803 02b7 1C       		.uleb128 0x1c
 804 02b8 00       		.byte	0
 805 02b9 1D       		.uleb128 0x1d
 806 02ba 73020000 		.4byte	.LASF38
 807 02be 01       		.byte	0x1
 808 02bf E7       		.byte	0xe7
 809 02c0 C4020000 		.4byte	0x2c4
 810 02c4 0A       		.uleb128 0xa
 811 02c5 AE020000 		.4byte	0x2ae
 812 02c9 1D       		.uleb128 0x1d
 813 02ca 47000000 		.4byte	.LASF39
ARM GAS  C:\Users\alexport\AppData\Local\Temp\ccKOBzUH.s 			page 25


 814 02ce 01       		.byte	0x1
 815 02cf E8       		.byte	0xe8
 816 02d0 D7000000 		.4byte	0xd7
 817 02d4 1B       		.uleb128 0x1b
 818 02d5 BB000000 		.4byte	0xbb
 819 02d9 E4020000 		.4byte	0x2e4
 820 02dd 1E       		.uleb128 0x1e
 821 02de CE000000 		.4byte	0xce
 822 02e2 2F       		.byte	0x2f
 823 02e3 00       		.byte	0
 824 02e4 1F       		.uleb128 0x1f
 825 02e5 0D000000 		.4byte	.LASF40
 826 02e9 01       		.byte	0x1
 827 02ea BB01     		.2byte	0x1bb
 828 02ec D4020000 		.4byte	0x2d4
 829 02f0 05       		.uleb128 0x5
 830 02f1 03       		.byte	0x3
 831 02f2 00000000 		.4byte	CyRamVectors
 832 02f6 1B       		.uleb128 0x1b
 833 02f7 06030000 		.4byte	0x306
 834 02fb 06030000 		.4byte	0x306
 835 02ff 1E       		.uleb128 0x1e
 836 0300 CE000000 		.4byte	0xce
 837 0304 03       		.byte	0x3
 838 0305 00       		.byte	0
 839 0306 0A       		.uleb128 0xa
 840 0307 BB000000 		.4byte	0xbb
 841 030b 1F       		.uleb128 0x1f
 842 030c 97000000 		.4byte	.LASF41
 843 0310 01       		.byte	0x1
 844 0311 CF01     		.2byte	0x1cf
 845 0313 1D030000 		.4byte	0x31d
 846 0317 05       		.uleb128 0x5
 847 0318 03       		.byte	0x3
 848 0319 00000000 		.4byte	RomVectors
 849 031d 0A       		.uleb128 0xa
 850 031e F6020000 		.4byte	0x2f6
 851 0322 00       		.byte	0
 852              		.section	.debug_abbrev,"",%progbits
 853              	.Ldebug_abbrev0:
 854 0000 01       		.uleb128 0x1
 855 0001 11       		.uleb128 0x11
 856 0002 01       		.byte	0x1
 857 0003 25       		.uleb128 0x25
 858 0004 0E       		.uleb128 0xe
 859 0005 13       		.uleb128 0x13
 860 0006 0B       		.uleb128 0xb
 861 0007 03       		.uleb128 0x3
 862 0008 0E       		.uleb128 0xe
 863 0009 1B       		.uleb128 0x1b
 864 000a 0E       		.uleb128 0xe
 865 000b 55       		.uleb128 0x55
 866 000c 17       		.uleb128 0x17
 867 000d 11       		.uleb128 0x11
 868 000e 01       		.uleb128 0x1
 869 000f 10       		.uleb128 0x10
 870 0010 17       		.uleb128 0x17
ARM GAS  C:\Users\alexport\AppData\Local\Temp\ccKOBzUH.s 			page 26


 871 0011 00       		.byte	0
 872 0012 00       		.byte	0
 873 0013 02       		.uleb128 0x2
 874 0014 24       		.uleb128 0x24
 875 0015 00       		.byte	0
 876 0016 0B       		.uleb128 0xb
 877 0017 0B       		.uleb128 0xb
 878 0018 3E       		.uleb128 0x3e
 879 0019 0B       		.uleb128 0xb
 880 001a 03       		.uleb128 0x3
 881 001b 0E       		.uleb128 0xe
 882 001c 00       		.byte	0
 883 001d 00       		.byte	0
 884 001e 03       		.uleb128 0x3
 885 001f 24       		.uleb128 0x24
 886 0020 00       		.byte	0
 887 0021 0B       		.uleb128 0xb
 888 0022 0B       		.uleb128 0xb
 889 0023 3E       		.uleb128 0x3e
 890 0024 0B       		.uleb128 0xb
 891 0025 03       		.uleb128 0x3
 892 0026 08       		.uleb128 0x8
 893 0027 00       		.byte	0
 894 0028 00       		.byte	0
 895 0029 04       		.uleb128 0x4
 896 002a 16       		.uleb128 0x16
 897 002b 00       		.byte	0
 898 002c 03       		.uleb128 0x3
 899 002d 0E       		.uleb128 0xe
 900 002e 3A       		.uleb128 0x3a
 901 002f 0B       		.uleb128 0xb
 902 0030 3B       		.uleb128 0x3b
 903 0031 0B       		.uleb128 0xb
 904 0032 49       		.uleb128 0x49
 905 0033 13       		.uleb128 0x13
 906 0034 00       		.byte	0
 907 0035 00       		.byte	0
 908 0036 05       		.uleb128 0x5
 909 0037 16       		.uleb128 0x16
 910 0038 00       		.byte	0
 911 0039 03       		.uleb128 0x3
 912 003a 0E       		.uleb128 0xe
 913 003b 3A       		.uleb128 0x3a
 914 003c 0B       		.uleb128 0xb
 915 003d 3B       		.uleb128 0x3b
 916 003e 05       		.uleb128 0x5
 917 003f 49       		.uleb128 0x49
 918 0040 13       		.uleb128 0x13
 919 0041 00       		.byte	0
 920 0042 00       		.byte	0
 921 0043 06       		.uleb128 0x6
 922 0044 35       		.uleb128 0x35
 923 0045 00       		.byte	0
 924 0046 49       		.uleb128 0x49
 925 0047 13       		.uleb128 0x13
 926 0048 00       		.byte	0
 927 0049 00       		.byte	0
ARM GAS  C:\Users\alexport\AppData\Local\Temp\ccKOBzUH.s 			page 27


 928 004a 07       		.uleb128 0x7
 929 004b 0F       		.uleb128 0xf
 930 004c 00       		.byte	0
 931 004d 0B       		.uleb128 0xb
 932 004e 0B       		.uleb128 0xb
 933 004f 49       		.uleb128 0x49
 934 0050 13       		.uleb128 0x13
 935 0051 00       		.byte	0
 936 0052 00       		.byte	0
 937 0053 08       		.uleb128 0x8
 938 0054 15       		.uleb128 0x15
 939 0055 00       		.byte	0
 940 0056 27       		.uleb128 0x27
 941 0057 19       		.uleb128 0x19
 942 0058 00       		.byte	0
 943 0059 00       		.byte	0
 944 005a 09       		.uleb128 0x9
 945 005b 0F       		.uleb128 0xf
 946 005c 00       		.byte	0
 947 005d 0B       		.uleb128 0xb
 948 005e 0B       		.uleb128 0xb
 949 005f 00       		.byte	0
 950 0060 00       		.byte	0
 951 0061 0A       		.uleb128 0xa
 952 0062 26       		.uleb128 0x26
 953 0063 00       		.byte	0
 954 0064 49       		.uleb128 0x49
 955 0065 13       		.uleb128 0x13
 956 0066 00       		.byte	0
 957 0067 00       		.byte	0
 958 0068 0B       		.uleb128 0xb
 959 0069 13       		.uleb128 0x13
 960 006a 01       		.byte	0x1
 961 006b 03       		.uleb128 0x3
 962 006c 0E       		.uleb128 0xe
 963 006d 0B       		.uleb128 0xb
 964 006e 0B       		.uleb128 0xb
 965 006f 3A       		.uleb128 0x3a
 966 0070 0B       		.uleb128 0xb
 967 0071 3B       		.uleb128 0x3b
 968 0072 0B       		.uleb128 0xb
 969 0073 01       		.uleb128 0x1
 970 0074 13       		.uleb128 0x13
 971 0075 00       		.byte	0
 972 0076 00       		.byte	0
 973 0077 0C       		.uleb128 0xc
 974 0078 0D       		.uleb128 0xd
 975 0079 00       		.byte	0
 976 007a 03       		.uleb128 0x3
 977 007b 0E       		.uleb128 0xe
 978 007c 3A       		.uleb128 0x3a
 979 007d 0B       		.uleb128 0xb
 980 007e 3B       		.uleb128 0x3b
 981 007f 0B       		.uleb128 0xb
 982 0080 49       		.uleb128 0x49
 983 0081 13       		.uleb128 0x13
 984 0082 38       		.uleb128 0x38
ARM GAS  C:\Users\alexport\AppData\Local\Temp\ccKOBzUH.s 			page 28


 985 0083 0B       		.uleb128 0xb
 986 0084 00       		.byte	0
 987 0085 00       		.byte	0
 988 0086 0D       		.uleb128 0xd
 989 0087 2E       		.uleb128 0x2e
 990 0088 00       		.byte	0
 991 0089 3F       		.uleb128 0x3f
 992 008a 19       		.uleb128 0x19
 993 008b 03       		.uleb128 0x3
 994 008c 0E       		.uleb128 0xe
 995 008d 3A       		.uleb128 0x3a
 996 008e 0B       		.uleb128 0xb
 997 008f 3B       		.uleb128 0x3b
 998 0090 0B       		.uleb128 0xb
 999 0091 27       		.uleb128 0x27
 1000 0092 19       		.uleb128 0x19
 1001 0093 8701     		.uleb128 0x87
 1002 0095 19       		.uleb128 0x19
 1003 0096 11       		.uleb128 0x11
 1004 0097 01       		.uleb128 0x1
 1005 0098 12       		.uleb128 0x12
 1006 0099 06       		.uleb128 0x6
 1007 009a 40       		.uleb128 0x40
 1008 009b 18       		.uleb128 0x18
 1009 009c 9642     		.uleb128 0x2116
 1010 009e 19       		.uleb128 0x19
 1011 009f 00       		.byte	0
 1012 00a0 00       		.byte	0
 1013 00a1 0E       		.uleb128 0xe
 1014 00a2 2E       		.uleb128 0x2e
 1015 00a3 01       		.byte	0x1
 1016 00a4 3F       		.uleb128 0x3f
 1017 00a5 19       		.uleb128 0x19
 1018 00a6 03       		.uleb128 0x3
 1019 00a7 0E       		.uleb128 0xe
 1020 00a8 3A       		.uleb128 0x3a
 1021 00a9 0B       		.uleb128 0xb
 1022 00aa 3B       		.uleb128 0x3b
 1023 00ab 0B       		.uleb128 0xb
 1024 00ac 27       		.uleb128 0x27
 1025 00ad 19       		.uleb128 0x19
 1026 00ae 8701     		.uleb128 0x87
 1027 00b0 19       		.uleb128 0x19
 1028 00b1 11       		.uleb128 0x11
 1029 00b2 01       		.uleb128 0x1
 1030 00b3 12       		.uleb128 0x12
 1031 00b4 06       		.uleb128 0x6
 1032 00b5 40       		.uleb128 0x40
 1033 00b6 18       		.uleb128 0x18
 1034 00b7 9642     		.uleb128 0x2116
 1035 00b9 19       		.uleb128 0x19
 1036 00ba 01       		.uleb128 0x1
 1037 00bb 13       		.uleb128 0x13
 1038 00bc 00       		.byte	0
 1039 00bd 00       		.byte	0
 1040 00be 0F       		.uleb128 0xf
 1041 00bf 05       		.uleb128 0x5
ARM GAS  C:\Users\alexport\AppData\Local\Temp\ccKOBzUH.s 			page 29


 1042 00c0 00       		.byte	0
 1043 00c1 03       		.uleb128 0x3
 1044 00c2 0E       		.uleb128 0xe
 1045 00c3 3A       		.uleb128 0x3a
 1046 00c4 0B       		.uleb128 0xb
 1047 00c5 3B       		.uleb128 0x3b
 1048 00c6 0B       		.uleb128 0xb
 1049 00c7 49       		.uleb128 0x49
 1050 00c8 13       		.uleb128 0x13
 1051 00c9 02       		.uleb128 0x2
 1052 00ca 18       		.uleb128 0x18
 1053 00cb 00       		.byte	0
 1054 00cc 00       		.byte	0
 1055 00cd 10       		.uleb128 0x10
 1056 00ce 2E       		.uleb128 0x2e
 1057 00cf 01       		.byte	0x1
 1058 00d0 3F       		.uleb128 0x3f
 1059 00d1 19       		.uleb128 0x19
 1060 00d2 03       		.uleb128 0x3
 1061 00d3 0E       		.uleb128 0xe
 1062 00d4 3A       		.uleb128 0x3a
 1063 00d5 0B       		.uleb128 0xb
 1064 00d6 3B       		.uleb128 0x3b
 1065 00d7 05       		.uleb128 0x5
 1066 00d8 27       		.uleb128 0x27
 1067 00d9 19       		.uleb128 0x19
 1068 00da 49       		.uleb128 0x49
 1069 00db 13       		.uleb128 0x13
 1070 00dc 11       		.uleb128 0x11
 1071 00dd 01       		.uleb128 0x1
 1072 00de 12       		.uleb128 0x12
 1073 00df 06       		.uleb128 0x6
 1074 00e0 40       		.uleb128 0x40
 1075 00e1 18       		.uleb128 0x18
 1076 00e2 9642     		.uleb128 0x2116
 1077 00e4 19       		.uleb128 0x19
 1078 00e5 01       		.uleb128 0x1
 1079 00e6 13       		.uleb128 0x13
 1080 00e7 00       		.byte	0
 1081 00e8 00       		.byte	0
 1082 00e9 11       		.uleb128 0x11
 1083 00ea 05       		.uleb128 0x5
 1084 00eb 00       		.byte	0
 1085 00ec 03       		.uleb128 0x3
 1086 00ed 0E       		.uleb128 0xe
 1087 00ee 3A       		.uleb128 0x3a
 1088 00ef 0B       		.uleb128 0xb
 1089 00f0 3B       		.uleb128 0x3b
 1090 00f1 05       		.uleb128 0x5
 1091 00f2 49       		.uleb128 0x49
 1092 00f3 13       		.uleb128 0x13
 1093 00f4 02       		.uleb128 0x2
 1094 00f5 18       		.uleb128 0x18
 1095 00f6 00       		.byte	0
 1096 00f7 00       		.byte	0
 1097 00f8 12       		.uleb128 0x12
 1098 00f9 34       		.uleb128 0x34
ARM GAS  C:\Users\alexport\AppData\Local\Temp\ccKOBzUH.s 			page 30


 1099 00fa 00       		.byte	0
 1100 00fb 03       		.uleb128 0x3
 1101 00fc 08       		.uleb128 0x8
 1102 00fd 3A       		.uleb128 0x3a
 1103 00fe 0B       		.uleb128 0xb
 1104 00ff 3B       		.uleb128 0x3b
 1105 0100 05       		.uleb128 0x5
 1106 0101 49       		.uleb128 0x49
 1107 0102 13       		.uleb128 0x13
 1108 0103 3F       		.uleb128 0x3f
 1109 0104 19       		.uleb128 0x19
 1110 0105 3C       		.uleb128 0x3c
 1111 0106 19       		.uleb128 0x19
 1112 0107 00       		.byte	0
 1113 0108 00       		.byte	0
 1114 0109 13       		.uleb128 0x13
 1115 010a 34       		.uleb128 0x34
 1116 010b 00       		.byte	0
 1117 010c 03       		.uleb128 0x3
 1118 010d 0E       		.uleb128 0xe
 1119 010e 3A       		.uleb128 0x3a
 1120 010f 0B       		.uleb128 0xb
 1121 0110 3B       		.uleb128 0x3b
 1122 0111 05       		.uleb128 0x5
 1123 0112 49       		.uleb128 0x49
 1124 0113 13       		.uleb128 0x13
 1125 0114 02       		.uleb128 0x2
 1126 0115 18       		.uleb128 0x18
 1127 0116 00       		.byte	0
 1128 0117 00       		.byte	0
 1129 0118 14       		.uleb128 0x14
 1130 0119 2E       		.uleb128 0x2e
 1131 011a 01       		.byte	0x1
 1132 011b 3F       		.uleb128 0x3f
 1133 011c 19       		.uleb128 0x19
 1134 011d 03       		.uleb128 0x3
 1135 011e 0E       		.uleb128 0xe
 1136 011f 3A       		.uleb128 0x3a
 1137 0120 0B       		.uleb128 0xb
 1138 0121 3B       		.uleb128 0x3b
 1139 0122 05       		.uleb128 0x5
 1140 0123 27       		.uleb128 0x27
 1141 0124 19       		.uleb128 0x19
 1142 0125 8701     		.uleb128 0x87
 1143 0127 19       		.uleb128 0x19
 1144 0128 11       		.uleb128 0x11
 1145 0129 01       		.uleb128 0x1
 1146 012a 12       		.uleb128 0x12
 1147 012b 06       		.uleb128 0x6
 1148 012c 40       		.uleb128 0x40
 1149 012d 18       		.uleb128 0x18
 1150 012e 9642     		.uleb128 0x2116
 1151 0130 19       		.uleb128 0x19
 1152 0131 01       		.uleb128 0x1
 1153 0132 13       		.uleb128 0x13
 1154 0133 00       		.byte	0
 1155 0134 00       		.byte	0
ARM GAS  C:\Users\alexport\AppData\Local\Temp\ccKOBzUH.s 			page 31


 1156 0135 15       		.uleb128 0x15
 1157 0136 0B       		.uleb128 0xb
 1158 0137 01       		.byte	0x1
 1159 0138 11       		.uleb128 0x11
 1160 0139 01       		.uleb128 0x1
 1161 013a 12       		.uleb128 0x12
 1162 013b 06       		.uleb128 0x6
 1163 013c 00       		.byte	0
 1164 013d 00       		.byte	0
 1165 013e 16       		.uleb128 0x16
 1166 013f 34       		.uleb128 0x34
 1167 0140 00       		.byte	0
 1168 0141 03       		.uleb128 0x3
 1169 0142 08       		.uleb128 0x8
 1170 0143 3A       		.uleb128 0x3a
 1171 0144 0B       		.uleb128 0xb
 1172 0145 3B       		.uleb128 0x3b
 1173 0146 05       		.uleb128 0x5
 1174 0147 49       		.uleb128 0x49
 1175 0148 13       		.uleb128 0x13
 1176 0149 02       		.uleb128 0x2
 1177 014a 18       		.uleb128 0x18
 1178 014b 00       		.byte	0
 1179 014c 00       		.byte	0
 1180 014d 17       		.uleb128 0x17
 1181 014e 2E       		.uleb128 0x2e
 1182 014f 00       		.byte	0
 1183 0150 3F       		.uleb128 0x3f
 1184 0151 19       		.uleb128 0x19
 1185 0152 03       		.uleb128 0x3
 1186 0153 0E       		.uleb128 0xe
 1187 0154 3A       		.uleb128 0x3a
 1188 0155 0B       		.uleb128 0xb
 1189 0156 3B       		.uleb128 0x3b
 1190 0157 05       		.uleb128 0x5
 1191 0158 27       		.uleb128 0x27
 1192 0159 19       		.uleb128 0x19
 1193 015a 11       		.uleb128 0x11
 1194 015b 01       		.uleb128 0x1
 1195 015c 12       		.uleb128 0x12
 1196 015d 06       		.uleb128 0x6
 1197 015e 40       		.uleb128 0x40
 1198 015f 18       		.uleb128 0x18
 1199 0160 9642     		.uleb128 0x2116
 1200 0162 19       		.uleb128 0x19
 1201 0163 00       		.byte	0
 1202 0164 00       		.byte	0
 1203 0165 18       		.uleb128 0x18
 1204 0166 2E       		.uleb128 0x2e
 1205 0167 01       		.byte	0x1
 1206 0168 3F       		.uleb128 0x3f
 1207 0169 19       		.uleb128 0x19
 1208 016a 03       		.uleb128 0x3
 1209 016b 0E       		.uleb128 0xe
 1210 016c 3A       		.uleb128 0x3a
 1211 016d 0B       		.uleb128 0xb
 1212 016e 3B       		.uleb128 0x3b
ARM GAS  C:\Users\alexport\AppData\Local\Temp\ccKOBzUH.s 			page 32


 1213 016f 05       		.uleb128 0x5
 1214 0170 27       		.uleb128 0x27
 1215 0171 19       		.uleb128 0x19
 1216 0172 11       		.uleb128 0x11
 1217 0173 01       		.uleb128 0x1
 1218 0174 12       		.uleb128 0x12
 1219 0175 06       		.uleb128 0x6
 1220 0176 40       		.uleb128 0x40
 1221 0177 18       		.uleb128 0x18
 1222 0178 9642     		.uleb128 0x2116
 1223 017a 19       		.uleb128 0x19
 1224 017b 01       		.uleb128 0x1
 1225 017c 13       		.uleb128 0x13
 1226 017d 00       		.byte	0
 1227 017e 00       		.byte	0
 1228 017f 19       		.uleb128 0x19
 1229 0180 34       		.uleb128 0x34
 1230 0181 00       		.byte	0
 1231 0182 03       		.uleb128 0x3
 1232 0183 0E       		.uleb128 0xe
 1233 0184 3A       		.uleb128 0x3a
 1234 0185 0B       		.uleb128 0xb
 1235 0186 3B       		.uleb128 0x3b
 1236 0187 0B       		.uleb128 0xb
 1237 0188 49       		.uleb128 0x49
 1238 0189 13       		.uleb128 0x13
 1239 018a 02       		.uleb128 0x2
 1240 018b 18       		.uleb128 0x18
 1241 018c 00       		.byte	0
 1242 018d 00       		.byte	0
 1243 018e 1A       		.uleb128 0x1a
 1244 018f 34       		.uleb128 0x34
 1245 0190 00       		.byte	0
 1246 0191 03       		.uleb128 0x3
 1247 0192 0E       		.uleb128 0xe
 1248 0193 3A       		.uleb128 0x3a
 1249 0194 0B       		.uleb128 0xb
 1250 0195 3B       		.uleb128 0x3b
 1251 0196 0B       		.uleb128 0xb
 1252 0197 49       		.uleb128 0x49
 1253 0198 13       		.uleb128 0x13
 1254 0199 3F       		.uleb128 0x3f
 1255 019a 19       		.uleb128 0x19
 1256 019b 02       		.uleb128 0x2
 1257 019c 18       		.uleb128 0x18
 1258 019d 00       		.byte	0
 1259 019e 00       		.byte	0
 1260 019f 1B       		.uleb128 0x1b
 1261 01a0 01       		.uleb128 0x1
 1262 01a1 01       		.byte	0x1
 1263 01a2 49       		.uleb128 0x49
 1264 01a3 13       		.uleb128 0x13
 1265 01a4 01       		.uleb128 0x1
 1266 01a5 13       		.uleb128 0x13
 1267 01a6 00       		.byte	0
 1268 01a7 00       		.byte	0
 1269 01a8 1C       		.uleb128 0x1c
ARM GAS  C:\Users\alexport\AppData\Local\Temp\ccKOBzUH.s 			page 33


 1270 01a9 21       		.uleb128 0x21
 1271 01aa 00       		.byte	0
 1272 01ab 00       		.byte	0
 1273 01ac 00       		.byte	0
 1274 01ad 1D       		.uleb128 0x1d
 1275 01ae 34       		.uleb128 0x34
 1276 01af 00       		.byte	0
 1277 01b0 03       		.uleb128 0x3
 1278 01b1 0E       		.uleb128 0xe
 1279 01b2 3A       		.uleb128 0x3a
 1280 01b3 0B       		.uleb128 0xb
 1281 01b4 3B       		.uleb128 0x3b
 1282 01b5 0B       		.uleb128 0xb
 1283 01b6 49       		.uleb128 0x49
 1284 01b7 13       		.uleb128 0x13
 1285 01b8 3F       		.uleb128 0x3f
 1286 01b9 19       		.uleb128 0x19
 1287 01ba 3C       		.uleb128 0x3c
 1288 01bb 19       		.uleb128 0x19
 1289 01bc 00       		.byte	0
 1290 01bd 00       		.byte	0
 1291 01be 1E       		.uleb128 0x1e
 1292 01bf 21       		.uleb128 0x21
 1293 01c0 00       		.byte	0
 1294 01c1 49       		.uleb128 0x49
 1295 01c2 13       		.uleb128 0x13
 1296 01c3 2F       		.uleb128 0x2f
 1297 01c4 0B       		.uleb128 0xb
 1298 01c5 00       		.byte	0
 1299 01c6 00       		.byte	0
 1300 01c7 1F       		.uleb128 0x1f
 1301 01c8 34       		.uleb128 0x34
 1302 01c9 00       		.byte	0
 1303 01ca 03       		.uleb128 0x3
 1304 01cb 0E       		.uleb128 0xe
 1305 01cc 3A       		.uleb128 0x3a
 1306 01cd 0B       		.uleb128 0xb
 1307 01ce 3B       		.uleb128 0x3b
 1308 01cf 05       		.uleb128 0x5
 1309 01d0 49       		.uleb128 0x49
 1310 01d1 13       		.uleb128 0x13
 1311 01d2 3F       		.uleb128 0x3f
 1312 01d3 19       		.uleb128 0x19
 1313 01d4 02       		.uleb128 0x2
 1314 01d5 18       		.uleb128 0x18
 1315 01d6 00       		.byte	0
 1316 01d7 00       		.byte	0
 1317 01d8 00       		.byte	0
 1318              		.section	.debug_aranges,"",%progbits
 1319 0000 44000000 		.4byte	0x44
 1320 0004 0200     		.2byte	0x2
 1321 0006 00000000 		.4byte	.Ldebug_info0
 1322 000a 04       		.byte	0x4
 1323 000b 00       		.byte	0
 1324 000c 0000     		.2byte	0
 1325 000e 0000     		.2byte	0
 1326 0010 00000000 		.4byte	.LFB2
ARM GAS  C:\Users\alexport\AppData\Local\Temp\ccKOBzUH.s 			page 34


 1327 0014 14000000 		.4byte	.LFE2-.LFB2
 1328 0018 00000000 		.4byte	.LFB3
 1329 001c 14000000 		.4byte	.LFE3-.LFB3
 1330 0020 00000000 		.4byte	.LFB4
 1331 0024 54000000 		.4byte	.LFE4-.LFB4
 1332 0028 00000000 		.4byte	.LFB5
 1333 002c 98000000 		.4byte	.LFE5-.LFB5
 1334 0030 00000000 		.4byte	.LFB6
 1335 0034 14000000 		.4byte	.LFE6-.LFB6
 1336 0038 00000000 		.4byte	.LFB7
 1337 003c 84000000 		.4byte	.LFE7-.LFB7
 1338 0040 00000000 		.4byte	0
 1339 0044 00000000 		.4byte	0
 1340              		.section	.debug_ranges,"",%progbits
 1341              	.Ldebug_ranges0:
 1342 0000 00000000 		.4byte	.LFB2
 1343 0004 14000000 		.4byte	.LFE2
 1344 0008 00000000 		.4byte	.LFB3
 1345 000c 14000000 		.4byte	.LFE3
 1346 0010 00000000 		.4byte	.LFB4
 1347 0014 54000000 		.4byte	.LFE4
 1348 0018 00000000 		.4byte	.LFB5
 1349 001c 98000000 		.4byte	.LFE5
 1350 0020 00000000 		.4byte	.LFB6
 1351 0024 14000000 		.4byte	.LFE6
 1352 0028 00000000 		.4byte	.LFB7
 1353 002c 84000000 		.4byte	.LFE7
 1354 0030 00000000 		.4byte	0
 1355 0034 00000000 		.4byte	0
 1356              		.section	.debug_line,"",%progbits
 1357              	.Ldebug_line0:
 1358 0000 CC010000 		.section	.debug_str,"MS",%progbits,1
 1358      0200C700 
 1358      00000201 
 1358      FB0E0D00 
 1358      01010101 
 1359              	.LASF16:
 1360 0000 72656733 		.ascii	"reg32\000"
 1360      3200
 1361              	.LASF10:
 1362 0006 73697A65 		.ascii	"size_t\000"
 1362      5F7400
 1363              	.LASF40:
 1364 000d 43795261 		.ascii	"CyRamVectors\000"
 1364      6D566563 
 1364      746F7273 
 1364      00
 1365              	.LASF30:
 1366 001a 53746172 		.ascii	"Start_c\000"
 1366      745F6300 
 1367              	.LASF34:
 1368 0022 636F756E 		.ascii	"count\000"
 1368      7400
 1369              	.LASF29:
 1370 0028 68656170 		.ascii	"heapPointer\000"
 1370      506F696E 
 1370      74657200 
ARM GAS  C:\Users\alexport\AppData\Local\Temp\ccKOBzUH.s 			page 35


 1371              	.LASF3:
 1372 0034 73686F72 		.ascii	"short unsigned int\000"
 1372      7420756E 
 1372      7369676E 
 1372      65642069 
 1372      6E7400
 1373              	.LASF39:
 1374 0047 5F5F6379 		.ascii	"__cy_region_num\000"
 1374      5F726567 
 1374      696F6E5F 
 1374      6E756D00 
 1375              	.LASF20:
 1376 0057 696E6974 		.ascii	"init\000"
 1376      00
 1377              	.LASF26:
 1378 005c 73746174 		.ascii	"status\000"
 1378      757300
 1379              	.LASF23:
 1380 0063 7A65726F 		.ascii	"zero_size\000"
 1380      5F73697A 
 1380      6500
 1381              	.LASF32:
 1382 006d 72707472 		.ascii	"rptr\000"
 1382      00
 1383              	.LASF13:
 1384 0072 666C6F61 		.ascii	"float\000"
 1384      7400
 1385              	.LASF21:
 1386 0078 64617461 		.ascii	"data\000"
 1386      00
 1387              	.LASF1:
 1388 007d 756E7369 		.ascii	"unsigned char\000"
 1388      676E6564 
 1388      20636861 
 1388      7200
 1389              	.LASF28:
 1390 008b 72657475 		.ascii	"returnValue\000"
 1390      726E5661 
 1390      6C756500 
 1391              	.LASF41:
 1392 0097 526F6D56 		.ascii	"RomVectors\000"
 1392      6563746F 
 1392      727300
 1393              	.LASF5:
 1394 00a2 6C6F6E67 		.ascii	"long unsigned int\000"
 1394      20756E73 
 1394      69676E65 
 1394      6420696E 
 1394      7400
 1395              	.LASF36:
 1396 00b4 63795379 		.ascii	"cySysNoInitDataValid\000"
 1396      734E6F49 
 1396      6E697444 
 1396      61746156 
 1396      616C6964 
 1397              	.LASF11:
 1398 00c9 75696E74 		.ascii	"uint8\000"
ARM GAS  C:\Users\alexport\AppData\Local\Temp\ccKOBzUH.s 			page 36


 1398      3800
 1399              	.LASF47:
 1400 00cf 52657365 		.ascii	"Reset\000"
 1400      7400
 1401              	.LASF42:
 1402 00d5 474E5520 		.ascii	"GNU C11 5.4.1 20160609 (release) [ARM/embedded-5-br"
 1402      43313120 
 1402      352E342E 
 1402      31203230 
 1402      31363036 
 1403 0108 616E6368 		.ascii	"anch revision 237715] -mcpu=cortex-m0 -mthumb -g -O"
 1403      20726576 
 1403      6973696F 
 1403      6E203233 
 1403      37373135 
 1404 013b 30202D66 		.ascii	"0 -ffunction-sections -ffat-lto-objects\000"
 1404      66756E63 
 1404      74696F6E 
 1404      2D736563 
 1404      74696F6E 
 1405              	.LASF24:
 1406 0163 5F657869 		.ascii	"_exit\000"
 1406      7400
 1407              	.LASF46:
 1408 0169 496E7444 		.ascii	"IntDefaultHandler\000"
 1408      65666175 
 1408      6C744861 
 1408      6E646C65 
 1408      7200
 1409              	.LASF25:
 1410 017b 5F736272 		.ascii	"_sbrk\000"
 1410      6B00
 1411              	.LASF14:
 1412 0181 646F7562 		.ascii	"double\000"
 1412      6C6500
 1413              	.LASF37:
 1414 0188 63794274 		.ascii	"cyBtldrRunType\000"
 1414      6C647252 
 1414      756E5479 
 1414      706500
 1415              	.LASF48:
 1416 0197 696E6974 		.ascii	"initialize_psoc\000"
 1416      69616C69 
 1416      7A655F70 
 1416      736F6300 
 1417              	.LASF43:
 1418 01a7 47656E65 		.ascii	"Generated_Source\\PSoC4\\Cm0Start.c\000"
 1418      72617465 
 1418      645F536F 
 1418      75726365 
 1418      5C50536F 
 1419              	.LASF12:
 1420 01c9 75696E74 		.ascii	"uint32\000"
 1420      333200
 1421              	.LASF35:
 1422 01d0 696E6465 		.ascii	"indexInit\000"
 1422      78496E69 
ARM GAS  C:\Users\alexport\AppData\Local\Temp\ccKOBzUH.s 			page 37


 1422      7400
 1423              	.LASF8:
 1424 01da 756E7369 		.ascii	"unsigned int\000"
 1424      676E6564 
 1424      20696E74 
 1424      00
 1425              	.LASF7:
 1426 01e7 6C6F6E67 		.ascii	"long long unsigned int\000"
 1426      206C6F6E 
 1426      6720756E 
 1426      7369676E 
 1426      65642069 
 1427              	.LASF33:
 1428 01fe 6C696D69 		.ascii	"limit\000"
 1428      7400
 1429              	.LASF17:
 1430 0204 63796973 		.ascii	"cyisraddress\000"
 1430      72616464 
 1430      72657373 
 1430      00
 1431              	.LASF22:
 1432 0211 696E6974 		.ascii	"init_size\000"
 1432      5F73697A 
 1432      6500
 1433              	.LASF19:
 1434 021b 5F5F6379 		.ascii	"__cy_byte_align8\000"
 1434      5F627974 
 1434      655F616C 
 1434      69676E38 
 1434      00
 1435              	.LASF18:
 1436 022c 73697A65 		.ascii	"sizetype\000"
 1436      74797065 
 1436      00
 1437              	.LASF6:
 1438 0235 6C6F6E67 		.ascii	"long long int\000"
 1438      206C6F6E 
 1438      6720696E 
 1438      7400
 1439              	.LASF15:
 1440 0243 63686172 		.ascii	"char\000"
 1440      00
 1441              	.LASF2:
 1442 0248 73686F72 		.ascii	"short int\000"
 1442      7420696E 
 1442      7400
 1443              	.LASF4:
 1444 0252 6C6F6E67 		.ascii	"long int\000"
 1444      20696E74 
 1444      00
 1445              	.LASF9:
 1446 025b 6C6F6E67 		.ascii	"long double\000"
 1446      20646F75 
 1446      626C6500 
 1447              	.LASF0:
 1448 0267 7369676E 		.ascii	"signed char\000"
 1448      65642063 
ARM GAS  C:\Users\alexport\AppData\Local\Temp\ccKOBzUH.s 			page 38


 1448      68617200 
 1449              	.LASF38:
 1450 0273 5F5F6379 		.ascii	"__cy_regions\000"
 1450      5F726567 
 1450      696F6E73 
 1450      00
 1451              	.LASF31:
 1452 0280 72656769 		.ascii	"regions\000"
 1452      6F6E7300 
 1453              	.LASF27:
 1454 0288 6E627974 		.ascii	"nbytes\000"
 1454      657300
 1455              	.LASF45:
 1456 028f 5F5F6379 		.ascii	"__cy_region\000"
 1456      5F726567 
 1456      696F6E00 
 1457              	.LASF44:
 1458 029b 433A5C57 		.ascii	"C:\\WORK\\TESTs\\Psoc4BLEEval\\SA-200.cydsn\000"
 1458      4F524B5C 
 1458      54455354 
 1458      735C5073 
 1458      6F633442 
 1459              		.ident	"GCC: (GNU Tools for ARM Embedded Processors) 5.4.1 20160609 (release) [ARM/embedded-5-bran
