ARM GAS  C:\Users\alexport\AppData\Local\Temp\cckgiwDd.s 			page 1


   1              		.syntax unified
   2              		.cpu cortex-m0
   3              		.fpu softvfp
   4              		.eabi_attribute 20, 1
   5              		.eabi_attribute 21, 1
   6              		.eabi_attribute 23, 3
   7              		.eabi_attribute 24, 1
   8              		.eabi_attribute 25, 1
   9              		.eabi_attribute 26, 1
  10              		.eabi_attribute 30, 6
  11              		.eabi_attribute 34, 0
  12              		.eabi_attribute 18, 4
  13              		.thumb
  14              		.syntax unified
  15              		.file	"i2c_master.c"
  16              		.text
  17              	.Ltext0:
  18              		.cfi_sections	.debug_frame
  19              		.global	slaveBuf
  20              		.data
  21              		.align	2
  22              		.type	slaveBuf, %object
  23              		.size	slaveBuf, 100
  24              	slaveBuf:
  25 0000 15       		.byte	21
  26 0001 20       		.byte	32
  27 0002 21       		.byte	33
  28 0003 22       		.byte	34
  29 0004 23       		.byte	35
  30 0005 24       		.byte	36
  31 0006 25       		.byte	37
  32 0007 26       		.byte	38
  33 0008 27       		.byte	39
  34 0009 28       		.byte	40
  35 000a 00000000 		.space	90
  35      00000000 
  35      00000000 
  35      00000000 
  35      00000000 
  36              		.section	.text.i2c_status,"ax",%progbits
  37              		.align	2
  38              		.global	i2c_status
  39              		.code	16
  40              		.thumb_func
  41              		.type	i2c_status, %function
  42              	i2c_status:
  43              	.LFB35:
  44              		.file 1 "i2c_master.c"
   1:i2c_master.c  **** /* ========================================
   2:i2c_master.c  ****  *
   3:i2c_master.c  ****  * Copyright YOUR COMPANY, THE YEAR
   4:i2c_master.c  ****  * All Rights Reserved
   5:i2c_master.c  ****  * UNPUBLISHED, LICENSED SOFTWARE.
   6:i2c_master.c  ****  *
   7:i2c_master.c  ****  * CONFIDENTIAL AND PROPRIETARY INFORMATION
   8:i2c_master.c  ****  * WHICH IS THE PROPERTY OF your company.
   9:i2c_master.c  ****  *
ARM GAS  C:\Users\alexport\AppData\Local\Temp\cckgiwDd.s 			page 2


  10:i2c_master.c  ****  * ========================================
  11:i2c_master.c  **** */
  12:i2c_master.c  **** #include "i2c_master.h"
  13:i2c_master.c  **** 
  14:i2c_master.c  **** 
  15:i2c_master.c  **** // TEST I2C SLAVE DATA 
  16:i2c_master.c  **** uint8_t slaveBuf[I2CS_BUFF_SIZE]={21,32,33,34,35,36,37,38,39,40};
  17:i2c_master.c  **** 
  18:i2c_master.c  **** uint32_t i2c_status(uint8 slave){
  45              		.loc 1 18 0
  46              		.cfi_startproc
  47              		@ args = 0, pretend = 0, frame = 16
  48              		@ frame_needed = 1, uses_anonymous_args = 0
  49 0000 80B5     		push	{r7, lr}
  50              		.cfi_def_cfa_offset 8
  51              		.cfi_offset 7, -8
  52              		.cfi_offset 14, -4
  53 0002 84B0     		sub	sp, sp, #16
  54              		.cfi_def_cfa_offset 24
  55 0004 00AF     		add	r7, sp, #0
  56              		.cfi_def_cfa_register 7
  57 0006 0200     		movs	r2, r0
  58 0008 FB1D     		adds	r3, r7, #7
  59 000a 1A70     		strb	r2, [r3]
  19:i2c_master.c  ****     uint32_t status;
  20:i2c_master.c  ****     status = I2C_I2CMasterSendStart( slave, I2C_I2C_WRITE_XFER_MODE,1 ); 
  60              		.loc 1 20 0
  61 000c FB1D     		adds	r3, r7, #7
  62 000e 1B78     		ldrb	r3, [r3]
  63 0010 0122     		movs	r2, #1
  64 0012 0021     		movs	r1, #0
  65 0014 1800     		movs	r0, r3
  66 0016 FFF7FEFF 		bl	I2C_I2CMasterSendStart
  67 001a 0300     		movs	r3, r0
  68 001c FB60     		str	r3, [r7, #12]
  21:i2c_master.c  ****     I2C_I2CMasterSendStop(1);
  69              		.loc 1 21 0
  70 001e 0120     		movs	r0, #1
  71 0020 FFF7FEFF 		bl	I2C_I2CMasterSendStop
  22:i2c_master.c  ****     //CyDelay(1);
  23:i2c_master.c  ****     return status;
  72              		.loc 1 23 0
  73 0024 FB68     		ldr	r3, [r7, #12]
  24:i2c_master.c  **** }
  74              		.loc 1 24 0
  75 0026 1800     		movs	r0, r3
  76 0028 BD46     		mov	sp, r7
  77 002a 04B0     		add	sp, sp, #16
  78              		@ sp needed
  79 002c 80BD     		pop	{r7, pc}
  80              		.cfi_endproc
  81              	.LFE35:
  82              		.size	i2c_status, .-i2c_status
  83 002e C046     		.section	.text.i2c_Read_8,"ax",%progbits
  84              		.align	2
  85              		.global	i2c_Read_8
  86              		.code	16
ARM GAS  C:\Users\alexport\AppData\Local\Temp\cckgiwDd.s 			page 3


  87              		.thumb_func
  88              		.type	i2c_Read_8, %function
  89              	i2c_Read_8:
  90              	.LFB36:
  25:i2c_master.c  **** 
  26:i2c_master.c  **** 
  27:i2c_master.c  **** uint8 i2c_Read_8( uint8 slave, uint8 address )
  28:i2c_master.c  **** {
  91              		.loc 1 28 0
  92              		.cfi_startproc
  93              		@ args = 0, pretend = 0, frame = 16
  94              		@ frame_needed = 1, uses_anonymous_args = 0
  95 0000 80B5     		push	{r7, lr}
  96              		.cfi_def_cfa_offset 8
  97              		.cfi_offset 7, -8
  98              		.cfi_offset 14, -4
  99 0002 84B0     		sub	sp, sp, #16
 100              		.cfi_def_cfa_offset 24
 101 0004 00AF     		add	r7, sp, #0
 102              		.cfi_def_cfa_register 7
 103 0006 0200     		movs	r2, r0
 104 0008 FB1D     		adds	r3, r7, #7
 105 000a 1A70     		strb	r2, [r3]
 106 000c BB1D     		adds	r3, r7, #6
 107 000e 0A1C     		adds	r2, r1, #0
 108 0010 1A70     		strb	r2, [r3]
  29:i2c_master.c  ****     static uint8 theResult = 0;
  30:i2c_master.c  ****     uint8_t status;
  31:i2c_master.c  ****     //slave = slave >> 1;                                                         /* MasterSendStar
  32:i2c_master.c  ****     I2C_I2CMasterSendStart( slave, I2C_I2C_WRITE_XFER_MODE,1 );                 /* Send start write
 109              		.loc 1 32 0
 110 0012 FB1D     		adds	r3, r7, #7
 111 0014 1B78     		ldrb	r3, [r3]
 112 0016 0122     		movs	r2, #1
 113 0018 0021     		movs	r1, #0
 114 001a 1800     		movs	r0, r3
 115 001c FFF7FEFF 		bl	I2C_I2CMasterSendStart
  33:i2c_master.c  ****     I2C_I2CMasterWriteByte( address, 1 );                                         /* Send address *
 116              		.loc 1 33 0
 117 0020 BB1D     		adds	r3, r7, #6
 118 0022 1B78     		ldrb	r3, [r3]
 119 0024 0121     		movs	r1, #1
 120 0026 1800     		movs	r0, r3
 121 0028 FFF7FEFF 		bl	I2C_I2CMasterWriteByte
  34:i2c_master.c  ****     I2C_I2CMasterSendRestart( slave, I2C_I2C_READ_XFER_MODE,1 );                /* Send re-start re
 122              		.loc 1 34 0
 123 002c FB1D     		adds	r3, r7, #7
 124 002e 1B78     		ldrb	r3, [r3]
 125 0030 0122     		movs	r2, #1
 126 0032 0121     		movs	r1, #1
 127 0034 1800     		movs	r0, r3
 128 0036 FFF7FEFF 		bl	I2C_I2CMasterSendRestart
  35:i2c_master.c  ****     status = I2C_I2CMasterReadByte( I2C_I2C_NAK_DATA,&theResult, 1 );                    /* Receive
 129              		.loc 1 35 0
 130 003a 0A4B     		ldr	r3, .L5
 131 003c 0122     		movs	r2, #1
 132 003e 1900     		movs	r1, r3
ARM GAS  C:\Users\alexport\AppData\Local\Temp\cckgiwDd.s 			page 4


 133 0040 0120     		movs	r0, #1
 134 0042 FFF7FEFF 		bl	I2C_I2CMasterReadByte
 135 0046 0200     		movs	r2, r0
 136 0048 0F23     		movs	r3, #15
 137 004a FB18     		adds	r3, r7, r3
 138 004c 1A70     		strb	r2, [r3]
  36:i2c_master.c  ****     (void) I2C_I2CMasterSendStop(1);                                            /* Send stop */
 139              		.loc 1 36 0
 140 004e 0120     		movs	r0, #1
 141 0050 FFF7FEFF 		bl	I2C_I2CMasterSendStop
  37:i2c_master.c  ****     (void) I2C_I2CMasterClearStatus();                                         /* Clear status flag
 142              		.loc 1 37 0
 143 0054 FFF7FEFF 		bl	I2C_I2CMasterClearStatus
  38:i2c_master.c  ****     return( theResult );                                                        /* Return the resul
 144              		.loc 1 38 0
 145 0058 024B     		ldr	r3, .L5
 146 005a 1B78     		ldrb	r3, [r3]
  39:i2c_master.c  **** }
 147              		.loc 1 39 0
 148 005c 1800     		movs	r0, r3
 149 005e BD46     		mov	sp, r7
 150 0060 04B0     		add	sp, sp, #16
 151              		@ sp needed
 152 0062 80BD     		pop	{r7, pc}
 153              	.L6:
 154              		.align	2
 155              	.L5:
 156 0064 00000000 		.word	theResult.8267
 157              		.cfi_endproc
 158              	.LFE36:
 159              		.size	i2c_Read_8, .-i2c_Read_8
 160              		.section	.text.i2c_read_16,"ax",%progbits
 161              		.align	2
 162              		.global	i2c_read_16
 163              		.code	16
 164              		.thumb_func
 165              		.type	i2c_read_16, %function
 166              	i2c_read_16:
 167              	.LFB37:
  40:i2c_master.c  **** 
  41:i2c_master.c  **** uint16 i2c_read_16( uint8 slave, uint8 address )
  42:i2c_master.c  **** {
 168              		.loc 1 42 0
 169              		.cfi_startproc
 170              		@ args = 0, pretend = 0, frame = 16
 171              		@ frame_needed = 1, uses_anonymous_args = 0
 172 0000 80B5     		push	{r7, lr}
 173              		.cfi_def_cfa_offset 8
 174              		.cfi_offset 7, -8
 175              		.cfi_offset 14, -4
 176 0002 84B0     		sub	sp, sp, #16
 177              		.cfi_def_cfa_offset 24
 178 0004 00AF     		add	r7, sp, #0
 179              		.cfi_def_cfa_register 7
 180 0006 0200     		movs	r2, r0
 181 0008 FB1D     		adds	r3, r7, #7
 182 000a 1A70     		strb	r2, [r3]
ARM GAS  C:\Users\alexport\AppData\Local\Temp\cckgiwDd.s 			page 5


 183 000c BB1D     		adds	r3, r7, #6
 184 000e 0A1C     		adds	r2, r1, #0
 185 0010 1A70     		strb	r2, [r3]
  43:i2c_master.c  ****     uint16 theResult;
  44:i2c_master.c  ****     theResult = i2c_Read_8( slave, address );
 186              		.loc 1 44 0
 187 0012 BB1D     		adds	r3, r7, #6
 188 0014 1A78     		ldrb	r2, [r3]
 189 0016 FB1D     		adds	r3, r7, #7
 190 0018 1B78     		ldrb	r3, [r3]
 191 001a 1100     		movs	r1, r2
 192 001c 1800     		movs	r0, r3
 193 001e FFF7FEFF 		bl	i2c_Read_8
 194 0022 0300     		movs	r3, r0
 195 0024 1A00     		movs	r2, r3
 196 0026 0E23     		movs	r3, #14
 197 0028 FB18     		adds	r3, r7, r3
 198 002a 1A80     		strh	r2, [r3]
  45:i2c_master.c  ****     theResult <<= 8;
 199              		.loc 1 45 0
 200 002c 0E23     		movs	r3, #14
 201 002e FB18     		adds	r3, r7, r3
 202 0030 0E22     		movs	r2, #14
 203 0032 BA18     		adds	r2, r7, r2
 204 0034 1288     		ldrh	r2, [r2]
 205 0036 1202     		lsls	r2, r2, #8
 206 0038 1A80     		strh	r2, [r3]
  46:i2c_master.c  ****     theResult |= i2c_Read_8( slave, (address + 1) );
 207              		.loc 1 46 0
 208 003a BB1D     		adds	r3, r7, #6
 209 003c 1B78     		ldrb	r3, [r3]
 210 003e 0133     		adds	r3, r3, #1
 211 0040 DAB2     		uxtb	r2, r3
 212 0042 FB1D     		adds	r3, r7, #7
 213 0044 1B78     		ldrb	r3, [r3]
 214 0046 1100     		movs	r1, r2
 215 0048 1800     		movs	r0, r3
 216 004a FFF7FEFF 		bl	i2c_Read_8
 217 004e 0300     		movs	r3, r0
 218 0050 99B2     		uxth	r1, r3
 219 0052 0E23     		movs	r3, #14
 220 0054 FB18     		adds	r3, r7, r3
 221 0056 0E22     		movs	r2, #14
 222 0058 BA18     		adds	r2, r7, r2
 223 005a 1288     		ldrh	r2, [r2]
 224 005c 0A43     		orrs	r2, r1
 225 005e 1A80     		strh	r2, [r3]
  47:i2c_master.c  ****     return( theResult );
 226              		.loc 1 47 0
 227 0060 0E23     		movs	r3, #14
 228 0062 FB18     		adds	r3, r7, r3
 229 0064 1B88     		ldrh	r3, [r3]
  48:i2c_master.c  **** }
 230              		.loc 1 48 0
 231 0066 1800     		movs	r0, r3
 232 0068 BD46     		mov	sp, r7
 233 006a 04B0     		add	sp, sp, #16
ARM GAS  C:\Users\alexport\AppData\Local\Temp\cckgiwDd.s 			page 6


 234              		@ sp needed
 235 006c 80BD     		pop	{r7, pc}
 236              		.cfi_endproc
 237              	.LFE37:
 238              		.size	i2c_read_16, .-i2c_read_16
 239 006e C046     		.section	.text.i2c_write_8,"ax",%progbits
 240              		.align	2
 241              		.global	i2c_write_8
 242              		.code	16
 243              		.thumb_func
 244              		.type	i2c_write_8, %function
 245              	i2c_write_8:
 246              	.LFB38:
  49:i2c_master.c  **** 
  50:i2c_master.c  **** 
  51:i2c_master.c  **** void i2c_write_8( uint8 slave, uint8 address, uint8 data )
  52:i2c_master.c  **** {
 247              		.loc 1 52 0
 248              		.cfi_startproc
 249              		@ args = 0, pretend = 0, frame = 8
 250              		@ frame_needed = 1, uses_anonymous_args = 0
 251 0000 90B5     		push	{r4, r7, lr}
 252              		.cfi_def_cfa_offset 12
 253              		.cfi_offset 4, -12
 254              		.cfi_offset 7, -8
 255              		.cfi_offset 14, -4
 256 0002 83B0     		sub	sp, sp, #12
 257              		.cfi_def_cfa_offset 24
 258 0004 00AF     		add	r7, sp, #0
 259              		.cfi_def_cfa_register 7
 260 0006 0400     		movs	r4, r0
 261 0008 0800     		movs	r0, r1
 262 000a 1100     		movs	r1, r2
 263 000c FB1D     		adds	r3, r7, #7
 264 000e 221C     		adds	r2, r4, #0
 265 0010 1A70     		strb	r2, [r3]
 266 0012 BB1D     		adds	r3, r7, #6
 267 0014 021C     		adds	r2, r0, #0
 268 0016 1A70     		strb	r2, [r3]
 269 0018 7B1D     		adds	r3, r7, #5
 270 001a 0A1C     		adds	r2, r1, #0
 271 001c 1A70     		strb	r2, [r3]
  53:i2c_master.c  ****     //slave = slave >> 1;                                                         /* MasterSendStar
  54:i2c_master.c  ****     I2C_I2CMasterSendStart( slave, I2C_I2C_WRITE_XFER_MODE , 1 );                 /* Send start wri
 272              		.loc 1 54 0
 273 001e FB1D     		adds	r3, r7, #7
 274 0020 1B78     		ldrb	r3, [r3]
 275 0022 0122     		movs	r2, #1
 276 0024 0021     		movs	r1, #0
 277 0026 1800     		movs	r0, r3
 278 0028 FFF7FEFF 		bl	I2C_I2CMasterSendStart
  55:i2c_master.c  ****     I2C_I2CMasterWriteByte( address , 1 );                                         /* Send address 
 279              		.loc 1 55 0
 280 002c BB1D     		adds	r3, r7, #6
 281 002e 1B78     		ldrb	r3, [r3]
 282 0030 0121     		movs	r1, #1
 283 0032 1800     		movs	r0, r3
ARM GAS  C:\Users\alexport\AppData\Local\Temp\cckgiwDd.s 			page 7


 284 0034 FFF7FEFF 		bl	I2C_I2CMasterWriteByte
  56:i2c_master.c  ****     I2C_I2CMasterWriteByte( data ,1 );                                            /* Send byte */
 285              		.loc 1 56 0
 286 0038 7B1D     		adds	r3, r7, #5
 287 003a 1B78     		ldrb	r3, [r3]
 288 003c 0121     		movs	r1, #1
 289 003e 1800     		movs	r0, r3
 290 0040 FFF7FEFF 		bl	I2C_I2CMasterWriteByte
  57:i2c_master.c  ****     (void) I2C_I2CMasterSendStop(1);                                            /* Send stop */
 291              		.loc 1 57 0
 292 0044 0120     		movs	r0, #1
 293 0046 FFF7FEFF 		bl	I2C_I2CMasterSendStop
  58:i2c_master.c  ****     (void) I2C_I2CMasterClearStatus();                                         /* Clear status flag
 294              		.loc 1 58 0
 295 004a FFF7FEFF 		bl	I2C_I2CMasterClearStatus
  59:i2c_master.c  ****     CyDelay( 10u );                                                             /* Allow 10millisec
 296              		.loc 1 59 0
 297 004e 0A20     		movs	r0, #10
 298 0050 FFF7FEFF 		bl	CyDelay
  60:i2c_master.c  **** }
 299              		.loc 1 60 0
 300 0054 C046     		nop
 301 0056 BD46     		mov	sp, r7
 302 0058 03B0     		add	sp, sp, #12
 303              		@ sp needed
 304 005a 90BD     		pop	{r4, r7, pc}
 305              		.cfi_endproc
 306              	.LFE38:
 307              		.size	i2c_write_8, .-i2c_write_8
 308              		.section	.text.i2c_write_16,"ax",%progbits
 309              		.align	2
 310              		.global	i2c_write_16
 311              		.code	16
 312              		.thumb_func
 313              		.type	i2c_write_16, %function
 314              	i2c_write_16:
 315              	.LFB39:
  61:i2c_master.c  **** 
  62:i2c_master.c  **** 
  63:i2c_master.c  **** void i2c_write_16( uint8 slave, uint8 address, uint16 data )
  64:i2c_master.c  **** {
 316              		.loc 1 64 0
 317              		.cfi_startproc
 318              		@ args = 0, pretend = 0, frame = 16
 319              		@ frame_needed = 1, uses_anonymous_args = 0
 320 0000 90B5     		push	{r4, r7, lr}
 321              		.cfi_def_cfa_offset 12
 322              		.cfi_offset 4, -12
 323              		.cfi_offset 7, -8
 324              		.cfi_offset 14, -4
 325 0002 85B0     		sub	sp, sp, #20
 326              		.cfi_def_cfa_offset 32
 327 0004 00AF     		add	r7, sp, #0
 328              		.cfi_def_cfa_register 7
 329 0006 0400     		movs	r4, r0
 330 0008 0800     		movs	r0, r1
 331 000a 1100     		movs	r1, r2
ARM GAS  C:\Users\alexport\AppData\Local\Temp\cckgiwDd.s 			page 8


 332 000c FB1D     		adds	r3, r7, #7
 333 000e 221C     		adds	r2, r4, #0
 334 0010 1A70     		strb	r2, [r3]
 335 0012 BB1D     		adds	r3, r7, #6
 336 0014 021C     		adds	r2, r0, #0
 337 0016 1A70     		strb	r2, [r3]
 338 0018 3B1D     		adds	r3, r7, #4
 339 001a 0A1C     		adds	r2, r1, #0
 340 001c 1A80     		strh	r2, [r3]
  65:i2c_master.c  ****     uint8 byteToWrite;
  66:i2c_master.c  ****     byteToWrite = ( uint8 )( data >> 8 );                                       /* Load upper byte 
 341              		.loc 1 66 0
 342 001e 3B1D     		adds	r3, r7, #4
 343 0020 1B88     		ldrh	r3, [r3]
 344 0022 1B0A     		lsrs	r3, r3, #8
 345 0024 9AB2     		uxth	r2, r3
 346 0026 0F23     		movs	r3, #15
 347 0028 FB18     		adds	r3, r7, r3
 348 002a 1A70     		strb	r2, [r3]
  67:i2c_master.c  ****     i2c_write_8( slave, address, byteToWrite );                            /* Write it */
 349              		.loc 1 67 0
 350 002c 0F23     		movs	r3, #15
 351 002e FB18     		adds	r3, r7, r3
 352 0030 1A78     		ldrb	r2, [r3]
 353 0032 BB1D     		adds	r3, r7, #6
 354 0034 1978     		ldrb	r1, [r3]
 355 0036 FB1D     		adds	r3, r7, #7
 356 0038 1B78     		ldrb	r3, [r3]
 357 003a 1800     		movs	r0, r3
 358 003c FFF7FEFF 		bl	i2c_write_8
  68:i2c_master.c  ****     byteToWrite = ( uint8 )( data );                                            /* Load lower byte 
 359              		.loc 1 68 0
 360 0040 0F23     		movs	r3, #15
 361 0042 FB18     		adds	r3, r7, r3
 362 0044 3A1D     		adds	r2, r7, #4
 363 0046 1288     		ldrh	r2, [r2]
 364 0048 1A70     		strb	r2, [r3]
  69:i2c_master.c  ****     i2c_write_8( slave, ( address + 1 ), byteToWrite );                    /* Write it */
 365              		.loc 1 69 0
 366 004a BB1D     		adds	r3, r7, #6
 367 004c 1B78     		ldrb	r3, [r3]
 368 004e 0133     		adds	r3, r3, #1
 369 0050 D9B2     		uxtb	r1, r3
 370 0052 0F23     		movs	r3, #15
 371 0054 FB18     		adds	r3, r7, r3
 372 0056 1A78     		ldrb	r2, [r3]
 373 0058 FB1D     		adds	r3, r7, #7
 374 005a 1B78     		ldrb	r3, [r3]
 375 005c 1800     		movs	r0, r3
 376 005e FFF7FEFF 		bl	i2c_write_8
  70:i2c_master.c  ****     CyDelay( 10u );                                                             /* Allow 10millisec
 377              		.loc 1 70 0
 378 0062 0A20     		movs	r0, #10
 379 0064 FFF7FEFF 		bl	CyDelay
  71:i2c_master.c  **** }
 380              		.loc 1 71 0
 381 0068 C046     		nop
ARM GAS  C:\Users\alexport\AppData\Local\Temp\cckgiwDd.s 			page 9


 382 006a BD46     		mov	sp, r7
 383 006c 05B0     		add	sp, sp, #20
 384              		@ sp needed
 385 006e 90BD     		pop	{r4, r7, pc}
 386              		.cfi_endproc
 387              	.LFE39:
 388              		.size	i2c_write_16, .-i2c_write_16
 389              		.section	.text.slave_ReadDataRaw,"ax",%progbits
 390              		.align	2
 391              		.global	slave_ReadDataRaw
 392              		.code	16
 393              		.thumb_func
 394              		.type	slave_ReadDataRaw, %function
 395              	slave_ReadDataRaw:
 396              	.LFB40:
  72:i2c_master.c  **** 
  73:i2c_master.c  **** uint32 slave_ReadDataRaw(uint8 Reg, uint16 dataSize, uint8 *dataPtr){
 397              		.loc 1 73 0
 398              		.cfi_startproc
 399              		@ args = 0, pretend = 0, frame = 16
 400              		@ frame_needed = 1, uses_anonymous_args = 0
 401 0000 80B5     		push	{r7, lr}
 402              		.cfi_def_cfa_offset 8
 403              		.cfi_offset 7, -8
 404              		.cfi_offset 14, -4
 405 0002 84B0     		sub	sp, sp, #16
 406              		.cfi_def_cfa_offset 24
 407 0004 00AF     		add	r7, sp, #0
 408              		.cfi_def_cfa_register 7
 409 0006 3A60     		str	r2, [r7]
 410 0008 FB1D     		adds	r3, r7, #7
 411 000a 021C     		adds	r2, r0, #0
 412 000c 1A70     		strb	r2, [r3]
 413 000e 3B1D     		adds	r3, r7, #4
 414 0010 0A1C     		adds	r2, r1, #0
 415 0012 1A80     		strh	r2, [r3]
  74:i2c_master.c  **** uint8 txData[1];
  75:i2c_master.c  **** uint32 wrStatus;
  76:i2c_master.c  ****     txData[0] = Reg;
 416              		.loc 1 76 0
 417 0014 0823     		movs	r3, #8
 418 0016 FB18     		adds	r3, r7, r3
 419 0018 FA1D     		adds	r2, r7, #7
 420 001a 1278     		ldrb	r2, [r2]
 421 001c 1A70     		strb	r2, [r3]
  77:i2c_master.c  ****     while (I2C_I2CMasterStatus()== I2C_I2C_MSTAT_XFER_INP){};
 422              		.loc 1 77 0
 423 001e C046     		nop
 424              	.L12:
 425              		.loc 1 77 0 is_stmt 0 discriminator 1
 426 0020 FFF7FEFF 		bl	I2C_I2CMasterStatus
 427 0024 0300     		movs	r3, r0
 428 0026 042B     		cmp	r3, #4
 429 0028 FAD0     		beq	.L12
  78:i2c_master.c  ****     wrStatus = I2C_I2CMasterWriteBuf(I2C_SLAVE_ADDR, txData, 1, I2C_I2C_MODE_NO_STOP);
 430              		.loc 1 78 0 is_stmt 1
 431 002a 0823     		movs	r3, #8
ARM GAS  C:\Users\alexport\AppData\Local\Temp\cckgiwDd.s 			page 10


 432 002c F918     		adds	r1, r7, r3
 433 002e 0223     		movs	r3, #2
 434 0030 0122     		movs	r2, #1
 435 0032 6120     		movs	r0, #97
 436 0034 FFF7FEFF 		bl	I2C_I2CMasterWriteBuf
 437 0038 0300     		movs	r3, r0
 438 003a FB60     		str	r3, [r7, #12]
  79:i2c_master.c  ****     
  80:i2c_master.c  ****     if (I2C_I2C_MSTAT_ERR_ADDR_NAK ==I2C_I2CMasterStatus() ){
 439              		.loc 1 80 0
 440 003c FFF7FEFF 		bl	I2C_I2CMasterStatus
 441 0040 0300     		movs	r3, r0
 442 0042 202B     		cmp	r3, #32
 443 0044 01D1     		bne	.L17
  81:i2c_master.c  ****         wrStatus = I2C_I2C_MSTAT_ERR_ADDR_NAK;    
 444              		.loc 1 81 0
 445 0046 2023     		movs	r3, #32
 446 0048 FB60     		str	r3, [r7, #12]
 447              	.L17:
  82:i2c_master.c  ****     }
  83:i2c_master.c  ****     
  84:i2c_master.c  ****     while( (I2C_I2CMasterStatus() & I2C_I2C_MSTAT_WR_CMPLT) == 0){};
 448              		.loc 1 84 0
 449 004a C046     		nop
 450              	.L14:
 451              		.loc 1 84 0 is_stmt 0 discriminator 1
 452 004c FFF7FEFF 		bl	I2C_I2CMasterStatus
 453 0050 0200     		movs	r2, r0
 454 0052 0223     		movs	r3, #2
 455 0054 1340     		ands	r3, r2
 456 0056 F9D0     		beq	.L14
  85:i2c_master.c  ****     
  86:i2c_master.c  ****     I2C_I2CMasterReadBuf(I2C_SLAVE_ADDR, dataPtr, dataSize, I2C_I2C_MODE_REPEAT_START);
 457              		.loc 1 86 0 is_stmt 1
 458 0058 3B1D     		adds	r3, r7, #4
 459 005a 1A88     		ldrh	r2, [r3]
 460 005c 3968     		ldr	r1, [r7]
 461 005e 0123     		movs	r3, #1
 462 0060 6120     		movs	r0, #97
 463 0062 FFF7FEFF 		bl	I2C_I2CMasterReadBuf
  87:i2c_master.c  ****     while( (I2C_I2CMasterStatus() & I2C_I2C_MSTAT_RD_CMPLT) == 0){};
 464              		.loc 1 87 0
 465 0066 C046     		nop
 466              	.L15:
 467              		.loc 1 87 0 is_stmt 0 discriminator 1
 468 0068 FFF7FEFF 		bl	I2C_I2CMasterStatus
 469 006c 0200     		movs	r2, r0
 470 006e 0123     		movs	r3, #1
 471 0070 1340     		ands	r3, r2
 472 0072 F9D0     		beq	.L15
  88:i2c_master.c  ****     
  89:i2c_master.c  ****     //return I2C_NO_ERROR;  // Return success code if data is read successfully
  90:i2c_master.c  ****     return wrStatus;
 473              		.loc 1 90 0 is_stmt 1
 474 0074 FB68     		ldr	r3, [r7, #12]
  91:i2c_master.c  **** }
 475              		.loc 1 91 0
ARM GAS  C:\Users\alexport\AppData\Local\Temp\cckgiwDd.s 			page 11


 476 0076 1800     		movs	r0, r3
 477 0078 BD46     		mov	sp, r7
 478 007a 04B0     		add	sp, sp, #16
 479              		@ sp needed
 480 007c 80BD     		pop	{r7, pc}
 481              		.cfi_endproc
 482              	.LFE40:
 483              		.size	slave_ReadDataRaw, .-slave_ReadDataRaw
 484 007e C046     		.section	.text.slave_WriteDataRaw,"ax",%progbits
 485              		.align	2
 486              		.global	slave_WriteDataRaw
 487              		.code	16
 488              		.thumb_func
 489              		.type	slave_WriteDataRaw, %function
 490              	slave_WriteDataRaw:
 491              	.LFB41:
  92:i2c_master.c  **** 
  93:i2c_master.c  **** uint32 slave_WriteDataRaw(uint8 Reg, uint16 dataSize, uint8 *dataPtr){
 492              		.loc 1 93 0
 493              		.cfi_startproc
 494              		@ args = 0, pretend = 0, frame = 8
 495              		@ frame_needed = 1, uses_anonymous_args = 0
 496 0000 80B5     		push	{r7, lr}
 497              		.cfi_def_cfa_offset 8
 498              		.cfi_offset 7, -8
 499              		.cfi_offset 14, -4
 500 0002 82B0     		sub	sp, sp, #8
 501              		.cfi_def_cfa_offset 16
 502 0004 00AF     		add	r7, sp, #0
 503              		.cfi_def_cfa_register 7
 504 0006 3A60     		str	r2, [r7]
 505 0008 FB1D     		adds	r3, r7, #7
 506 000a 021C     		adds	r2, r0, #0
 507 000c 1A70     		strb	r2, [r3]
 508 000e 3B1D     		adds	r3, r7, #4
 509 0010 0A1C     		adds	r2, r1, #0
 510 0012 1A80     		strh	r2, [r3]
  94:i2c_master.c  ****     
  95:i2c_master.c  **** //    while (I2C_I2CMasterStatus()== I2C_I2C_MSTAT_XFER_INP){};
  96:i2c_master.c  **** //    I2C_I2CMasterWriteBuf(I2C_SLAVE_ADDR, &reg, 1, I2C_I2C_MODE_REPEAT_START);
  97:i2c_master.c  **** //    while( (I2C_I2CMasterStatus() & I2C_I2C_MSTAT_WR_CMPLT) == 0){};
  98:i2c_master.c  **** //    I2C_I2CMasterWriteBuf(I2C_SLAVE_ADDR, dataPtr, dataSize, I2C_I2C_MODE_COMPLETE_XFER);
  99:i2c_master.c  **** //    while( (I2C_I2CMasterStatus() & I2C_I2C_MSTAT_WR_CMPLT) == 0){};
 100:i2c_master.c  **** //    return I2C_NO_ERROR;
 101:i2c_master.c  ****     
 102:i2c_master.c  ****     
 103:i2c_master.c  ****     
 104:i2c_master.c  ****     I2C_I2CMasterWriteBuf(I2C_SLAVE_ADDR, dataPtr, dataSize+1,I2C_I2C_MODE_COMPLETE_XFER ); // we s
 511              		.loc 1 104 0
 512 0014 3B1D     		adds	r3, r7, #4
 513 0016 1B88     		ldrh	r3, [r3]
 514 0018 0133     		adds	r3, r3, #1
 515 001a 1A00     		movs	r2, r3
 516 001c 3968     		ldr	r1, [r7]
 517 001e 0023     		movs	r3, #0
 518 0020 6120     		movs	r0, #97
 519 0022 FFF7FEFF 		bl	I2C_I2CMasterWriteBuf
ARM GAS  C:\Users\alexport\AppData\Local\Temp\cckgiwDd.s 			page 12


 105:i2c_master.c  ****     
 106:i2c_master.c  ****     
 107:i2c_master.c  **** //    I2C_I2CMasterSendStart( I2C_SLAVE_ADDR, I2C_I2C_WRITE_XFER_MODE , 1 );                 /* Sen
 108:i2c_master.c  **** //    I2C_I2CMasterWriteByte( Reg , 1 );  
 109:i2c_master.c  **** //    for (uint32_t i = 0; i < dataSize; i++){/* Send address */
 110:i2c_master.c  **** //        I2C_I2CMasterWriteByte( *dataPtr ,1 );    
 111:i2c_master.c  **** //        dataPtr++;
 112:i2c_master.c  **** //    }
 113:i2c_master.c  **** //    (void) I2C_I2CMasterSendStop(1);   
 114:i2c_master.c  **** //    return I2C_NO_ERROR;
 115:i2c_master.c  ****     
 116:i2c_master.c  **** }
 520              		.loc 1 116 0
 521 0026 C046     		nop
 522 0028 1800     		movs	r0, r3
 523 002a BD46     		mov	sp, r7
 524 002c 02B0     		add	sp, sp, #8
 525              		@ sp needed
 526 002e 80BD     		pop	{r7, pc}
 527              		.cfi_endproc
 528              	.LFE41:
 529              		.size	slave_WriteDataRaw, .-slave_WriteDataRaw
 530              		.bss
 531              	theResult.8267:
 532 0000 00       		.space	1
 533              		.text
 534              	.Letext0:
 535              		.file 2 "c:\\program files (x86)\\cypress\\psoc creator\\4.4\\psoc creator\\import\\gnu\\arm\\5.4.
 536              		.file 3 "c:\\program files (x86)\\cypress\\psoc creator\\4.4\\psoc creator\\import\\gnu\\arm\\5.4.
 537              		.file 4 "Generated_Source\\PSoC4/cytypes.h"
 538              		.file 5 "Generated_Source\\PSoC4/blue_Stack.h"
 539              		.file 6 "Generated_Source\\PSoC4/blue_dis.h"
 540              		.section	.debug_info,"",%progbits
 541              	.Ldebug_info0:
 542 0000 1A050000 		.4byte	0x51a
 543 0004 0400     		.2byte	0x4
 544 0006 00000000 		.4byte	.Ldebug_abbrev0
 545 000a 04       		.byte	0x4
 546 000b 01       		.uleb128 0x1
 547 000c 63050000 		.4byte	.LASF120
 548 0010 0C       		.byte	0xc
 549 0011 0E010000 		.4byte	.LASF121
 550 0015 A80A0000 		.4byte	.LASF122
 551 0019 00000000 		.4byte	.Ldebug_ranges0+0
 552 001d 00000000 		.4byte	0
 553 0021 00000000 		.4byte	.Ldebug_line0
 554 0025 02       		.uleb128 0x2
 555 0026 01       		.byte	0x1
 556 0027 06       		.byte	0x6
 557 0028 FA010000 		.4byte	.LASF0
 558 002c 03       		.uleb128 0x3
 559 002d 04010000 		.4byte	.LASF5
 560 0031 02       		.byte	0x2
 561 0032 1D       		.byte	0x1d
 562 0033 37000000 		.4byte	0x37
 563 0037 02       		.uleb128 0x2
 564 0038 01       		.byte	0x1
ARM GAS  C:\Users\alexport\AppData\Local\Temp\cckgiwDd.s 			page 13


 565 0039 08       		.byte	0x8
 566 003a 59080000 		.4byte	.LASF1
 567 003e 02       		.uleb128 0x2
 568 003f 02       		.byte	0x2
 569 0040 05       		.byte	0x5
 570 0041 7C080000 		.4byte	.LASF2
 571 0045 02       		.uleb128 0x2
 572 0046 02       		.byte	0x2
 573 0047 07       		.byte	0x7
 574 0048 6E040000 		.4byte	.LASF3
 575 004c 02       		.uleb128 0x2
 576 004d 04       		.byte	0x4
 577 004e 05       		.byte	0x5
 578 004f 2D010000 		.4byte	.LASF4
 579 0053 03       		.uleb128 0x3
 580 0054 28030000 		.4byte	.LASF6
 581 0058 02       		.byte	0x2
 582 0059 41       		.byte	0x41
 583 005a 5E000000 		.4byte	0x5e
 584 005e 02       		.uleb128 0x2
 585 005f 04       		.byte	0x4
 586 0060 07       		.byte	0x7
 587 0061 C0030000 		.4byte	.LASF7
 588 0065 02       		.uleb128 0x2
 589 0066 08       		.byte	0x8
 590 0067 05       		.byte	0x5
 591 0068 EC010000 		.4byte	.LASF8
 592 006c 02       		.uleb128 0x2
 593 006d 08       		.byte	0x8
 594 006e 07       		.byte	0x7
 595 006f 36010000 		.4byte	.LASF9
 596 0073 04       		.uleb128 0x4
 597 0074 04       		.byte	0x4
 598 0075 05       		.byte	0x5
 599 0076 696E7400 		.ascii	"int\000"
 600 007a 02       		.uleb128 0x2
 601 007b 04       		.byte	0x4
 602 007c 07       		.byte	0x7
 603 007d 82030000 		.4byte	.LASF10
 604 0081 03       		.uleb128 0x3
 605 0082 3A0B0000 		.4byte	.LASF11
 606 0086 03       		.byte	0x3
 607 0087 18       		.byte	0x18
 608 0088 2C000000 		.4byte	0x2c
 609 008c 03       		.uleb128 0x3
 610 008d FA0A0000 		.4byte	.LASF12
 611 0091 03       		.byte	0x3
 612 0092 30       		.byte	0x30
 613 0093 53000000 		.4byte	0x53
 614 0097 05       		.uleb128 0x5
 615 0098 B9020000 		.4byte	.LASF13
 616 009c 04       		.byte	0x4
 617 009d FC01     		.2byte	0x1fc
 618 009f 37000000 		.4byte	0x37
 619 00a3 05       		.uleb128 0x5
 620 00a4 3F000000 		.4byte	.LASF14
 621 00a8 04       		.byte	0x4
ARM GAS  C:\Users\alexport\AppData\Local\Temp\cckgiwDd.s 			page 14


 622 00a9 FD01     		.2byte	0x1fd
 623 00ab 45000000 		.4byte	0x45
 624 00af 05       		.uleb128 0x5
 625 00b0 FC020000 		.4byte	.LASF15
 626 00b4 04       		.byte	0x4
 627 00b5 FE01     		.2byte	0x1fe
 628 00b7 5E000000 		.4byte	0x5e
 629 00bb 02       		.uleb128 0x2
 630 00bc 04       		.byte	0x4
 631 00bd 04       		.byte	0x4
 632 00be 3B080000 		.4byte	.LASF16
 633 00c2 02       		.uleb128 0x2
 634 00c3 08       		.byte	0x8
 635 00c4 04       		.byte	0x4
 636 00c5 DE020000 		.4byte	.LASF17
 637 00c9 02       		.uleb128 0x2
 638 00ca 01       		.byte	0x1
 639 00cb 08       		.byte	0x8
 640 00cc 8C090000 		.4byte	.LASF18
 641 00d0 02       		.uleb128 0x2
 642 00d1 08       		.byte	0x8
 643 00d2 04       		.byte	0x4
 644 00d3 51090000 		.4byte	.LASF19
 645 00d7 02       		.uleb128 0x2
 646 00d8 04       		.byte	0x4
 647 00d9 07       		.byte	0x7
 648 00da E0060000 		.4byte	.LASF20
 649 00de 06       		.uleb128 0x6
 650 00df 04       		.byte	0x4
 651 00e0 97000000 		.4byte	0x97
 652 00e4 07       		.uleb128 0x7
 653 00e5 01       		.byte	0x1
 654 00e6 37000000 		.4byte	0x37
 655 00ea 05       		.byte	0x5
 656 00eb 3501     		.2byte	0x135
 657 00ed A2020000 		.4byte	0x2a2
 658 00f1 08       		.uleb128 0x8
 659 00f2 81040000 		.4byte	.LASF21
 660 00f6 00       		.byte	0
 661 00f7 08       		.uleb128 0x8
 662 00f8 06020000 		.4byte	.LASF22
 663 00fc 01       		.byte	0x1
 664 00fd 08       		.uleb128 0x8
 665 00fe 1B010000 		.4byte	.LASF23
 666 0102 02       		.byte	0x2
 667 0103 08       		.uleb128 0x8
 668 0104 8F0A0000 		.4byte	.LASF24
 669 0108 03       		.byte	0x3
 670 0109 08       		.uleb128 0x8
 671 010a 4D010000 		.4byte	.LASF25
 672 010e 04       		.byte	0x4
 673 010f 08       		.uleb128 0x8
 674 0110 23000000 		.4byte	.LASF26
 675 0114 05       		.byte	0x5
 676 0115 08       		.uleb128 0x8
 677 0116 B6040000 		.4byte	.LASF27
 678 011a 06       		.byte	0x6
ARM GAS  C:\Users\alexport\AppData\Local\Temp\cckgiwDd.s 			page 15


 679 011b 08       		.uleb128 0x8
 680 011c 34060000 		.4byte	.LASF28
 681 0120 20       		.byte	0x20
 682 0121 08       		.uleb128 0x8
 683 0122 38020000 		.4byte	.LASF29
 684 0126 21       		.byte	0x21
 685 0127 08       		.uleb128 0x8
 686 0128 EE040000 		.4byte	.LASF30
 687 012c 22       		.byte	0x22
 688 012d 08       		.uleb128 0x8
 689 012e 690A0000 		.4byte	.LASF31
 690 0132 23       		.byte	0x23
 691 0133 08       		.uleb128 0x8
 692 0134 8D070000 		.4byte	.LASF32
 693 0138 24       		.byte	0x24
 694 0139 08       		.uleb128 0x8
 695 013a E9060000 		.4byte	.LASF33
 696 013e 25       		.byte	0x25
 697 013f 08       		.uleb128 0x8
 698 0140 91020000 		.4byte	.LASF34
 699 0144 26       		.byte	0x26
 700 0145 08       		.uleb128 0x8
 701 0146 12050000 		.4byte	.LASF35
 702 014a 27       		.byte	0x27
 703 014b 08       		.uleb128 0x8
 704 014c 91090000 		.4byte	.LASF36
 705 0150 28       		.byte	0x28
 706 0151 08       		.uleb128 0x8
 707 0152 A6010000 		.4byte	.LASF37
 708 0156 29       		.byte	0x29
 709 0157 08       		.uleb128 0x8
 710 0158 72000000 		.4byte	.LASF38
 711 015c 2A       		.byte	0x2a
 712 015d 08       		.uleb128 0x8
 713 015e 19020000 		.4byte	.LASF39
 714 0162 2B       		.byte	0x2b
 715 0163 08       		.uleb128 0x8
 716 0164 690B0000 		.4byte	.LASF40
 717 0168 2C       		.byte	0x2c
 718 0169 08       		.uleb128 0x8
 719 016a C3010000 		.4byte	.LASF41
 720 016e 2D       		.byte	0x2d
 721 016f 08       		.uleb128 0x8
 722 0170 E6090000 		.4byte	.LASF42
 723 0174 2E       		.byte	0x2e
 724 0175 08       		.uleb128 0x8
 725 0176 BC000000 		.4byte	.LASF43
 726 017a 2F       		.byte	0x2f
 727 017b 08       		.uleb128 0x8
 728 017c 4F070000 		.4byte	.LASF44
 729 0180 30       		.byte	0x30
 730 0181 08       		.uleb128 0x8
 731 0182 E40B0000 		.4byte	.LASF45
 732 0186 31       		.byte	0x31
 733 0187 08       		.uleb128 0x8
 734 0188 2E070000 		.4byte	.LASF46
 735 018c 32       		.byte	0x32
ARM GAS  C:\Users\alexport\AppData\Local\Temp\cckgiwDd.s 			page 16


 736 018d 08       		.uleb128 0x8
 737 018e 2A090000 		.4byte	.LASF47
 738 0192 33       		.byte	0x33
 739 0193 08       		.uleb128 0x8
 740 0194 D2030000 		.4byte	.LASF48
 741 0198 34       		.byte	0x34
 742 0199 08       		.uleb128 0x8
 743 019a 70070000 		.4byte	.LASF49
 744 019e 35       		.byte	0x35
 745 019f 08       		.uleb128 0x8
 746 01a0 31050000 		.4byte	.LASF50
 747 01a4 36       		.byte	0x36
 748 01a5 08       		.uleb128 0x8
 749 01a6 6C060000 		.4byte	.LASF51
 750 01aa 37       		.byte	0x37
 751 01ab 08       		.uleb128 0x8
 752 01ac 10090000 		.4byte	.LASF52
 753 01b0 40       		.byte	0x40
 754 01b1 08       		.uleb128 0x8
 755 01b2 FD050000 		.4byte	.LASF53
 756 01b6 41       		.byte	0x41
 757 01b7 08       		.uleb128 0x8
 758 01b8 240C0000 		.4byte	.LASF54
 759 01bc 42       		.byte	0x42
 760 01bd 08       		.uleb128 0x8
 761 01be 030B0000 		.4byte	.LASF55
 762 01c2 43       		.byte	0x43
 763 01c3 08       		.uleb128 0x8
 764 01c4 04040000 		.4byte	.LASF56
 765 01c8 44       		.byte	0x44
 766 01c9 08       		.uleb128 0x8
 767 01ca 14080000 		.4byte	.LASF57
 768 01ce 45       		.byte	0x45
 769 01cf 08       		.uleb128 0x8
 770 01d0 BF060000 		.4byte	.LASF58
 771 01d4 46       		.byte	0x46
 772 01d5 08       		.uleb128 0x8
 773 01d6 98040000 		.4byte	.LASF59
 774 01da 47       		.byte	0x47
 775 01db 08       		.uleb128 0x8
 776 01dc 420B0000 		.4byte	.LASF60
 777 01e0 48       		.byte	0x48
 778 01e1 08       		.uleb128 0x8
 779 01e2 4F020000 		.4byte	.LASF61
 780 01e6 49       		.byte	0x49
 781 01e7 08       		.uleb128 0x8
 782 01e8 2D0A0000 		.4byte	.LASF62
 783 01ec 4A       		.byte	0x4a
 784 01ed 08       		.uleb128 0x8
 785 01ee E5000000 		.4byte	.LASF63
 786 01f2 4B       		.byte	0x4b
 787 01f3 08       		.uleb128 0x8
 788 01f4 EA030000 		.4byte	.LASF64
 789 01f8 4C       		.byte	0x4c
 790 01f9 08       		.uleb128 0x8
 791 01fa 14070000 		.4byte	.LASF65
 792 01fe 4D       		.byte	0x4d
ARM GAS  C:\Users\alexport\AppData\Local\Temp\cckgiwDd.s 			page 17


 793 01ff 08       		.uleb128 0x8
 794 0200 68020000 		.4byte	.LASF66
 795 0204 4E       		.byte	0x4e
 796 0205 08       		.uleb128 0x8
 797 0206 D0080000 		.4byte	.LASF67
 798 020a 4F       		.byte	0x4f
 799 020b 08       		.uleb128 0x8
 800 020c CF040000 		.4byte	.LASF68
 801 0210 50       		.byte	0x50
 802 0211 08       		.uleb128 0x8
 803 0212 BF020000 		.4byte	.LASF69
 804 0216 51       		.byte	0x51
 805 0217 08       		.uleb128 0x8
 806 0218 BD070000 		.4byte	.LASF70
 807 021c 52       		.byte	0x52
 808 021d 08       		.uleb128 0x8
 809 021e 86080000 		.4byte	.LASF71
 810 0222 53       		.byte	0x53
 811 0223 08       		.uleb128 0x8
 812 0224 EF080000 		.4byte	.LASF72
 813 0228 54       		.byte	0x54
 814 0229 08       		.uleb128 0x8
 815 022a 22040000 		.4byte	.LASF73
 816 022e 55       		.byte	0x55
 817 022f 08       		.uleb128 0x8
 818 0230 60030000 		.4byte	.LASF74
 819 0234 56       		.byte	0x56
 820 0235 08       		.uleb128 0x8
 821 0236 B3090000 		.4byte	.LASF75
 822 023a 57       		.byte	0x57
 823 023b 08       		.uleb128 0x8
 824 023c 46040000 		.4byte	.LASF76
 825 0240 58       		.byte	0x58
 826 0241 08       		.uleb128 0x8
 827 0242 80010000 		.4byte	.LASF77
 828 0246 70       		.byte	0x70
 829 0247 08       		.uleb128 0x8
 830 0248 B70B0000 		.4byte	.LASF78
 831 024c 71       		.byte	0x71
 832 024d 08       		.uleb128 0x8
 833 024e 18060000 		.4byte	.LASF79
 834 0252 72       		.byte	0x72
 835 0253 08       		.uleb128 0x8
 836 0254 A1060000 		.4byte	.LASF80
 837 0258 73       		.byte	0x73
 838 0259 08       		.uleb128 0x8
 839 025a F6070000 		.4byte	.LASF81
 840 025e 74       		.byte	0x74
 841 025f 08       		.uleb128 0x8
 842 0260 8D0B0000 		.4byte	.LASF82
 843 0264 75       		.byte	0x75
 844 0265 08       		.uleb128 0x8
 845 0266 9B000000 		.4byte	.LASF83
 846 026a 76       		.byte	0x76
 847 026b 08       		.uleb128 0x8
 848 026c 53000000 		.4byte	.LASF84
 849 0270 77       		.byte	0x77
ARM GAS  C:\Users\alexport\AppData\Local\Temp\cckgiwDd.s 			page 18


 850 0271 08       		.uleb128 0x8
 851 0272 00000000 		.4byte	.LASF85
 852 0276 78       		.byte	0x78
 853 0277 08       		.uleb128 0x8
 854 0278 0A0A0000 		.4byte	.LASF86
 855 027c 79       		.byte	0x79
 856 027d 08       		.uleb128 0x8
 857 027e 33030000 		.4byte	.LASF87
 858 0282 7A       		.byte	0x7a
 859 0283 08       		.uleb128 0x8
 860 0284 62010000 		.4byte	.LASF88
 861 0288 FA       		.byte	0xfa
 862 0289 08       		.uleb128 0x8
 863 028a 9B030000 		.4byte	.LASF89
 864 028e FB       		.byte	0xfb
 865 028f 08       		.uleb128 0x8
 866 0290 A7080000 		.4byte	.LASF90
 867 0294 FC       		.byte	0xfc
 868 0295 08       		.uleb128 0x8
 869 0296 5D090000 		.4byte	.LASF91
 870 029a FD       		.byte	0xfd
 871 029b 08       		.uleb128 0x8
 872 029c 1A030000 		.4byte	.LASF92
 873 02a0 FF       		.byte	0xff
 874 02a1 00       		.byte	0
 875 02a2 09       		.uleb128 0x9
 876 02a3 01       		.byte	0x1
 877 02a4 37000000 		.4byte	0x37
 878 02a8 06       		.byte	0x6
 879 02a9 22       		.byte	0x22
 880 02aa EB020000 		.4byte	0x2eb
 881 02ae 08       		.uleb128 0x8
 882 02af 080C0000 		.4byte	.LASF93
 883 02b3 00       		.byte	0
 884 02b4 08       		.uleb128 0x8
 885 02b5 75090000 		.4byte	.LASF94
 886 02b9 01       		.byte	0x1
 887 02ba 08       		.uleb128 0x8
 888 02bb 41080000 		.4byte	.LASF95
 889 02bf 02       		.byte	0x2
 890 02c0 08       		.uleb128 0x8
 891 02c1 03030000 		.4byte	.LASF96
 892 02c5 03       		.byte	0x3
 893 02c6 08       		.uleb128 0x8
 894 02c7 E5020000 		.4byte	.LASF97
 895 02cb 04       		.byte	0x4
 896 02cc 08       		.uleb128 0x8
 897 02cd B9080000 		.4byte	.LASF98
 898 02d1 05       		.byte	0x5
 899 02d2 08       		.uleb128 0x8
 900 02d3 58060000 		.4byte	.LASF99
 901 02d7 06       		.byte	0x6
 902 02d8 08       		.uleb128 0x8
 903 02d9 DE070000 		.4byte	.LASF100
 904 02dd 07       		.byte	0x7
 905 02de 08       		.uleb128 0x8
 906 02df 52050000 		.4byte	.LASF101
ARM GAS  C:\Users\alexport\AppData\Local\Temp\cckgiwDd.s 			page 19


 907 02e3 08       		.byte	0x8
 908 02e4 08       		.uleb128 0x8
 909 02e5 67080000 		.4byte	.LASF102
 910 02e9 09       		.byte	0x9
 911 02ea 00       		.byte	0
 912 02eb 0A       		.uleb128 0xa
 913 02ec 5E0A0000 		.4byte	.LASF103
 914 02f0 01       		.byte	0x1
 915 02f1 12       		.byte	0x12
 916 02f2 8C000000 		.4byte	0x8c
 917 02f6 00000000 		.4byte	.LFB35
 918 02fa 2E000000 		.4byte	.LFE35-.LFB35
 919 02fe 01       		.uleb128 0x1
 920 02ff 9C       		.byte	0x9c
 921 0300 21030000 		.4byte	0x321
 922 0304 0B       		.uleb128 0xb
 923 0305 BA030000 		.4byte	.LASF105
 924 0309 01       		.byte	0x1
 925 030a 12       		.byte	0x12
 926 030b 97000000 		.4byte	0x97
 927 030f 02       		.uleb128 0x2
 928 0310 91       		.byte	0x91
 929 0311 6F       		.sleb128 -17
 930 0312 0C       		.uleb128 0xc
 931 0313 210B0000 		.4byte	.LASF107
 932 0317 01       		.byte	0x1
 933 0318 13       		.byte	0x13
 934 0319 8C000000 		.4byte	0x8c
 935 031d 02       		.uleb128 0x2
 936 031e 91       		.byte	0x91
 937 031f 74       		.sleb128 -12
 938 0320 00       		.byte	0
 939 0321 0A       		.uleb128 0xa
 940 0322 86020000 		.4byte	.LASF104
 941 0326 01       		.byte	0x1
 942 0327 1B       		.byte	0x1b
 943 0328 97000000 		.4byte	0x97
 944 032c 00000000 		.4byte	.LFB36
 945 0330 68000000 		.4byte	.LFE36-.LFB36
 946 0334 01       		.uleb128 0x1
 947 0335 9C       		.byte	0x9c
 948 0336 76030000 		.4byte	0x376
 949 033a 0B       		.uleb128 0xb
 950 033b BA030000 		.4byte	.LASF105
 951 033f 01       		.byte	0x1
 952 0340 1B       		.byte	0x1b
 953 0341 97000000 		.4byte	0x97
 954 0345 02       		.uleb128 0x2
 955 0346 91       		.byte	0x91
 956 0347 6F       		.sleb128 -17
 957 0348 0B       		.uleb128 0xb
 958 0349 03070000 		.4byte	.LASF106
 959 034d 01       		.byte	0x1
 960 034e 1B       		.byte	0x1b
 961 034f 97000000 		.4byte	0x97
 962 0353 02       		.uleb128 0x2
 963 0354 91       		.byte	0x91
ARM GAS  C:\Users\alexport\AppData\Local\Temp\cckgiwDd.s 			page 20


 964 0355 6E       		.sleb128 -18
 965 0356 0C       		.uleb128 0xc
 966 0357 DC090000 		.4byte	.LASF108
 967 035b 01       		.byte	0x1
 968 035c 1D       		.byte	0x1d
 969 035d 97000000 		.4byte	0x97
 970 0361 05       		.uleb128 0x5
 971 0362 03       		.byte	0x3
 972 0363 00000000 		.4byte	theResult.8267
 973 0367 0C       		.uleb128 0xc
 974 0368 210B0000 		.4byte	.LASF107
 975 036c 01       		.byte	0x1
 976 036d 1E       		.byte	0x1e
 977 036e 81000000 		.4byte	0x81
 978 0372 02       		.uleb128 0x2
 979 0373 91       		.byte	0x91
 980 0374 77       		.sleb128 -9
 981 0375 00       		.byte	0
 982 0376 0A       		.uleb128 0xa
 983 0377 F1050000 		.4byte	.LASF109
 984 037b 01       		.byte	0x1
 985 037c 29       		.byte	0x29
 986 037d A3000000 		.4byte	0xa3
 987 0381 00000000 		.4byte	.LFB37
 988 0385 6E000000 		.4byte	.LFE37-.LFB37
 989 0389 01       		.uleb128 0x1
 990 038a 9C       		.byte	0x9c
 991 038b BA030000 		.4byte	0x3ba
 992 038f 0B       		.uleb128 0xb
 993 0390 BA030000 		.4byte	.LASF105
 994 0394 01       		.byte	0x1
 995 0395 29       		.byte	0x29
 996 0396 97000000 		.4byte	0x97
 997 039a 02       		.uleb128 0x2
 998 039b 91       		.byte	0x91
 999 039c 6F       		.sleb128 -17
 1000 039d 0B       		.uleb128 0xb
 1001 039e 03070000 		.4byte	.LASF106
 1002 03a2 01       		.byte	0x1
 1003 03a3 29       		.byte	0x29
 1004 03a4 97000000 		.4byte	0x97
 1005 03a8 02       		.uleb128 0x2
 1006 03a9 91       		.byte	0x91
 1007 03aa 6E       		.sleb128 -18
 1008 03ab 0C       		.uleb128 0xc
 1009 03ac DC090000 		.4byte	.LASF108
 1010 03b0 01       		.byte	0x1
 1011 03b1 2B       		.byte	0x2b
 1012 03b2 A3000000 		.4byte	0xa3
 1013 03b6 02       		.uleb128 0x2
 1014 03b7 91       		.byte	0x91
 1015 03b8 76       		.sleb128 -10
 1016 03b9 00       		.byte	0
 1017 03ba 0D       		.uleb128 0xd
 1018 03bb 8F030000 		.4byte	.LASF111
 1019 03bf 01       		.byte	0x1
 1020 03c0 33       		.byte	0x33
ARM GAS  C:\Users\alexport\AppData\Local\Temp\cckgiwDd.s 			page 21


 1021 03c1 00000000 		.4byte	.LFB38
 1022 03c5 5C000000 		.4byte	.LFE38-.LFB38
 1023 03c9 01       		.uleb128 0x1
 1024 03ca 9C       		.byte	0x9c
 1025 03cb FA030000 		.4byte	0x3fa
 1026 03cf 0B       		.uleb128 0xb
 1027 03d0 BA030000 		.4byte	.LASF105
 1028 03d4 01       		.byte	0x1
 1029 03d5 33       		.byte	0x33
 1030 03d6 97000000 		.4byte	0x97
 1031 03da 02       		.uleb128 0x2
 1032 03db 91       		.byte	0x91
 1033 03dc 6F       		.sleb128 -17
 1034 03dd 0B       		.uleb128 0xb
 1035 03de 03070000 		.4byte	.LASF106
 1036 03e2 01       		.byte	0x1
 1037 03e3 33       		.byte	0x33
 1038 03e4 97000000 		.4byte	0x97
 1039 03e8 02       		.uleb128 0x2
 1040 03e9 91       		.byte	0x91
 1041 03ea 6E       		.sleb128 -18
 1042 03eb 0B       		.uleb128 0xb
 1043 03ec 69040000 		.4byte	.LASF110
 1044 03f0 01       		.byte	0x1
 1045 03f1 33       		.byte	0x33
 1046 03f2 97000000 		.4byte	0x97
 1047 03f6 02       		.uleb128 0x2
 1048 03f7 91       		.byte	0x91
 1049 03f8 6D       		.sleb128 -19
 1050 03f9 00       		.byte	0
 1051 03fa 0D       		.uleb128 0xd
 1052 03fb 46000000 		.4byte	.LASF112
 1053 03ff 01       		.byte	0x1
 1054 0400 3F       		.byte	0x3f
 1055 0401 00000000 		.4byte	.LFB39
 1056 0405 70000000 		.4byte	.LFE39-.LFB39
 1057 0409 01       		.uleb128 0x1
 1058 040a 9C       		.byte	0x9c
 1059 040b 48040000 		.4byte	0x448
 1060 040f 0B       		.uleb128 0xb
 1061 0410 BA030000 		.4byte	.LASF105
 1062 0414 01       		.byte	0x1
 1063 0415 3F       		.byte	0x3f
 1064 0416 97000000 		.4byte	0x97
 1065 041a 02       		.uleb128 0x2
 1066 041b 91       		.byte	0x91
 1067 041c 67       		.sleb128 -25
 1068 041d 0B       		.uleb128 0xb
 1069 041e 03070000 		.4byte	.LASF106
 1070 0422 01       		.byte	0x1
 1071 0423 3F       		.byte	0x3f
 1072 0424 97000000 		.4byte	0x97
 1073 0428 02       		.uleb128 0x2
 1074 0429 91       		.byte	0x91
 1075 042a 66       		.sleb128 -26
 1076 042b 0B       		.uleb128 0xb
 1077 042c 69040000 		.4byte	.LASF110
ARM GAS  C:\Users\alexport\AppData\Local\Temp\cckgiwDd.s 			page 22


 1078 0430 01       		.byte	0x1
 1079 0431 3F       		.byte	0x3f
 1080 0432 A3000000 		.4byte	0xa3
 1081 0436 02       		.uleb128 0x2
 1082 0437 91       		.byte	0x91
 1083 0438 64       		.sleb128 -28
 1084 0439 0C       		.uleb128 0xc
 1085 043a B1070000 		.4byte	.LASF113
 1086 043e 01       		.byte	0x1
 1087 043f 41       		.byte	0x41
 1088 0440 97000000 		.4byte	0x97
 1089 0444 02       		.uleb128 0x2
 1090 0445 91       		.byte	0x91
 1091 0446 6F       		.sleb128 -17
 1092 0447 00       		.byte	0
 1093 0448 0A       		.uleb128 0xa
 1094 0449 280B0000 		.4byte	.LASF114
 1095 044d 01       		.byte	0x1
 1096 044e 49       		.byte	0x49
 1097 044f AF000000 		.4byte	0xaf
 1098 0453 00000000 		.4byte	.LFB40
 1099 0457 7E000000 		.4byte	.LFE40-.LFB40
 1100 045b 01       		.uleb128 0x1
 1101 045c 9C       		.byte	0x9c
 1102 045d A8040000 		.4byte	0x4a8
 1103 0461 0E       		.uleb128 0xe
 1104 0462 52656700 		.ascii	"Reg\000"
 1105 0466 01       		.byte	0x1
 1106 0467 49       		.byte	0x49
 1107 0468 97000000 		.4byte	0x97
 1108 046c 02       		.uleb128 0x2
 1109 046d 91       		.byte	0x91
 1110 046e 6F       		.sleb128 -17
 1111 046f 0B       		.uleb128 0xb
 1112 0470 57030000 		.4byte	.LASF115
 1113 0474 01       		.byte	0x1
 1114 0475 49       		.byte	0x49
 1115 0476 A3000000 		.4byte	0xa3
 1116 047a 02       		.uleb128 0x2
 1117 047b 91       		.byte	0x91
 1118 047c 6C       		.sleb128 -20
 1119 047d 0B       		.uleb128 0xb
 1120 047e A9070000 		.4byte	.LASF116
 1121 0482 01       		.byte	0x1
 1122 0483 49       		.byte	0x49
 1123 0484 DE000000 		.4byte	0xde
 1124 0488 02       		.uleb128 0x2
 1125 0489 91       		.byte	0x91
 1126 048a 68       		.sleb128 -24
 1127 048b 0C       		.uleb128 0xc
 1128 048c DD0B0000 		.4byte	.LASF117
 1129 0490 01       		.byte	0x1
 1130 0491 4A       		.byte	0x4a
 1131 0492 A8040000 		.4byte	0x4a8
 1132 0496 02       		.uleb128 0x2
 1133 0497 91       		.byte	0x91
 1134 0498 70       		.sleb128 -16
ARM GAS  C:\Users\alexport\AppData\Local\Temp\cckgiwDd.s 			page 23


 1135 0499 0C       		.uleb128 0xc
 1136 049a AE0B0000 		.4byte	.LASF118
 1137 049e 01       		.byte	0x1
 1138 049f 4B       		.byte	0x4b
 1139 04a0 AF000000 		.4byte	0xaf
 1140 04a4 02       		.uleb128 0x2
 1141 04a5 91       		.byte	0x91
 1142 04a6 74       		.sleb128 -12
 1143 04a7 00       		.byte	0
 1144 04a8 0F       		.uleb128 0xf
 1145 04a9 97000000 		.4byte	0x97
 1146 04ad B8040000 		.4byte	0x4b8
 1147 04b1 10       		.uleb128 0x10
 1148 04b2 D7000000 		.4byte	0xd7
 1149 04b6 00       		.byte	0
 1150 04b7 00       		.byte	0
 1151 04b8 0A       		.uleb128 0xa
 1152 04b9 4B0A0000 		.4byte	.LASF119
 1153 04bd 01       		.byte	0x1
 1154 04be 5D       		.byte	0x5d
 1155 04bf AF000000 		.4byte	0xaf
 1156 04c3 00000000 		.4byte	.LFB41
 1157 04c7 30000000 		.4byte	.LFE41-.LFB41
 1158 04cb 01       		.uleb128 0x1
 1159 04cc 9C       		.byte	0x9c
 1160 04cd FC040000 		.4byte	0x4fc
 1161 04d1 0E       		.uleb128 0xe
 1162 04d2 52656700 		.ascii	"Reg\000"
 1163 04d6 01       		.byte	0x1
 1164 04d7 5D       		.byte	0x5d
 1165 04d8 97000000 		.4byte	0x97
 1166 04dc 02       		.uleb128 0x2
 1167 04dd 91       		.byte	0x91
 1168 04de 77       		.sleb128 -9
 1169 04df 0B       		.uleb128 0xb
 1170 04e0 57030000 		.4byte	.LASF115
 1171 04e4 01       		.byte	0x1
 1172 04e5 5D       		.byte	0x5d
 1173 04e6 A3000000 		.4byte	0xa3
 1174 04ea 02       		.uleb128 0x2
 1175 04eb 91       		.byte	0x91
 1176 04ec 74       		.sleb128 -12
 1177 04ed 0B       		.uleb128 0xb
 1178 04ee A9070000 		.4byte	.LASF116
 1179 04f2 01       		.byte	0x1
 1180 04f3 5D       		.byte	0x5d
 1181 04f4 DE000000 		.4byte	0xde
 1182 04f8 02       		.uleb128 0x2
 1183 04f9 91       		.byte	0x91
 1184 04fa 70       		.sleb128 -16
 1185 04fb 00       		.byte	0
 1186 04fc 0F       		.uleb128 0xf
 1187 04fd 81000000 		.4byte	0x81
 1188 0501 0C050000 		.4byte	0x50c
 1189 0505 10       		.uleb128 0x10
 1190 0506 D7000000 		.4byte	0xd7
 1191 050a 63       		.byte	0x63
ARM GAS  C:\Users\alexport\AppData\Local\Temp\cckgiwDd.s 			page 24


 1192 050b 00       		.byte	0
 1193 050c 11       		.uleb128 0x11
 1194 050d 0B070000 		.4byte	.LASF123
 1195 0511 01       		.byte	0x1
 1196 0512 10       		.byte	0x10
 1197 0513 FC040000 		.4byte	0x4fc
 1198 0517 05       		.uleb128 0x5
 1199 0518 03       		.byte	0x3
 1200 0519 00000000 		.4byte	slaveBuf
 1201 051d 00       		.byte	0
 1202              		.section	.debug_abbrev,"",%progbits
 1203              	.Ldebug_abbrev0:
 1204 0000 01       		.uleb128 0x1
 1205 0001 11       		.uleb128 0x11
 1206 0002 01       		.byte	0x1
 1207 0003 25       		.uleb128 0x25
 1208 0004 0E       		.uleb128 0xe
 1209 0005 13       		.uleb128 0x13
 1210 0006 0B       		.uleb128 0xb
 1211 0007 03       		.uleb128 0x3
 1212 0008 0E       		.uleb128 0xe
 1213 0009 1B       		.uleb128 0x1b
 1214 000a 0E       		.uleb128 0xe
 1215 000b 55       		.uleb128 0x55
 1216 000c 17       		.uleb128 0x17
 1217 000d 11       		.uleb128 0x11
 1218 000e 01       		.uleb128 0x1
 1219 000f 10       		.uleb128 0x10
 1220 0010 17       		.uleb128 0x17
 1221 0011 00       		.byte	0
 1222 0012 00       		.byte	0
 1223 0013 02       		.uleb128 0x2
 1224 0014 24       		.uleb128 0x24
 1225 0015 00       		.byte	0
 1226 0016 0B       		.uleb128 0xb
 1227 0017 0B       		.uleb128 0xb
 1228 0018 3E       		.uleb128 0x3e
 1229 0019 0B       		.uleb128 0xb
 1230 001a 03       		.uleb128 0x3
 1231 001b 0E       		.uleb128 0xe
 1232 001c 00       		.byte	0
 1233 001d 00       		.byte	0
 1234 001e 03       		.uleb128 0x3
 1235 001f 16       		.uleb128 0x16
 1236 0020 00       		.byte	0
 1237 0021 03       		.uleb128 0x3
 1238 0022 0E       		.uleb128 0xe
 1239 0023 3A       		.uleb128 0x3a
 1240 0024 0B       		.uleb128 0xb
 1241 0025 3B       		.uleb128 0x3b
 1242 0026 0B       		.uleb128 0xb
 1243 0027 49       		.uleb128 0x49
 1244 0028 13       		.uleb128 0x13
 1245 0029 00       		.byte	0
 1246 002a 00       		.byte	0
 1247 002b 04       		.uleb128 0x4
 1248 002c 24       		.uleb128 0x24
ARM GAS  C:\Users\alexport\AppData\Local\Temp\cckgiwDd.s 			page 25


 1249 002d 00       		.byte	0
 1250 002e 0B       		.uleb128 0xb
 1251 002f 0B       		.uleb128 0xb
 1252 0030 3E       		.uleb128 0x3e
 1253 0031 0B       		.uleb128 0xb
 1254 0032 03       		.uleb128 0x3
 1255 0033 08       		.uleb128 0x8
 1256 0034 00       		.byte	0
 1257 0035 00       		.byte	0
 1258 0036 05       		.uleb128 0x5
 1259 0037 16       		.uleb128 0x16
 1260 0038 00       		.byte	0
 1261 0039 03       		.uleb128 0x3
 1262 003a 0E       		.uleb128 0xe
 1263 003b 3A       		.uleb128 0x3a
 1264 003c 0B       		.uleb128 0xb
 1265 003d 3B       		.uleb128 0x3b
 1266 003e 05       		.uleb128 0x5
 1267 003f 49       		.uleb128 0x49
 1268 0040 13       		.uleb128 0x13
 1269 0041 00       		.byte	0
 1270 0042 00       		.byte	0
 1271 0043 06       		.uleb128 0x6
 1272 0044 0F       		.uleb128 0xf
 1273 0045 00       		.byte	0
 1274 0046 0B       		.uleb128 0xb
 1275 0047 0B       		.uleb128 0xb
 1276 0048 49       		.uleb128 0x49
 1277 0049 13       		.uleb128 0x13
 1278 004a 00       		.byte	0
 1279 004b 00       		.byte	0
 1280 004c 07       		.uleb128 0x7
 1281 004d 04       		.uleb128 0x4
 1282 004e 01       		.byte	0x1
 1283 004f 0B       		.uleb128 0xb
 1284 0050 0B       		.uleb128 0xb
 1285 0051 49       		.uleb128 0x49
 1286 0052 13       		.uleb128 0x13
 1287 0053 3A       		.uleb128 0x3a
 1288 0054 0B       		.uleb128 0xb
 1289 0055 3B       		.uleb128 0x3b
 1290 0056 05       		.uleb128 0x5
 1291 0057 01       		.uleb128 0x1
 1292 0058 13       		.uleb128 0x13
 1293 0059 00       		.byte	0
 1294 005a 00       		.byte	0
 1295 005b 08       		.uleb128 0x8
 1296 005c 28       		.uleb128 0x28
 1297 005d 00       		.byte	0
 1298 005e 03       		.uleb128 0x3
 1299 005f 0E       		.uleb128 0xe
 1300 0060 1C       		.uleb128 0x1c
 1301 0061 0B       		.uleb128 0xb
 1302 0062 00       		.byte	0
 1303 0063 00       		.byte	0
 1304 0064 09       		.uleb128 0x9
 1305 0065 04       		.uleb128 0x4
ARM GAS  C:\Users\alexport\AppData\Local\Temp\cckgiwDd.s 			page 26


 1306 0066 01       		.byte	0x1
 1307 0067 0B       		.uleb128 0xb
 1308 0068 0B       		.uleb128 0xb
 1309 0069 49       		.uleb128 0x49
 1310 006a 13       		.uleb128 0x13
 1311 006b 3A       		.uleb128 0x3a
 1312 006c 0B       		.uleb128 0xb
 1313 006d 3B       		.uleb128 0x3b
 1314 006e 0B       		.uleb128 0xb
 1315 006f 01       		.uleb128 0x1
 1316 0070 13       		.uleb128 0x13
 1317 0071 00       		.byte	0
 1318 0072 00       		.byte	0
 1319 0073 0A       		.uleb128 0xa
 1320 0074 2E       		.uleb128 0x2e
 1321 0075 01       		.byte	0x1
 1322 0076 3F       		.uleb128 0x3f
 1323 0077 19       		.uleb128 0x19
 1324 0078 03       		.uleb128 0x3
 1325 0079 0E       		.uleb128 0xe
 1326 007a 3A       		.uleb128 0x3a
 1327 007b 0B       		.uleb128 0xb
 1328 007c 3B       		.uleb128 0x3b
 1329 007d 0B       		.uleb128 0xb
 1330 007e 27       		.uleb128 0x27
 1331 007f 19       		.uleb128 0x19
 1332 0080 49       		.uleb128 0x49
 1333 0081 13       		.uleb128 0x13
 1334 0082 11       		.uleb128 0x11
 1335 0083 01       		.uleb128 0x1
 1336 0084 12       		.uleb128 0x12
 1337 0085 06       		.uleb128 0x6
 1338 0086 40       		.uleb128 0x40
 1339 0087 18       		.uleb128 0x18
 1340 0088 9642     		.uleb128 0x2116
 1341 008a 19       		.uleb128 0x19
 1342 008b 01       		.uleb128 0x1
 1343 008c 13       		.uleb128 0x13
 1344 008d 00       		.byte	0
 1345 008e 00       		.byte	0
 1346 008f 0B       		.uleb128 0xb
 1347 0090 05       		.uleb128 0x5
 1348 0091 00       		.byte	0
 1349 0092 03       		.uleb128 0x3
 1350 0093 0E       		.uleb128 0xe
 1351 0094 3A       		.uleb128 0x3a
 1352 0095 0B       		.uleb128 0xb
 1353 0096 3B       		.uleb128 0x3b
 1354 0097 0B       		.uleb128 0xb
 1355 0098 49       		.uleb128 0x49
 1356 0099 13       		.uleb128 0x13
 1357 009a 02       		.uleb128 0x2
 1358 009b 18       		.uleb128 0x18
 1359 009c 00       		.byte	0
 1360 009d 00       		.byte	0
 1361 009e 0C       		.uleb128 0xc
 1362 009f 34       		.uleb128 0x34
ARM GAS  C:\Users\alexport\AppData\Local\Temp\cckgiwDd.s 			page 27


 1363 00a0 00       		.byte	0
 1364 00a1 03       		.uleb128 0x3
 1365 00a2 0E       		.uleb128 0xe
 1366 00a3 3A       		.uleb128 0x3a
 1367 00a4 0B       		.uleb128 0xb
 1368 00a5 3B       		.uleb128 0x3b
 1369 00a6 0B       		.uleb128 0xb
 1370 00a7 49       		.uleb128 0x49
 1371 00a8 13       		.uleb128 0x13
 1372 00a9 02       		.uleb128 0x2
 1373 00aa 18       		.uleb128 0x18
 1374 00ab 00       		.byte	0
 1375 00ac 00       		.byte	0
 1376 00ad 0D       		.uleb128 0xd
 1377 00ae 2E       		.uleb128 0x2e
 1378 00af 01       		.byte	0x1
 1379 00b0 3F       		.uleb128 0x3f
 1380 00b1 19       		.uleb128 0x19
 1381 00b2 03       		.uleb128 0x3
 1382 00b3 0E       		.uleb128 0xe
 1383 00b4 3A       		.uleb128 0x3a
 1384 00b5 0B       		.uleb128 0xb
 1385 00b6 3B       		.uleb128 0x3b
 1386 00b7 0B       		.uleb128 0xb
 1387 00b8 27       		.uleb128 0x27
 1388 00b9 19       		.uleb128 0x19
 1389 00ba 11       		.uleb128 0x11
 1390 00bb 01       		.uleb128 0x1
 1391 00bc 12       		.uleb128 0x12
 1392 00bd 06       		.uleb128 0x6
 1393 00be 40       		.uleb128 0x40
 1394 00bf 18       		.uleb128 0x18
 1395 00c0 9642     		.uleb128 0x2116
 1396 00c2 19       		.uleb128 0x19
 1397 00c3 01       		.uleb128 0x1
 1398 00c4 13       		.uleb128 0x13
 1399 00c5 00       		.byte	0
 1400 00c6 00       		.byte	0
 1401 00c7 0E       		.uleb128 0xe
 1402 00c8 05       		.uleb128 0x5
 1403 00c9 00       		.byte	0
 1404 00ca 03       		.uleb128 0x3
 1405 00cb 08       		.uleb128 0x8
 1406 00cc 3A       		.uleb128 0x3a
 1407 00cd 0B       		.uleb128 0xb
 1408 00ce 3B       		.uleb128 0x3b
 1409 00cf 0B       		.uleb128 0xb
 1410 00d0 49       		.uleb128 0x49
 1411 00d1 13       		.uleb128 0x13
 1412 00d2 02       		.uleb128 0x2
 1413 00d3 18       		.uleb128 0x18
 1414 00d4 00       		.byte	0
 1415 00d5 00       		.byte	0
 1416 00d6 0F       		.uleb128 0xf
 1417 00d7 01       		.uleb128 0x1
 1418 00d8 01       		.byte	0x1
 1419 00d9 49       		.uleb128 0x49
ARM GAS  C:\Users\alexport\AppData\Local\Temp\cckgiwDd.s 			page 28


 1420 00da 13       		.uleb128 0x13
 1421 00db 01       		.uleb128 0x1
 1422 00dc 13       		.uleb128 0x13
 1423 00dd 00       		.byte	0
 1424 00de 00       		.byte	0
 1425 00df 10       		.uleb128 0x10
 1426 00e0 21       		.uleb128 0x21
 1427 00e1 00       		.byte	0
 1428 00e2 49       		.uleb128 0x49
 1429 00e3 13       		.uleb128 0x13
 1430 00e4 2F       		.uleb128 0x2f
 1431 00e5 0B       		.uleb128 0xb
 1432 00e6 00       		.byte	0
 1433 00e7 00       		.byte	0
 1434 00e8 11       		.uleb128 0x11
 1435 00e9 34       		.uleb128 0x34
 1436 00ea 00       		.byte	0
 1437 00eb 03       		.uleb128 0x3
 1438 00ec 0E       		.uleb128 0xe
 1439 00ed 3A       		.uleb128 0x3a
 1440 00ee 0B       		.uleb128 0xb
 1441 00ef 3B       		.uleb128 0x3b
 1442 00f0 0B       		.uleb128 0xb
 1443 00f1 49       		.uleb128 0x49
 1444 00f2 13       		.uleb128 0x13
 1445 00f3 3F       		.uleb128 0x3f
 1446 00f4 19       		.uleb128 0x19
 1447 00f5 02       		.uleb128 0x2
 1448 00f6 18       		.uleb128 0x18
 1449 00f7 00       		.byte	0
 1450 00f8 00       		.byte	0
 1451 00f9 00       		.byte	0
 1452              		.section	.debug_aranges,"",%progbits
 1453 0000 4C000000 		.4byte	0x4c
 1454 0004 0200     		.2byte	0x2
 1455 0006 00000000 		.4byte	.Ldebug_info0
 1456 000a 04       		.byte	0x4
 1457 000b 00       		.byte	0
 1458 000c 0000     		.2byte	0
 1459 000e 0000     		.2byte	0
 1460 0010 00000000 		.4byte	.LFB35
 1461 0014 2E000000 		.4byte	.LFE35-.LFB35
 1462 0018 00000000 		.4byte	.LFB36
 1463 001c 68000000 		.4byte	.LFE36-.LFB36
 1464 0020 00000000 		.4byte	.LFB37
 1465 0024 6E000000 		.4byte	.LFE37-.LFB37
 1466 0028 00000000 		.4byte	.LFB38
 1467 002c 5C000000 		.4byte	.LFE38-.LFB38
 1468 0030 00000000 		.4byte	.LFB39
 1469 0034 70000000 		.4byte	.LFE39-.LFB39
 1470 0038 00000000 		.4byte	.LFB40
 1471 003c 7E000000 		.4byte	.LFE40-.LFB40
 1472 0040 00000000 		.4byte	.LFB41
 1473 0044 30000000 		.4byte	.LFE41-.LFB41
 1474 0048 00000000 		.4byte	0
 1475 004c 00000000 		.4byte	0
 1476              		.section	.debug_ranges,"",%progbits
ARM GAS  C:\Users\alexport\AppData\Local\Temp\cckgiwDd.s 			page 29


 1477              	.Ldebug_ranges0:
 1478 0000 00000000 		.4byte	.LFB35
 1479 0004 2E000000 		.4byte	.LFE35
 1480 0008 00000000 		.4byte	.LFB36
 1481 000c 68000000 		.4byte	.LFE36
 1482 0010 00000000 		.4byte	.LFB37
 1483 0014 6E000000 		.4byte	.LFE37
 1484 0018 00000000 		.4byte	.LFB38
 1485 001c 5C000000 		.4byte	.LFE38
 1486 0020 00000000 		.4byte	.LFB39
 1487 0024 70000000 		.4byte	.LFE39
 1488 0028 00000000 		.4byte	.LFB40
 1489 002c 7E000000 		.4byte	.LFE40
 1490 0030 00000000 		.4byte	.LFB41
 1491 0034 30000000 		.4byte	.LFE41
 1492 0038 00000000 		.4byte	0
 1493 003c 00000000 		.4byte	0
 1494              		.section	.debug_line,"",%progbits
 1495              	.Ldebug_line0:
 1496 0000 17020000 		.section	.debug_str,"MS",%progbits,1
 1496      02006201 
 1496      00000201 
 1496      FB0E0D00 
 1496      01010101 
 1497              	.LASF85:
 1498 0000 4359424C 		.ascii	"CYBLE_EVT_L2CAP_CBFC_RX_CREDIT_IND\000"
 1498      455F4556 
 1498      545F4C32 
 1498      4341505F 
 1498      43424643 
 1499              	.LASF26:
 1500 0023 4359424C 		.ascii	"CYBLE_EVT_STACK_BUSY_STATUS\000"
 1500      455F4556 
 1500      545F5354 
 1500      41434B5F 
 1500      42555359 
 1501              	.LASF14:
 1502 003f 75696E74 		.ascii	"uint16\000"
 1502      313600
 1503              	.LASF112:
 1504 0046 6932635F 		.ascii	"i2c_write_16\000"
 1504      77726974 
 1504      655F3136 
 1504      00
 1505              	.LASF84:
 1506 0053 4359424C 		.ascii	"CYBLE_EVT_L2CAP_CBFC_DATA_READ\000"
 1506      455F4556 
 1506      545F4C32 
 1506      4341505F 
 1506      43424643 
 1507              	.LASF38:
 1508 0072 4359424C 		.ascii	"CYBLE_EVT_GAP_CONNECTION_UPDATE_COMPLETE\000"
 1508      455F4556 
 1508      545F4741 
 1508      505F434F 
 1508      4E4E4543 
 1509              	.LASF83:
ARM GAS  C:\Users\alexport\AppData\Local\Temp\cckgiwDd.s 			page 30


 1510 009b 4359424C 		.ascii	"CYBLE_EVT_L2CAP_CBFC_DISCONN_CNF\000"
 1510      455F4556 
 1510      545F4C32 
 1510      4341505F 
 1510      43424643 
 1511              	.LASF43:
 1512 00bc 4359424C 		.ascii	"CYBLE_EVT_GAP_OOB_GENERATED_NOTIFICATION\000"
 1512      455F4556 
 1512      545F4741 
 1512      505F4F4F 
 1512      425F4745 
 1513              	.LASF63:
 1514 00e5 4359424C 		.ascii	"CYBLE_EVT_GATTC_READ_MULTI_RSP\000"
 1514      455F4556 
 1514      545F4741 
 1514      5454435F 
 1514      52454144 
 1515              	.LASF5:
 1516 0104 5F5F7569 		.ascii	"__uint8_t\000"
 1516      6E74385F 
 1516      7400
 1517              	.LASF121:
 1518 010e 6932635F 		.ascii	"i2c_master.c\000"
 1518      6D617374 
 1518      65722E63 
 1518      00
 1519              	.LASF23:
 1520 011b 4359424C 		.ascii	"CYBLE_EVT_TIMEOUT\000"
 1520      455F4556 
 1520      545F5449 
 1520      4D454F55 
 1520      5400
 1521              	.LASF4:
 1522 012d 6C6F6E67 		.ascii	"long int\000"
 1522      20696E74 
 1522      00
 1523              	.LASF9:
 1524 0136 6C6F6E67 		.ascii	"long long unsigned int\000"
 1524      206C6F6E 
 1524      6720756E 
 1524      7369676E 
 1524      65642069 
 1525              	.LASF25:
 1526 014d 4359424C 		.ascii	"CYBLE_EVT_HCI_STATUS\000"
 1526      455F4556 
 1526      545F4843 
 1526      495F5354 
 1526      41545553 
 1527              	.LASF88:
 1528 0162 4359424C 		.ascii	"CYBLE_EVT_PENDING_FLASH_WRITE\000"
 1528      455F4556 
 1528      545F5045 
 1528      4E44494E 
 1528      475F464C 
 1529              	.LASF77:
 1530 0180 4359424C 		.ascii	"CYBLE_EVT_L2CAP_CONN_PARAM_UPDATE_REQ\000"
 1530      455F4556 
ARM GAS  C:\Users\alexport\AppData\Local\Temp\cckgiwDd.s 			page 31


 1530      545F4C32 
 1530      4341505F 
 1530      434F4E4E 
 1531              	.LASF37:
 1532 01a6 4359424C 		.ascii	"CYBLE_EVT_GAP_ENCRYPT_CHANGE\000"
 1532      455F4556 
 1532      545F4741 
 1532      505F454E 
 1532      43525950 
 1533              	.LASF41:
 1534 01c3 4359424C 		.ascii	"CYBLE_EVT_GAP_NUMERIC_COMPARISON_REQUEST\000"
 1534      455F4556 
 1534      545F4741 
 1534      505F4E55 
 1534      4D455249 
 1535              	.LASF8:
 1536 01ec 6C6F6E67 		.ascii	"long long int\000"
 1536      206C6F6E 
 1536      6720696E 
 1536      7400
 1537              	.LASF0:
 1538 01fa 7369676E 		.ascii	"signed char\000"
 1538      65642063 
 1538      68617200 
 1539              	.LASF22:
 1540 0206 4359424C 		.ascii	"CYBLE_EVT_STACK_ON\000"
 1540      455F4556 
 1540      545F5354 
 1540      41434B5F 
 1540      4F4E00
 1541              	.LASF39:
 1542 0219 4359424C 		.ascii	"CYBLE_EVT_GAPC_SCAN_START_STOP\000"
 1542      455F4556 
 1542      545F4741 
 1542      50435F53 
 1542      43414E5F 
 1543              	.LASF29:
 1544 0238 4359424C 		.ascii	"CYBLE_EVT_GAP_AUTH_REQ\000"
 1544      455F4556 
 1544      545F4741 
 1544      505F4155 
 1544      54485F52 
 1545              	.LASF61:
 1546 024f 4359424C 		.ascii	"CYBLE_EVT_GATTC_READ_RSP\000"
 1546      455F4556 
 1546      545F4741 
 1546      5454435F 
 1546      52454144 
 1547              	.LASF66:
 1548 0268 4359424C 		.ascii	"CYBLE_EVT_GATTS_WRITE_CMD_REQ\000"
 1548      455F4556 
 1548      545F4741 
 1548      5454535F 
 1548      57524954 
 1549              	.LASF104:
 1550 0286 6932635F 		.ascii	"i2c_Read_8\000"
 1550      52656164 
ARM GAS  C:\Users\alexport\AppData\Local\Temp\cckgiwDd.s 			page 32


 1550      5F3800
 1551              	.LASF34:
 1552 0291 4359424C 		.ascii	"CYBLE_EVT_GAPP_ADVERTISEMENT_START_STOP\000"
 1552      455F4556 
 1552      545F4741 
 1552      50505F41 
 1552      44564552 
 1553              	.LASF13:
 1554 02b9 75696E74 		.ascii	"uint8\000"
 1554      3800
 1555              	.LASF69:
 1556 02bf 4359424C 		.ascii	"CYBLE_EVT_GATTC_EXEC_WRITE_RSP\000"
 1556      455F4556 
 1556      545F4741 
 1556      5454435F 
 1556      45584543 
 1557              	.LASF17:
 1558 02de 646F7562 		.ascii	"double\000"
 1558      6C6500
 1559              	.LASF97:
 1560 02e5 4359424C 		.ascii	"CYBLE_DIS_FIRMWARE_REV\000"
 1560      455F4449 
 1560      535F4649 
 1560      524D5741 
 1560      52455F52 
 1561              	.LASF15:
 1562 02fc 75696E74 		.ascii	"uint32\000"
 1562      333200
 1563              	.LASF96:
 1564 0303 4359424C 		.ascii	"CYBLE_DIS_HARDWARE_REV\000"
 1564      455F4449 
 1564      535F4841 
 1564      52445741 
 1564      52455F52 
 1565              	.LASF92:
 1566 031a 4359424C 		.ascii	"CYBLE_EVT_MAX\000"
 1566      455F4556 
 1566      545F4D41 
 1566      5800
 1567              	.LASF6:
 1568 0328 5F5F7569 		.ascii	"__uint32_t\000"
 1568      6E743332 
 1568      5F7400
 1569              	.LASF87:
 1570 0333 4359424C 		.ascii	"CYBLE_EVT_L2CAP_CBFC_DATA_WRITE_IND\000"
 1570      455F4556 
 1570      545F4C32 
 1570      4341505F 
 1570      43424643 
 1571              	.LASF115:
 1572 0357 64617461 		.ascii	"dataSize\000"
 1572      53697A65 
 1572      00
 1573              	.LASF74:
 1574 0360 4359424C 		.ascii	"CYBLE_EVT_GATTC_STOP_CMD_COMPLETE\000"
 1574      455F4556 
 1574      545F4741 
ARM GAS  C:\Users\alexport\AppData\Local\Temp\cckgiwDd.s 			page 33


 1574      5454435F 
 1574      53544F50 
 1575              	.LASF10:
 1576 0382 756E7369 		.ascii	"unsigned int\000"
 1576      676E6564 
 1576      20696E74 
 1576      00
 1577              	.LASF111:
 1578 038f 6932635F 		.ascii	"i2c_write_8\000"
 1578      77726974 
 1578      655F3800 
 1579              	.LASF89:
 1580 039b 4359424C 		.ascii	"CYBLE_EVT_LE_PING_AUTH_TIMEOUT\000"
 1580      455F4556 
 1580      545F4C45 
 1580      5F50494E 
 1580      475F4155 
 1581              	.LASF105:
 1582 03ba 736C6176 		.ascii	"slave\000"
 1582      6500
 1583              	.LASF7:
 1584 03c0 6C6F6E67 		.ascii	"long unsigned int\000"
 1584      20756E73 
 1584      69676E65 
 1584      6420696E 
 1584      7400
 1585              	.LASF48:
 1586 03d2 4359424C 		.ascii	"CYBLE_EVT_GAP_CONN_ESTB\000"
 1586      455F4556 
 1586      545F4741 
 1586      505F434F 
 1586      4E4E5F45 
 1587              	.LASF64:
 1588 03ea 4359424C 		.ascii	"CYBLE_EVT_GATTS_WRITE_REQ\000"
 1588      455F4556 
 1588      545F4741 
 1588      5454535F 
 1588      57524954 
 1589              	.LASF56:
 1590 0404 4359424C 		.ascii	"CYBLE_EVT_GATTC_XCHNG_MTU_RSP\000"
 1590      455F4556 
 1590      545F4741 
 1590      5454435F 
 1590      5843484E 
 1591              	.LASF73:
 1592 0422 4359424C 		.ascii	"CYBLE_EVT_GATTS_DATA_SIGNED_CMD_REQ\000"
 1592      455F4556 
 1592      545F4741 
 1592      5454535F 
 1592      44415441 
 1593              	.LASF76:
 1594 0446 4359424C 		.ascii	"CYBLE_EVT_GATTC_LONG_PROCEDURE_END\000"
 1594      455F4556 
 1594      545F4741 
 1594      5454435F 
 1594      4C4F4E47 
 1595              	.LASF110:
ARM GAS  C:\Users\alexport\AppData\Local\Temp\cckgiwDd.s 			page 34


 1596 0469 64617461 		.ascii	"data\000"
 1596      00
 1597              	.LASF3:
 1598 046e 73686F72 		.ascii	"short unsigned int\000"
 1598      7420756E 
 1598      7369676E 
 1598      65642069 
 1598      6E7400
 1599              	.LASF21:
 1600 0481 4359424C 		.ascii	"CYBLE_EVT_HOST_INVALID\000"
 1600      455F4556 
 1600      545F484F 
 1600      53545F49 
 1600      4E56414C 
 1601              	.LASF59:
 1602 0498 4359424C 		.ascii	"CYBLE_EVT_GATTC_FIND_INFO_RSP\000"
 1602      455F4556 
 1602      545F4741 
 1602      5454435F 
 1602      46494E44 
 1603              	.LASF27:
 1604 04b6 4359424C 		.ascii	"CYBLE_EVT_MEMORY_REQUEST\000"
 1604      455F4556 
 1604      545F4D45 
 1604      4D4F5259 
 1604      5F524551 
 1605              	.LASF68:
 1606 04cf 4359424C 		.ascii	"CYBLE_EVT_GATTS_EXEC_WRITE_REQ\000"
 1606      455F4556 
 1606      545F4741 
 1606      5454535F 
 1606      45584543 
 1607              	.LASF30:
 1608 04ee 4359424C 		.ascii	"CYBLE_EVT_GAP_PASSKEY_ENTRY_REQUEST\000"
 1608      455F4556 
 1608      545F4741 
 1608      505F5041 
 1608      53534B45 
 1609              	.LASF35:
 1610 0512 4359424C 		.ascii	"CYBLE_EVT_GAP_DEVICE_CONNECTED\000"
 1610      455F4556 
 1610      545F4741 
 1610      505F4445 
 1610      56494345 
 1611              	.LASF50:
 1612 0531 4359424C 		.ascii	"CYBLE_EVT_GAP_AUTH_REQ_REPLY_ERR\000"
 1612      455F4556 
 1612      545F4741 
 1612      505F4155 
 1612      54485F52 
 1613              	.LASF101:
 1614 0552 4359424C 		.ascii	"CYBLE_DIS_PNP_ID\000"
 1614      455F4449 
 1614      535F504E 
 1614      505F4944 
 1614      00
 1615              	.LASF120:
ARM GAS  C:\Users\alexport\AppData\Local\Temp\cckgiwDd.s 			page 35


 1616 0563 474E5520 		.ascii	"GNU C11 5.4.1 20160609 (release) [ARM/embedded-5-br"
 1616      43313120 
 1616      352E342E 
 1616      31203230 
 1616      31363036 
 1617 0596 616E6368 		.ascii	"anch revision 237715] -mcpu=cortex-m0 -mthumb -g -O"
 1617      20726576 
 1617      6973696F 
 1617      6E203233 
 1617      37373135 
 1618 05c9 30202D66 		.ascii	"0 -ffunction-sections -ffat-lto-objects\000"
 1618      66756E63 
 1618      74696F6E 
 1618      2D736563 
 1618      74696F6E 
 1619              	.LASF109:
 1620 05f1 6932635F 		.ascii	"i2c_read_16\000"
 1620      72656164 
 1620      5F313600 
 1621              	.LASF53:
 1622 05fd 4359424C 		.ascii	"CYBLE_EVT_GATT_CONNECT_IND\000"
 1622      455F4556 
 1622      545F4741 
 1622      54545F43 
 1622      4F4E4E45 
 1623              	.LASF79:
 1624 0618 4359424C 		.ascii	"CYBLE_EVT_L2CAP_COMMAND_REJ\000"
 1624      455F4556 
 1624      545F4C32 
 1624      4341505F 
 1624      434F4D4D 
 1625              	.LASF28:
 1626 0634 4359424C 		.ascii	"CYBLE_EVT_GAPC_SCAN_PROGRESS_RESULT\000"
 1626      455F4556 
 1626      545F4741 
 1626      50435F53 
 1626      43414E5F 
 1627              	.LASF99:
 1628 0658 4359424C 		.ascii	"CYBLE_DIS_SYSTEM_ID\000"
 1628      455F4449 
 1628      535F5359 
 1628      5354454D 
 1628      5F494400 
 1629              	.LASF51:
 1630 066c 4359424C 		.ascii	"CYBLE_EVT_GAP_SMP_LOC_P256_KEYS_GEN_AND_SET_COMPLET"
 1630      455F4556 
 1630      545F4741 
 1630      505F534D 
 1630      505F4C4F 
 1631 069f 4500     		.ascii	"E\000"
 1632              	.LASF80:
 1633 06a1 4359424C 		.ascii	"CYBLE_EVT_L2CAP_CBFC_CONN_IND\000"
 1633      455F4556 
 1633      545F4C32 
 1633      4341505F 
 1633      43424643 
 1634              	.LASF58:
ARM GAS  C:\Users\alexport\AppData\Local\Temp\cckgiwDd.s 			page 36


 1635 06bf 4359424C 		.ascii	"CYBLE_EVT_GATTC_READ_BY_TYPE_RSP\000"
 1635      455F4556 
 1635      545F4741 
 1635      5454435F 
 1635      52454144 
 1636              	.LASF20:
 1637 06e0 73697A65 		.ascii	"sizetype\000"
 1637      74797065 
 1637      00
 1638              	.LASF33:
 1639 06e9 4359424C 		.ascii	"CYBLE_EVT_GAP_AUTH_FAILED\000"
 1639      455F4556 
 1639      545F4741 
 1639      505F4155 
 1639      54485F46 
 1640              	.LASF106:
 1641 0703 61646472 		.ascii	"address\000"
 1641      65737300 
 1642              	.LASF123:
 1643 070b 736C6176 		.ascii	"slaveBuf\000"
 1643      65427566 
 1643      00
 1644              	.LASF65:
 1645 0714 4359424C 		.ascii	"CYBLE_EVT_GATTC_WRITE_RSP\000"
 1645      455F4556 
 1645      545F4741 
 1645      5454435F 
 1645      57524954 
 1646              	.LASF46:
 1647 072e 4359424C 		.ascii	"CYBLE_EVT_GAPC_DIRECT_ADV_REPORT\000"
 1647      455F4556 
 1647      545F4741 
 1647      50435F44 
 1647      49524543 
 1648              	.LASF44:
 1649 074f 4359424C 		.ascii	"CYBLE_EVT_GAP_DATA_LENGTH_CHANGE\000"
 1649      455F4556 
 1649      545F4741 
 1649      505F4441 
 1649      54415F4C 
 1650              	.LASF49:
 1651 0770 4359424C 		.ascii	"CYBLE_EVT_GAP_SCAN_REQ_RECVD\000"
 1651      455F4556 
 1651      545F4741 
 1651      505F5343 
 1651      414E5F52 
 1652              	.LASF32:
 1653 078d 4359424C 		.ascii	"CYBLE_EVT_GAP_AUTH_COMPLETE\000"
 1653      455F4556 
 1653      545F4741 
 1653      505F4155 
 1653      54485F43 
 1654              	.LASF116:
 1655 07a9 64617461 		.ascii	"dataPtr\000"
 1655      50747200 
 1656              	.LASF113:
 1657 07b1 62797465 		.ascii	"byteToWrite\000"
ARM GAS  C:\Users\alexport\AppData\Local\Temp\cckgiwDd.s 			page 37


 1657      546F5772 
 1657      69746500 
 1658              	.LASF70:
 1659 07bd 4359424C 		.ascii	"CYBLE_EVT_GATTC_HANDLE_VALUE_NTF\000"
 1659      455F4556 
 1659      545F4741 
 1659      5454435F 
 1659      48414E44 
 1660              	.LASF100:
 1661 07de 4359424C 		.ascii	"CYBLE_DIS_REG_CERT_DATA\000"
 1661      455F4449 
 1661      535F5245 
 1661      475F4345 
 1661      52545F44 
 1662              	.LASF81:
 1663 07f6 4359424C 		.ascii	"CYBLE_EVT_L2CAP_CBFC_CONN_CNF\000"
 1663      455F4556 
 1663      545F4C32 
 1663      4341505F 
 1663      43424643 
 1664              	.LASF57:
 1665 0814 4359424C 		.ascii	"CYBLE_EVT_GATTC_READ_BY_GROUP_TYPE_RSP\000"
 1665      455F4556 
 1665      545F4741 
 1665      5454435F 
 1665      52454144 
 1666              	.LASF16:
 1667 083b 666C6F61 		.ascii	"float\000"
 1667      7400
 1668              	.LASF95:
 1669 0841 4359424C 		.ascii	"CYBLE_DIS_SERIAL_NUMBER\000"
 1669      455F4449 
 1669      535F5345 
 1669      5249414C 
 1669      5F4E554D 
 1670              	.LASF1:
 1671 0859 756E7369 		.ascii	"unsigned char\000"
 1671      676E6564 
 1671      20636861 
 1671      7200
 1672              	.LASF102:
 1673 0867 4359424C 		.ascii	"CYBLE_DIS_CHAR_COUNT\000"
 1673      455F4449 
 1673      535F4348 
 1673      41525F43 
 1673      4F554E54 
 1674              	.LASF2:
 1675 087c 73686F72 		.ascii	"short int\000"
 1675      7420696E 
 1675      7400
 1676              	.LASF71:
 1677 0886 4359424C 		.ascii	"CYBLE_EVT_GATTC_HANDLE_VALUE_IND\000"
 1677      455F4556 
 1677      545F4741 
 1677      5454435F 
 1677      48414E44 
 1678              	.LASF90:
ARM GAS  C:\Users\alexport\AppData\Local\Temp\cckgiwDd.s 			page 38


 1679 08a7 4359424C 		.ascii	"CYBLE_EVT_HCI_PKT\000"
 1679      455F4556 
 1679      545F4843 
 1679      495F504B 
 1679      5400
 1680              	.LASF98:
 1681 08b9 4359424C 		.ascii	"CYBLE_DIS_SOFTWARE_REV\000"
 1681      455F4449 
 1681      535F534F 
 1681      46545741 
 1681      52455F52 
 1682              	.LASF67:
 1683 08d0 4359424C 		.ascii	"CYBLE_EVT_GATTS_PREP_WRITE_REQ\000"
 1683      455F4556 
 1683      545F4741 
 1683      5454535F 
 1683      50524550 
 1684              	.LASF72:
 1685 08ef 4359424C 		.ascii	"CYBLE_EVT_GATTS_HANDLE_VALUE_CNF\000"
 1685      455F4556 
 1685      545F4741 
 1685      5454535F 
 1685      48414E44 
 1686              	.LASF52:
 1687 0910 4359424C 		.ascii	"CYBLE_EVT_GATTC_ERROR_RSP\000"
 1687      455F4556 
 1687      545F4741 
 1687      5454435F 
 1687      4552524F 
 1688              	.LASF47:
 1689 092a 4359424C 		.ascii	"CYBLE_EVT_GAP_SMP_NEGOTIATED_AUTH_INFO\000"
 1689      455F4556 
 1689      545F4741 
 1689      505F534D 
 1689      505F4E45 
 1690              	.LASF19:
 1691 0951 6C6F6E67 		.ascii	"long double\000"
 1691      20646F75 
 1691      626C6500 
 1692              	.LASF91:
 1693 095d 4359424C 		.ascii	"CYBLE_EVT_FLASH_CORRUPT\000"
 1693      455F4556 
 1693      545F464C 
 1693      4153485F 
 1693      434F5252 
 1694              	.LASF94:
 1695 0975 4359424C 		.ascii	"CYBLE_DIS_MODEL_NUMBER\000"
 1695      455F4449 
 1695      535F4D4F 
 1695      44454C5F 
 1695      4E554D42 
 1696              	.LASF18:
 1697 098c 63686172 		.ascii	"char\000"
 1697      00
 1698              	.LASF36:
 1699 0991 4359424C 		.ascii	"CYBLE_EVT_GAP_DEVICE_DISCONNECTED\000"
 1699      455F4556 
ARM GAS  C:\Users\alexport\AppData\Local\Temp\cckgiwDd.s 			page 39


 1699      545F4741 
 1699      505F4445 
 1699      56494345 
 1700              	.LASF75:
 1701 09b3 4359424C 		.ascii	"CYBLE_EVT_GATTS_READ_CHAR_VAL_ACCESS_REQ\000"
 1701      455F4556 
 1701      545F4741 
 1701      5454535F 
 1701      52454144 
 1702              	.LASF108:
 1703 09dc 74686552 		.ascii	"theResult\000"
 1703      6573756C 
 1703      7400
 1704              	.LASF42:
 1705 09e6 4359424C 		.ascii	"CYBLE_EVT_GAP_KEYPRESS_NOTIFICATION\000"
 1705      455F4556 
 1705      545F4741 
 1705      505F4B45 
 1705      59505245 
 1706              	.LASF86:
 1707 0a0a 4359424C 		.ascii	"CYBLE_EVT_L2CAP_CBFC_TX_CREDIT_IND\000"
 1707      455F4556 
 1707      545F4C32 
 1707      4341505F 
 1707      43424643 
 1708              	.LASF62:
 1709 0a2d 4359424C 		.ascii	"CYBLE_EVT_GATTC_READ_BLOB_RSP\000"
 1709      455F4556 
 1709      545F4741 
 1709      5454435F 
 1709      52454144 
 1710              	.LASF119:
 1711 0a4b 736C6176 		.ascii	"slave_WriteDataRaw\000"
 1711      655F5772 
 1711      69746544 
 1711      61746152 
 1711      617700
 1712              	.LASF103:
 1713 0a5e 6932635F 		.ascii	"i2c_status\000"
 1713      73746174 
 1713      757300
 1714              	.LASF31:
 1715 0a69 4359424C 		.ascii	"CYBLE_EVT_GAP_PASSKEY_DISPLAY_REQUEST\000"
 1715      455F4556 
 1715      545F4741 
 1715      505F5041 
 1715      53534B45 
 1716              	.LASF24:
 1717 0a8f 4359424C 		.ascii	"CYBLE_EVT_HARDWARE_ERROR\000"
 1717      455F4556 
 1717      545F4841 
 1717      52445741 
 1717      52455F45 
 1718              	.LASF122:
 1719 0aa8 433A5C55 		.ascii	"C:\\Users\\alexport\\OneDrive - Safeguard Analytics"
 1719      73657273 
 1719      5C616C65 
ARM GAS  C:\Users\alexport\AppData\Local\Temp\cckgiwDd.s 			page 40


 1719      78706F72 
 1719      745C4F6E 
 1720 0ad8 5C544553 		.ascii	"\\TESTs\\UART UDB test\\SA-200.cydsn\000"
 1720      54735C55 
 1720      41525420 
 1720      55444220 
 1720      74657374 
 1721              	.LASF12:
 1722 0afa 75696E74 		.ascii	"uint32_t\000"
 1722      33325F74 
 1722      00
 1723              	.LASF55:
 1724 0b03 4359424C 		.ascii	"CYBLE_EVT_GATTS_XCNHG_MTU_REQ\000"
 1724      455F4556 
 1724      545F4741 
 1724      5454535F 
 1724      58434E48 
 1725              	.LASF107:
 1726 0b21 73746174 		.ascii	"status\000"
 1726      757300
 1727              	.LASF114:
 1728 0b28 736C6176 		.ascii	"slave_ReadDataRaw\000"
 1728      655F5265 
 1728      61644461 
 1728      74615261 
 1728      7700
 1729              	.LASF11:
 1730 0b3a 75696E74 		.ascii	"uint8_t\000"
 1730      385F7400 
 1731              	.LASF60:
 1732 0b42 4359424C 		.ascii	"CYBLE_EVT_GATTC_FIND_BY_TYPE_VALUE_RSP\000"
 1732      455F4556 
 1732      545F4741 
 1732      5454435F 
 1732      46494E44 
 1733              	.LASF40:
 1734 0b69 4359424C 		.ascii	"CYBLE_EVT_GAP_KEYINFO_EXCHNGE_CMPLT\000"
 1734      455F4556 
 1734      545F4741 
 1734      505F4B45 
 1734      59494E46 
 1735              	.LASF82:
 1736 0b8d 4359424C 		.ascii	"CYBLE_EVT_L2CAP_CBFC_DISCONN_IND\000"
 1736      455F4556 
 1736      545F4C32 
 1736      4341505F 
 1736      43424643 
 1737              	.LASF118:
 1738 0bae 77725374 		.ascii	"wrStatus\000"
 1738      61747573 
 1738      00
 1739              	.LASF78:
 1740 0bb7 4359424C 		.ascii	"CYBLE_EVT_L2CAP_CONN_PARAM_UPDATE_RSP\000"
 1740      455F4556 
 1740      545F4C32 
 1740      4341505F 
 1740      434F4E4E 
ARM GAS  C:\Users\alexport\AppData\Local\Temp\cckgiwDd.s 			page 41


 1741              	.LASF117:
 1742 0bdd 74784461 		.ascii	"txData\000"
 1742      746100
 1743              	.LASF45:
 1744 0be4 4359424C 		.ascii	"CYBLE_EVT_GAP_ENHANCE_CONN_COMPLETE\000"
 1744      455F4556 
 1744      545F4741 
 1744      505F454E 
 1744      48414E43 
 1745              	.LASF93:
 1746 0c08 4359424C 		.ascii	"CYBLE_DIS_MANUFACTURER_NAME\000"
 1746      455F4449 
 1746      535F4D41 
 1746      4E554641 
 1746      43545552 
 1747              	.LASF54:
 1748 0c24 4359424C 		.ascii	"CYBLE_EVT_GATT_DISCONNECT_IND\000"
 1748      455F4556 
 1748      545F4741 
 1748      54545F44 
 1748      4953434F 
 1749              		.ident	"GCC: (GNU Tools for ARM Embedded Processors) 5.4.1 20160609 (release) [ARM/embedded-5-bran
