ARM GAS  C:\Users\alexport\AppData\Local\Temp\ccunsuAQ.s 			page 1


   1              		.syntax unified
   2              		.cpu cortex-m0
   3              		.fpu softvfp
   4              		.eabi_attribute 20, 1
   5              		.eabi_attribute 21, 1
   6              		.eabi_attribute 23, 3
   7              		.eabi_attribute 24, 1
   8              		.eabi_attribute 25, 1
   9              		.eabi_attribute 26, 1
  10              		.eabi_attribute 30, 6
  11              		.eabi_attribute 34, 0
  12              		.eabi_attribute 18, 4
  13              		.thumb
  14              		.syntax unified
  15              		.file	"sensor.c"
  16              		.text
  17              	.Ltext0:
  18              		.cfi_sections	.debug_frame
  19              		.comm	Sensor,264,8
  20              		.comm	System,184,8
  21              		.comm	s,110,4
  22              	.Letext0:
  23              		.file 1 "c:\\program files (x86)\\cypress\\psoc creator\\4.4\\psoc creator\\import\\gnu\\arm\\5.4.
  24              		.file 2 "c:\\program files (x86)\\cypress\\psoc creator\\4.4\\psoc creator\\import\\gnu\\arm\\5.4.
  25              		.file 3 "Generated_Source\\PSoC4/cytypes.h"
  26              		.file 4 "Generated_Source\\PSoC4/blue_Stack.h"
  27              		.file 5 "Generated_Source\\PSoC4/blue_dis.h"
  28              		.file 6 "sensor.h"
  29              		.file 7 "sensor.c"
  30              		.section	.debug_info,"",%progbits
  31              	.Ldebug_info0:
  32 0000 6E0B0000 		.4byte	0xb6e
  33 0004 0400     		.2byte	0x4
  34 0006 00000000 		.4byte	.Ldebug_abbrev0
  35 000a 04       		.byte	0x4
  36 000b 01       		.uleb128 0x1
  37 000c E7020000 		.4byte	.LASF252
  38 0010 0C       		.byte	0xc
  39 0011 1D090000 		.4byte	.LASF253
  40 0015 80020000 		.4byte	.LASF254
  41 0019 00000000 		.4byte	.Ldebug_line0
  42 001d 02       		.uleb128 0x2
  43 001e 01       		.byte	0x1
  44 001f 06       		.byte	0x6
  45 0020 B5120000 		.4byte	.LASF0
  46 0024 03       		.uleb128 0x3
  47 0025 290F0000 		.4byte	.LASF9
  48 0029 01       		.byte	0x1
  49 002a 1D       		.byte	0x1d
  50 002b 2F000000 		.4byte	0x2f
  51 002f 02       		.uleb128 0x2
  52 0030 01       		.byte	0x1
  53 0031 08       		.byte	0x8
  54 0032 21110000 		.4byte	.LASF1
  55 0036 02       		.uleb128 0x2
  56 0037 02       		.byte	0x2
  57 0038 05       		.byte	0x5
ARM GAS  C:\Users\alexport\AppData\Local\Temp\ccunsuAQ.s 			page 2


  58 0039 4C0D0000 		.4byte	.LASF2
  59 003d 02       		.uleb128 0x2
  60 003e 02       		.byte	0x2
  61 003f 07       		.byte	0x7
  62 0040 C1120000 		.4byte	.LASF3
  63 0044 02       		.uleb128 0x2
  64 0045 04       		.byte	0x4
  65 0046 05       		.byte	0x5
  66 0047 560D0000 		.4byte	.LASF4
  67 004b 02       		.uleb128 0x2
  68 004c 04       		.byte	0x4
  69 004d 07       		.byte	0x7
  70 004e EB0F0000 		.4byte	.LASF5
  71 0052 02       		.uleb128 0x2
  72 0053 08       		.byte	0x8
  73 0054 05       		.byte	0x5
  74 0055 A60A0000 		.4byte	.LASF6
  75 0059 02       		.uleb128 0x2
  76 005a 08       		.byte	0x8
  77 005b 07       		.byte	0x7
  78 005c 8B050000 		.4byte	.LASF7
  79 0060 04       		.uleb128 0x4
  80 0061 04       		.byte	0x4
  81 0062 05       		.byte	0x5
  82 0063 696E7400 		.ascii	"int\000"
  83 0067 02       		.uleb128 0x2
  84 0068 04       		.byte	0x4
  85 0069 07       		.byte	0x7
  86 006a E2010000 		.4byte	.LASF8
  87 006e 03       		.uleb128 0x3
  88 006f 120A0000 		.4byte	.LASF10
  89 0073 02       		.byte	0x2
  90 0074 18       		.byte	0x18
  91 0075 24000000 		.4byte	0x24
  92 0079 05       		.uleb128 0x5
  93 007a 1E130000 		.4byte	.LASF11
  94 007e 03       		.byte	0x3
  95 007f FC01     		.2byte	0x1fc
  96 0081 2F000000 		.4byte	0x2f
  97 0085 05       		.uleb128 0x5
  98 0086 4A0A0000 		.4byte	.LASF12
  99 008a 03       		.byte	0x3
 100 008b FD01     		.2byte	0x1fd
 101 008d 3D000000 		.4byte	0x3d
 102 0091 05       		.uleb128 0x5
 103 0092 8D0C0000 		.4byte	.LASF13
 104 0096 03       		.byte	0x3
 105 0097 FF01     		.2byte	0x1ff
 106 0099 1D000000 		.4byte	0x1d
 107 009d 05       		.uleb128 0x5
 108 009e 7A020000 		.4byte	.LASF14
 109 00a2 03       		.byte	0x3
 110 00a3 0002     		.2byte	0x200
 111 00a5 36000000 		.4byte	0x36
 112 00a9 02       		.uleb128 0x2
 113 00aa 04       		.byte	0x4
 114 00ab 04       		.byte	0x4
ARM GAS  C:\Users\alexport\AppData\Local\Temp\ccunsuAQ.s 			page 3


 115 00ac 2F050000 		.4byte	.LASF15
 116 00b0 02       		.uleb128 0x2
 117 00b1 08       		.byte	0x8
 118 00b2 04       		.byte	0x4
 119 00b3 24130000 		.4byte	.LASF16
 120 00b7 05       		.uleb128 0x5
 121 00b8 970F0000 		.4byte	.LASF17
 122 00bc 03       		.byte	0x3
 123 00bd 0802     		.2byte	0x208
 124 00bf 59000000 		.4byte	0x59
 125 00c3 02       		.uleb128 0x2
 126 00c4 01       		.byte	0x1
 127 00c5 08       		.byte	0x8
 128 00c6 18090000 		.4byte	.LASF18
 129 00ca 02       		.uleb128 0x2
 130 00cb 08       		.byte	0x8
 131 00cc 04       		.byte	0x4
 132 00cd 920C0000 		.4byte	.LASF19
 133 00d1 02       		.uleb128 0x2
 134 00d2 04       		.byte	0x4
 135 00d3 07       		.byte	0x7
 136 00d4 D00F0000 		.4byte	.LASF20
 137 00d8 06       		.uleb128 0x6
 138 00d9 01       		.byte	0x1
 139 00da 2F000000 		.4byte	0x2f
 140 00de 04       		.byte	0x4
 141 00df 3501     		.2byte	0x135
 142 00e1 96020000 		.4byte	0x296
 143 00e5 07       		.uleb128 0x7
 144 00e6 590E0000 		.4byte	.LASF21
 145 00ea 00       		.byte	0
 146 00eb 07       		.uleb128 0x7
 147 00ec 94090000 		.4byte	.LASF22
 148 00f0 01       		.byte	0x1
 149 00f1 07       		.uleb128 0x7
 150 00f2 68110000 		.4byte	.LASF23
 151 00f6 02       		.byte	0x2
 152 00f7 07       		.uleb128 0x7
 153 00f8 C9010000 		.4byte	.LASF24
 154 00fc 03       		.byte	0x3
 155 00fd 07       		.uleb128 0x7
 156 00fe F6080000 		.4byte	.LASF25
 157 0102 04       		.byte	0x4
 158 0103 07       		.uleb128 0x7
 159 0104 B0050000 		.4byte	.LASF26
 160 0108 05       		.byte	0x5
 161 0109 07       		.uleb128 0x7
 162 010a D2100000 		.4byte	.LASF27
 163 010e 06       		.byte	0x6
 164 010f 07       		.uleb128 0x7
 165 0110 700E0000 		.4byte	.LASF28
 166 0114 20       		.byte	0x20
 167 0115 07       		.uleb128 0x7
 168 0116 C6000000 		.4byte	.LASF29
 169 011a 21       		.byte	0x21
 170 011b 07       		.uleb128 0x7
 171 011c AF030000 		.4byte	.LASF30
ARM GAS  C:\Users\alexport\AppData\Local\Temp\ccunsuAQ.s 			page 4


 172 0120 22       		.byte	0x22
 173 0121 07       		.uleb128 0x7
 174 0122 1F100000 		.4byte	.LASF31
 175 0126 23       		.byte	0x23
 176 0127 07       		.uleb128 0x7
 177 0128 5D070000 		.4byte	.LASF32
 178 012c 24       		.byte	0x24
 179 012d 07       		.uleb128 0x7
 180 012e B8100000 		.4byte	.LASF33
 181 0132 25       		.byte	0x25
 182 0133 07       		.uleb128 0x7
 183 0134 840B0000 		.4byte	.LASF34
 184 0138 26       		.byte	0x26
 185 0139 07       		.uleb128 0x7
 186 013a E9110000 		.4byte	.LASF35
 187 013e 27       		.byte	0x27
 188 013f 07       		.uleb128 0x7
 189 0140 4A0F0000 		.4byte	.LASF36
 190 0144 28       		.byte	0x28
 191 0145 07       		.uleb128 0x7
 192 0146 010D0000 		.4byte	.LASF37
 193 014a 29       		.byte	0x29
 194 014b 07       		.uleb128 0x7
 195 014c 52130000 		.4byte	.LASF38
 196 0150 2A       		.byte	0x2a
 197 0151 07       		.uleb128 0x7
 198 0152 93130000 		.4byte	.LASF39
 199 0156 2B       		.byte	0x2b
 200 0157 07       		.uleb128 0x7
 201 0158 F30E0000 		.4byte	.LASF40
 202 015c 2C       		.byte	0x2c
 203 015d 07       		.uleb128 0x7
 204 015e 0E0B0000 		.4byte	.LASF41
 205 0162 2D       		.byte	0x2d
 206 0163 07       		.uleb128 0x7
 207 0164 FD100000 		.4byte	.LASF42
 208 0168 2E       		.byte	0x2e
 209 0169 07       		.uleb128 0x7
 210 016a D50B0000 		.4byte	.LASF43
 211 016e 2F       		.byte	0x2f
 212 016f 07       		.uleb128 0x7
 213 0170 5F0D0000 		.4byte	.LASF44
 214 0174 30       		.byte	0x30
 215 0175 07       		.uleb128 0x7
 216 0176 B40D0000 		.4byte	.LASF45
 217 017a 31       		.byte	0x31
 218 017b 07       		.uleb128 0x7
 219 017c 940E0000 		.4byte	.LASF46
 220 0180 32       		.byte	0x32
 221 0181 07       		.uleb128 0x7
 222 0182 7F0A0000 		.4byte	.LASF47
 223 0186 33       		.byte	0x33
 224 0187 07       		.uleb128 0x7
 225 0188 7C120000 		.4byte	.LASF48
 226 018c 34       		.byte	0x34
 227 018d 07       		.uleb128 0x7
 228 018e 4B010000 		.4byte	.LASF49
ARM GAS  C:\Users\alexport\AppData\Local\Temp\ccunsuAQ.s 			page 5


 229 0192 35       		.byte	0x35
 230 0193 07       		.uleb128 0x7
 231 0194 94120000 		.4byte	.LASF50
 232 0198 36       		.byte	0x36
 233 0199 07       		.uleb128 0x7
 234 019a B4110000 		.4byte	.LASF51
 235 019e 37       		.byte	0x37
 236 019f 07       		.uleb128 0x7
 237 01a0 EB0A0000 		.4byte	.LASF52
 238 01a4 40       		.byte	0x40
 239 01a5 07       		.uleb128 0x7
 240 01a6 8B0D0000 		.4byte	.LASF53
 241 01aa 41       		.byte	0x41
 242 01ab 07       		.uleb128 0x7
 243 01ac 23010000 		.4byte	.LASF54
 244 01b0 42       		.byte	0x42
 245 01b1 07       		.uleb128 0x7
 246 01b2 68010000 		.4byte	.LASF55
 247 01b6 43       		.byte	0x43
 248 01b7 07       		.uleb128 0x7
 249 01b8 BB070000 		.4byte	.LASF56
 250 01bc 44       		.byte	0x44
 251 01bd 07       		.uleb128 0x7
 252 01be CC0E0000 		.4byte	.LASF57
 253 01c2 45       		.byte	0x45
 254 01c3 07       		.uleb128 0x7
 255 01c4 26090000 		.4byte	.LASF58
 256 01c8 46       		.byte	0x46
 257 01c9 07       		.uleb128 0x7
 258 01ca 3E060000 		.4byte	.LASF59
 259 01ce 47       		.byte	0x47
 260 01cf 07       		.uleb128 0x7
 261 01d0 7F060000 		.4byte	.LASF60
 262 01d4 48       		.byte	0x48
 263 01d5 07       		.uleb128 0x7
 264 01d6 4F110000 		.4byte	.LASF61
 265 01da 49       		.byte	0x49
 266 01db 07       		.uleb128 0x7
 267 01dc 20080000 		.4byte	.LASF62
 268 01e0 4A       		.byte	0x4a
 269 01e1 07       		.uleb128 0x7
 270 01e2 D80D0000 		.4byte	.LASF63
 271 01e6 4B       		.byte	0x4b
 272 01e7 07       		.uleb128 0x7
 273 01e8 CC050000 		.4byte	.LASF64
 274 01ec 4C       		.byte	0x4c
 275 01ed 07       		.uleb128 0x7
 276 01ee 15050000 		.4byte	.LASF65
 277 01f2 4D       		.byte	0x4d
 278 01f3 07       		.uleb128 0x7
 279 01f4 F1070000 		.4byte	.LASF66
 280 01f8 4E       		.byte	0x4e
 281 01f9 07       		.uleb128 0x7
 282 01fa 35120000 		.4byte	.LASF67
 283 01fe 4F       		.byte	0x4f
 284 01ff 07       		.uleb128 0x7
 285 0200 B1060000 		.4byte	.LASF68
ARM GAS  C:\Users\alexport\AppData\Local\Temp\ccunsuAQ.s 			page 6


 286 0204 50       		.byte	0x50
 287 0205 07       		.uleb128 0x7
 288 0206 DD060000 		.4byte	.LASF69
 289 020a 51       		.byte	0x51
 290 020b 07       		.uleb128 0x7
 291 020c 54000000 		.4byte	.LASF70
 292 0210 52       		.byte	0x52
 293 0211 07       		.uleb128 0x7
 294 0212 9E0C0000 		.4byte	.LASF71
 295 0216 53       		.byte	0x53
 296 0217 07       		.uleb128 0x7
 297 0218 37040000 		.4byte	.LASF72
 298 021c 54       		.byte	0x54
 299 021d 07       		.uleb128 0x7
 300 021e 9D010000 		.4byte	.LASF73
 301 0222 55       		.byte	0x55
 302 0223 07       		.uleb128 0x7
 303 0224 32000000 		.4byte	.LASF74
 304 0228 56       		.byte	0x56
 305 0229 07       		.uleb128 0x7
 306 022a 29070000 		.4byte	.LASF75
 307 022e 57       		.byte	0x57
 308 022f 07       		.uleb128 0x7
 309 0230 220C0000 		.4byte	.LASF76
 310 0234 58       		.byte	0x58
 311 0235 07       		.uleb128 0x7
 312 0236 D8090000 		.4byte	.LASF77
 313 023a 70       		.byte	0x70
 314 023b 07       		.uleb128 0x7
 315 023c 53080000 		.4byte	.LASF78
 316 0240 71       		.byte	0x71
 317 0241 07       		.uleb128 0x7
 318 0242 5D050000 		.4byte	.LASF79
 319 0246 72       		.byte	0x72
 320 0247 07       		.uleb128 0x7
 321 0248 6C0F0000 		.4byte	.LASF80
 322 024c 73       		.byte	0x73
 323 024d 07       		.uleb128 0x7
 324 024e 94080000 		.4byte	.LASF81
 325 0252 74       		.byte	0x74
 326 0253 07       		.uleb128 0x7
 327 0254 280E0000 		.4byte	.LASF82
 328 0258 75       		.byte	0x75
 329 0259 07       		.uleb128 0x7
 330 025a 9A070000 		.4byte	.LASF83
 331 025e 76       		.byte	0x76
 332 025f 07       		.uleb128 0x7
 333 0260 AC0B0000 		.4byte	.LASF84
 334 0264 77       		.byte	0x77
 335 0265 07       		.uleb128 0x7
 336 0266 D3030000 		.4byte	.LASF85
 337 026a 78       		.byte	0x78
 338 026b 07       		.uleb128 0x7
 339 026c 31020000 		.4byte	.LASF86
 340 0270 79       		.byte	0x79
 341 0271 07       		.uleb128 0x7
 342 0272 4E100000 		.4byte	.LASF87
ARM GAS  C:\Users\alexport\AppData\Local\Temp\ccunsuAQ.s 			page 7


 343 0276 7A       		.byte	0x7a
 344 0277 07       		.uleb128 0x7
 345 0278 EA040000 		.4byte	.LASF88
 346 027c FA       		.byte	0xfa
 347 027d 07       		.uleb128 0x7
 348 027e F6010000 		.4byte	.LASF89
 349 0282 FB       		.byte	0xfb
 350 0283 07       		.uleb128 0x7
 351 0284 FE0B0000 		.4byte	.LASF90
 352 0288 FC       		.byte	0xfc
 353 0289 07       		.uleb128 0x7
 354 028a D9070000 		.4byte	.LASF91
 355 028e FD       		.byte	0xfd
 356 028f 07       		.uleb128 0x7
 357 0290 A60D0000 		.4byte	.LASF92
 358 0294 FF       		.byte	0xff
 359 0295 00       		.byte	0
 360 0296 08       		.uleb128 0x8
 361 0297 79000000 		.4byte	0x79
 362 029b A6020000 		.4byte	0x2a6
 363 029f 09       		.uleb128 0x9
 364 02a0 D1000000 		.4byte	0xd1
 365 02a4 09       		.byte	0x9
 366 02a5 00       		.byte	0
 367 02a6 0A       		.uleb128 0xa
 368 02a7 01       		.byte	0x1
 369 02a8 2F000000 		.4byte	0x2f
 370 02ac 05       		.byte	0x5
 371 02ad 22       		.byte	0x22
 372 02ae EF020000 		.4byte	0x2ef
 373 02b2 07       		.uleb128 0x7
 374 02b3 5E090000 		.4byte	.LASF93
 375 02b7 00       		.byte	0
 376 02b8 07       		.uleb128 0x7
 377 02b9 3F0B0000 		.4byte	.LASF94
 378 02bd 01       		.byte	0x1
 379 02be 07       		.uleb128 0x7
 380 02bf 510A0000 		.4byte	.LASF95
 381 02c3 02       		.byte	0x2
 382 02c4 07       		.uleb128 0x7
 383 02c5 FC060000 		.4byte	.LASF96
 384 02c9 03       		.byte	0x3
 385 02ca 07       		.uleb128 0x7
 386 02cb B50E0000 		.4byte	.LASF97
 387 02cf 04       		.byte	0x4
 388 02d0 07       		.uleb128 0x7
 389 02d1 A7090000 		.4byte	.LASF98
 390 02d5 05       		.byte	0x5
 391 02d6 07       		.uleb128 0x7
 392 02d7 B2080000 		.4byte	.LASF99
 393 02db 06       		.byte	0x6
 394 02dc 07       		.uleb128 0x7
 395 02dd 1A0A0000 		.4byte	.LASF100
 396 02e1 07       		.byte	0x7
 397 02e2 07       		.uleb128 0x7
 398 02e3 85110000 		.4byte	.LASF101
 399 02e7 08       		.byte	0x8
ARM GAS  C:\Users\alexport\AppData\Local\Temp\ccunsuAQ.s 			page 8


 400 02e8 07       		.uleb128 0x7
 401 02e9 00000000 		.4byte	.LASF102
 402 02ed 09       		.byte	0x9
 403 02ee 00       		.byte	0
 404 02ef 08       		.uleb128 0x8
 405 02f0 C3000000 		.4byte	0xc3
 406 02f4 FF020000 		.4byte	0x2ff
 407 02f8 09       		.uleb128 0x9
 408 02f9 D1000000 		.4byte	0xd1
 409 02fd 09       		.byte	0x9
 410 02fe 00       		.byte	0
 411 02ff 08       		.uleb128 0x8
 412 0300 C3000000 		.4byte	0xc3
 413 0304 0F030000 		.4byte	0x30f
 414 0308 09       		.uleb128 0x9
 415 0309 D1000000 		.4byte	0xd1
 416 030d 03       		.byte	0x3
 417 030e 00       		.byte	0
 418 030f 0B       		.uleb128 0xb
 419 0310 0801     		.2byte	0x108
 420 0312 06       		.byte	0x6
 421 0313 0801     		.2byte	0x108
 422 0315 6D070000 		.4byte	0x76d
 423 0319 0C       		.uleb128 0xc
 424 031a 13070000 		.4byte	.LASF103
 425 031e 06       		.byte	0x6
 426 031f 0901     		.2byte	0x109
 427 0321 85000000 		.4byte	0x85
 428 0325 00       		.byte	0
 429 0326 0C       		.uleb128 0xc
 430 0327 0B060000 		.4byte	.LASF104
 431 032b 06       		.byte	0x6
 432 032c 0A01     		.2byte	0x10a
 433 032e 85000000 		.4byte	0x85
 434 0332 02       		.byte	0x2
 435 0333 0C       		.uleb128 0xc
 436 0334 54020000 		.4byte	.LASF105
 437 0338 06       		.byte	0x6
 438 0339 0B01     		.2byte	0x10b
 439 033b 96020000 		.4byte	0x296
 440 033f 04       		.byte	0x4
 441 0340 0C       		.uleb128 0xc
 442 0341 320A0000 		.4byte	.LASF106
 443 0345 06       		.byte	0x6
 444 0346 0C01     		.2byte	0x10c
 445 0348 79000000 		.4byte	0x79
 446 034c 0E       		.byte	0xe
 447 034d 0D       		.uleb128 0xd
 448 034e 4D666700 		.ascii	"Mfg\000"
 449 0352 06       		.byte	0x6
 450 0353 0D01     		.2byte	0x10d
 451 0355 79000000 		.4byte	0x79
 452 0359 0F       		.byte	0xf
 453 035a 0C       		.uleb128 0xc
 454 035b C5040000 		.4byte	.LASF107
 455 035f 06       		.byte	0x6
 456 0360 0E01     		.2byte	0x10e
ARM GAS  C:\Users\alexport\AppData\Local\Temp\ccunsuAQ.s 			page 9


 457 0362 9D000000 		.4byte	0x9d
 458 0366 10       		.byte	0x10
 459 0367 0C       		.uleb128 0xc
 460 0368 2F110000 		.4byte	.LASF108
 461 036c 06       		.byte	0x6
 462 036d 0F01     		.2byte	0x10f
 463 036f 9D000000 		.4byte	0x9d
 464 0373 12       		.byte	0x12
 465 0374 0C       		.uleb128 0xc
 466 0375 52070000 		.4byte	.LASF109
 467 0379 06       		.byte	0x6
 468 037a 1001     		.2byte	0x110
 469 037c A9000000 		.4byte	0xa9
 470 0380 14       		.byte	0x14
 471 0381 0C       		.uleb128 0xc
 472 0382 FD0F0000 		.4byte	.LASF110
 473 0386 06       		.byte	0x6
 474 0387 1101     		.2byte	0x111
 475 0389 A9000000 		.4byte	0xa9
 476 038d 18       		.byte	0x18
 477 038e 0C       		.uleb128 0xc
 478 038f 51090000 		.4byte	.LASF111
 479 0393 06       		.byte	0x6
 480 0394 1201     		.2byte	0x112
 481 0396 A9000000 		.4byte	0xa9
 482 039a 1C       		.byte	0x1c
 483 039b 0C       		.uleb128 0xc
 484 039c 24000000 		.4byte	.LASF112
 485 03a0 06       		.byte	0x6
 486 03a1 1301     		.2byte	0x113
 487 03a3 A9000000 		.4byte	0xa9
 488 03a7 20       		.byte	0x20
 489 03a8 0C       		.uleb128 0xc
 490 03a9 F6030000 		.4byte	.LASF113
 491 03ad 06       		.byte	0x6
 492 03ae 1401     		.2byte	0x114
 493 03b0 A9000000 		.4byte	0xa9
 494 03b4 24       		.byte	0x24
 495 03b5 0C       		.uleb128 0xc
 496 03b6 EF010000 		.4byte	.LASF114
 497 03ba 06       		.byte	0x6
 498 03bb 1501     		.2byte	0x115
 499 03bd 85000000 		.4byte	0x85
 500 03c1 28       		.byte	0x28
 501 03c2 0C       		.uleb128 0xc
 502 03c3 8E100000 		.4byte	.LASF115
 503 03c7 06       		.byte	0x6
 504 03c8 1601     		.2byte	0x116
 505 03ca 85000000 		.4byte	0x85
 506 03ce 2A       		.byte	0x2a
 507 03cf 0C       		.uleb128 0xc
 508 03d0 96110000 		.4byte	.LASF116
 509 03d4 06       		.byte	0x6
 510 03d5 1801     		.2byte	0x118
 511 03d7 91000000 		.4byte	0x91
 512 03db 2C       		.byte	0x2c
 513 03dc 0C       		.uleb128 0xc
ARM GAS  C:\Users\alexport\AppData\Local\Temp\ccunsuAQ.s 			page 10


 514 03dd 9B110000 		.4byte	.LASF117
 515 03e1 06       		.byte	0x6
 516 03e2 1901     		.2byte	0x119
 517 03e4 91000000 		.4byte	0x91
 518 03e8 2D       		.byte	0x2d
 519 03e9 0C       		.uleb128 0xc
 520 03ea 62040000 		.4byte	.LASF118
 521 03ee 06       		.byte	0x6
 522 03ef 1A01     		.2byte	0x11a
 523 03f1 91000000 		.4byte	0x91
 524 03f5 2E       		.byte	0x2e
 525 03f6 0C       		.uleb128 0xc
 526 03f7 1E0D0000 		.4byte	.LASF119
 527 03fb 06       		.byte	0x6
 528 03fc 1B01     		.2byte	0x11b
 529 03fe 91000000 		.4byte	0x91
 530 0402 2F       		.byte	0x2f
 531 0403 0C       		.uleb128 0xc
 532 0404 35050000 		.4byte	.LASF120
 533 0408 06       		.byte	0x6
 534 0409 1C01     		.2byte	0x11c
 535 040b 91000000 		.4byte	0x91
 536 040f 30       		.byte	0x30
 537 0410 0C       		.uleb128 0xc
 538 0411 B4000000 		.4byte	.LASF121
 539 0415 06       		.byte	0x6
 540 0416 1D01     		.2byte	0x11d
 541 0418 91000000 		.4byte	0x91
 542 041c 31       		.byte	0x31
 543 041d 0C       		.uleb128 0xc
 544 041e E80C0000 		.4byte	.LASF122
 545 0422 06       		.byte	0x6
 546 0423 1E01     		.2byte	0x11e
 547 0425 85000000 		.4byte	0x85
 548 0429 32       		.byte	0x32
 549 042a 0C       		.uleb128 0xc
 550 042b 050B0000 		.4byte	.LASF123
 551 042f 06       		.byte	0x6
 552 0430 1F01     		.2byte	0x11f
 553 0432 85000000 		.4byte	0x85
 554 0436 34       		.byte	0x34
 555 0437 0C       		.uleb128 0xc
 556 0438 690C0000 		.4byte	.LASF124
 557 043c 06       		.byte	0x6
 558 043d 2001     		.2byte	0x120
 559 043f 85000000 		.4byte	0x85
 560 0443 36       		.byte	0x36
 561 0444 0C       		.uleb128 0xc
 562 0445 90040000 		.4byte	.LASF125
 563 0449 06       		.byte	0x6
 564 044a 2101     		.2byte	0x121
 565 044c 85000000 		.4byte	0x85
 566 0450 38       		.byte	0x38
 567 0451 0C       		.uleb128 0xc
 568 0452 6B060000 		.4byte	.LASF126
 569 0456 06       		.byte	0x6
 570 0457 2201     		.2byte	0x122
ARM GAS  C:\Users\alexport\AppData\Local\Temp\ccunsuAQ.s 			page 11


 571 0459 91000000 		.4byte	0x91
 572 045d 3A       		.byte	0x3a
 573 045e 0C       		.uleb128 0xc
 574 045f DF0C0000 		.4byte	.LASF127
 575 0463 06       		.byte	0x6
 576 0464 2301     		.2byte	0x123
 577 0466 9D000000 		.4byte	0x9d
 578 046a 3C       		.byte	0x3c
 579 046b 0C       		.uleb128 0xc
 580 046c AB0F0000 		.4byte	.LASF128
 581 0470 06       		.byte	0x6
 582 0471 2401     		.2byte	0x124
 583 0473 9D000000 		.4byte	0x9d
 584 0477 3E       		.byte	0x3e
 585 0478 0C       		.uleb128 0xc
 586 0479 7B130000 		.4byte	.LASF129
 587 047d 06       		.byte	0x6
 588 047e 2501     		.2byte	0x125
 589 0480 85000000 		.4byte	0x85
 590 0484 40       		.byte	0x40
 591 0485 0C       		.uleb128 0xc
 592 0486 41010000 		.4byte	.LASF130
 593 048a 06       		.byte	0x6
 594 048b 2601     		.2byte	0x126
 595 048d 79000000 		.4byte	0x79
 596 0491 42       		.byte	0x42
 597 0492 0C       		.uleb128 0xc
 598 0493 170F0000 		.4byte	.LASF131
 599 0497 06       		.byte	0x6
 600 0498 2701     		.2byte	0x127
 601 049a 9D000000 		.4byte	0x9d
 602 049e 44       		.byte	0x44
 603 049f 0C       		.uleb128 0xc
 604 04a0 FE090000 		.4byte	.LASF132
 605 04a4 06       		.byte	0x6
 606 04a5 2801     		.2byte	0x128
 607 04a7 9D000000 		.4byte	0x9d
 608 04ab 46       		.byte	0x46
 609 04ac 0C       		.uleb128 0xc
 610 04ad 6F0B0000 		.4byte	.LASF133
 611 04b1 06       		.byte	0x6
 612 04b2 2901     		.2byte	0x129
 613 04b4 9D000000 		.4byte	0x9d
 614 04b8 48       		.byte	0x48
 615 04b9 0C       		.uleb128 0xc
 616 04ba 05010000 		.4byte	.LASF134
 617 04be 06       		.byte	0x6
 618 04bf 2A01     		.2byte	0x12a
 619 04c1 85000000 		.4byte	0x85
 620 04c5 4A       		.byte	0x4a
 621 04c6 0C       		.uleb128 0xc
 622 04c7 40130000 		.4byte	.LASF135
 623 04cb 06       		.byte	0x6
 624 04cc 2B01     		.2byte	0x12b
 625 04ce 9D000000 		.4byte	0x9d
 626 04d2 4C       		.byte	0x4c
 627 04d3 0C       		.uleb128 0xc
ARM GAS  C:\Users\alexport\AppData\Local\Temp\ccunsuAQ.s 			page 12


 628 04d4 0F080000 		.4byte	.LASF136
 629 04d8 06       		.byte	0x6
 630 04d9 2C01     		.2byte	0x12c
 631 04db 85000000 		.4byte	0x85
 632 04df 4E       		.byte	0x4e
 633 04e0 0C       		.uleb128 0xc
 634 04e1 84070000 		.4byte	.LASF137
 635 04e5 06       		.byte	0x6
 636 04e6 2D01     		.2byte	0x12d
 637 04e8 9D000000 		.4byte	0x9d
 638 04ec 50       		.byte	0x50
 639 04ed 0C       		.uleb128 0xc
 640 04ee 66020000 		.4byte	.LASF138
 641 04f2 06       		.byte	0x6
 642 04f3 2E01     		.2byte	0x12e
 643 04f5 85000000 		.4byte	0x85
 644 04f9 52       		.byte	0x52
 645 04fa 0C       		.uleb128 0xc
 646 04fb 7A090000 		.4byte	.LASF139
 647 04ff 06       		.byte	0x6
 648 0500 2F01     		.2byte	0x12f
 649 0502 85000000 		.4byte	0x85
 650 0506 54       		.byte	0x54
 651 0507 0C       		.uleb128 0xc
 652 0508 86010000 		.4byte	.LASF140
 653 050c 06       		.byte	0x6
 654 050d 3001     		.2byte	0x130
 655 050f 9D000000 		.4byte	0x9d
 656 0513 56       		.byte	0x56
 657 0514 0C       		.uleb128 0xc
 658 0515 100C0000 		.4byte	.LASF141
 659 0519 06       		.byte	0x6
 660 051a 3101     		.2byte	0x131
 661 051c 85000000 		.4byte	0x85
 662 0520 58       		.byte	0x58
 663 0521 0C       		.uleb128 0xc
 664 0522 D40A0000 		.4byte	.LASF142
 665 0526 06       		.byte	0x6
 666 0527 3201     		.2byte	0x132
 667 0529 85000000 		.4byte	0x85
 668 052d 5A       		.byte	0x5a
 669 052e 0C       		.uleb128 0xc
 670 052f C6080000 		.4byte	.LASF143
 671 0533 06       		.byte	0x6
 672 0534 3301     		.2byte	0x133
 673 0536 85000000 		.4byte	0x85
 674 053a 5C       		.byte	0x5c
 675 053b 0C       		.uleb128 0xc
 676 053c CD080000 		.4byte	.LASF144
 677 0540 06       		.byte	0x6
 678 0541 3401     		.2byte	0x134
 679 0543 85000000 		.4byte	0x85
 680 0547 5E       		.byte	0x5e
 681 0548 0C       		.uleb128 0xc
 682 0549 490E0000 		.4byte	.LASF145
 683 054d 06       		.byte	0x6
 684 054e 3501     		.2byte	0x135
ARM GAS  C:\Users\alexport\AppData\Local\Temp\ccunsuAQ.s 			page 13


 685 0550 85000000 		.4byte	0x85
 686 0554 60       		.byte	0x60
 687 0555 0C       		.uleb128 0xc
 688 0556 0E130000 		.4byte	.LASF146
 689 055a 06       		.byte	0x6
 690 055b 3601     		.2byte	0x136
 691 055d 85000000 		.4byte	0x85
 692 0561 62       		.byte	0x62
 693 0562 0C       		.uleb128 0xc
 694 0563 08050000 		.4byte	.LASF147
 695 0567 06       		.byte	0x6
 696 0568 3701     		.2byte	0x137
 697 056a 85000000 		.4byte	0x85
 698 056e 64       		.byte	0x64
 699 056f 0C       		.uleb128 0xc
 700 0570 9E0F0000 		.4byte	.LASF148
 701 0574 06       		.byte	0x6
 702 0575 3801     		.2byte	0x138
 703 0577 A9000000 		.4byte	0xa9
 704 057b 68       		.byte	0x68
 705 057c 0C       		.uleb128 0xc
 706 057d A2030000 		.4byte	.LASF149
 707 0581 06       		.byte	0x6
 708 0582 3901     		.2byte	0x139
 709 0584 85000000 		.4byte	0x85
 710 0588 6C       		.byte	0x6c
 711 0589 0C       		.uleb128 0xc
 712 058a 0B090000 		.4byte	.LASF150
 713 058e 06       		.byte	0x6
 714 058f 3A01     		.2byte	0x13a
 715 0591 A9000000 		.4byte	0xa9
 716 0595 70       		.byte	0x70
 717 0596 0C       		.uleb128 0xc
 718 0597 8A0F0000 		.4byte	.LASF151
 719 059b 06       		.byte	0x6
 720 059c 3B01     		.2byte	0x13b
 721 059e 85000000 		.4byte	0x85
 722 05a2 74       		.byte	0x74
 723 05a3 0C       		.uleb128 0xc
 724 05a4 6E040000 		.4byte	.LASF152
 725 05a8 06       		.byte	0x6
 726 05a9 3C01     		.2byte	0x13c
 727 05ab A9000000 		.4byte	0xa9
 728 05af 78       		.byte	0x78
 729 05b0 0C       		.uleb128 0xc
 730 05b1 5E020000 		.4byte	.LASF153
 731 05b5 06       		.byte	0x6
 732 05b6 3D01     		.2byte	0x13d
 733 05b8 A9000000 		.4byte	0xa9
 734 05bc 7C       		.byte	0x7c
 735 05bd 0C       		.uleb128 0xc
 736 05be AC000000 		.4byte	.LASF154
 737 05c2 06       		.byte	0x6
 738 05c3 3E01     		.2byte	0x13e
 739 05c5 A9000000 		.4byte	0xa9
 740 05c9 80       		.byte	0x80
 741 05ca 0C       		.uleb128 0xc
ARM GAS  C:\Users\alexport\AppData\Local\Temp\ccunsuAQ.s 			page 14


 742 05cb 25040000 		.4byte	.LASF155
 743 05cf 06       		.byte	0x6
 744 05d0 3F01     		.2byte	0x13f
 745 05d2 A9000000 		.4byte	0xa9
 746 05d6 84       		.byte	0x84
 747 05d7 0C       		.uleb128 0xc
 748 05d8 1D040000 		.4byte	.LASF156
 749 05dc 06       		.byte	0x6
 750 05dd 4001     		.2byte	0x140
 751 05df A9000000 		.4byte	0xa9
 752 05e3 88       		.byte	0x88
 753 05e4 0C       		.uleb128 0xc
 754 05e5 C1010000 		.4byte	.LASF157
 755 05e9 06       		.byte	0x6
 756 05ea 4101     		.2byte	0x141
 757 05ec A9000000 		.4byte	0xa9
 758 05f0 8C       		.byte	0x8c
 759 05f1 0C       		.uleb128 0xc
 760 05f2 E2040000 		.4byte	.LASF158
 761 05f6 06       		.byte	0x6
 762 05f7 4201     		.2byte	0x142
 763 05f9 A9000000 		.4byte	0xa9
 764 05fd 90       		.byte	0x90
 765 05fe 0C       		.uleb128 0xc
 766 05ff DE080000 		.4byte	.LASF159
 767 0603 06       		.byte	0x6
 768 0604 4301     		.2byte	0x143
 769 0606 A9000000 		.4byte	0xa9
 770 060a 94       		.byte	0x94
 771 060b 0C       		.uleb128 0xc
 772 060c EA080000 		.4byte	.LASF160
 773 0610 06       		.byte	0x6
 774 0611 4401     		.2byte	0x144
 775 0613 A9000000 		.4byte	0xa9
 776 0617 98       		.byte	0x98
 777 0618 0C       		.uleb128 0xc
 778 0619 96030000 		.4byte	.LASF161
 779 061d 06       		.byte	0x6
 780 061e 4501     		.2byte	0x145
 781 0620 A9000000 		.4byte	0xa9
 782 0624 9C       		.byte	0x9c
 783 0625 0C       		.uleb128 0xc
 784 0626 450C0000 		.4byte	.LASF162
 785 062a 06       		.byte	0x6
 786 062b 4601     		.2byte	0x146
 787 062d A9000000 		.4byte	0xa9
 788 0631 A0       		.byte	0xa0
 789 0632 0C       		.uleb128 0xc
 790 0633 510C0000 		.4byte	.LASF163
 791 0637 06       		.byte	0x6
 792 0638 4701     		.2byte	0x147
 793 063a A9000000 		.4byte	0xa9
 794 063e A4       		.byte	0xa4
 795 063f 0C       		.uleb128 0xc
 796 0640 5D0C0000 		.4byte	.LASF164
 797 0644 06       		.byte	0x6
 798 0645 4801     		.2byte	0x148
ARM GAS  C:\Users\alexport\AppData\Local\Temp\ccunsuAQ.s 			page 15


 799 0647 A9000000 		.4byte	0xa9
 800 064b A8       		.byte	0xa8
 801 064c 0C       		.uleb128 0xc
 802 064d 1B060000 		.4byte	.LASF165
 803 0651 06       		.byte	0x6
 804 0652 4901     		.2byte	0x149
 805 0654 A9000000 		.4byte	0xa9
 806 0658 AC       		.byte	0xac
 807 0659 0C       		.uleb128 0xc
 808 065a EB100000 		.4byte	.LASF166
 809 065e 06       		.byte	0x6
 810 065f 4A01     		.2byte	0x14a
 811 0661 A9000000 		.4byte	0xa9
 812 0665 B0       		.byte	0xb0
 813 0666 0C       		.uleb128 0xc
 814 0667 58040000 		.4byte	.LASF167
 815 066b 06       		.byte	0x6
 816 066c 4B01     		.2byte	0x14b
 817 066e A9000000 		.4byte	0xa9
 818 0672 B4       		.byte	0xb4
 819 0673 0C       		.uleb128 0xc
 820 0674 2D040000 		.4byte	.LASF168
 821 0678 06       		.byte	0x6
 822 0679 4C01     		.2byte	0x14c
 823 067b A9000000 		.4byte	0xa9
 824 067f B8       		.byte	0xb8
 825 0680 0C       		.uleb128 0xc
 826 0681 190E0000 		.4byte	.LASF169
 827 0685 06       		.byte	0x6
 828 0686 4D01     		.2byte	0x14d
 829 0688 85000000 		.4byte	0x85
 830 068c BC       		.byte	0xbc
 831 068d 0C       		.uleb128 0xc
 832 068e 7A110000 		.4byte	.LASF170
 833 0692 06       		.byte	0x6
 834 0693 4E01     		.2byte	0x14e
 835 0695 85000000 		.4byte	0x85
 836 0699 BE       		.byte	0xbe
 837 069a 0C       		.uleb128 0xc
 838 069b 5C060000 		.4byte	.LASF171
 839 069f 06       		.byte	0x6
 840 06a0 4F01     		.2byte	0x14f
 841 06a2 B7000000 		.4byte	0xb7
 842 06a6 C0       		.byte	0xc0
 843 06a7 0C       		.uleb128 0xc
 844 06a8 21020000 		.4byte	.LASF172
 845 06ac 06       		.byte	0x6
 846 06ad 5001     		.2byte	0x150
 847 06af B7000000 		.4byte	0xb7
 848 06b3 C8       		.byte	0xc8
 849 06b4 0C       		.uleb128 0xc
 850 06b5 E4120000 		.4byte	.LASF173
 851 06b9 06       		.byte	0x6
 852 06ba 5101     		.2byte	0x151
 853 06bc B7000000 		.4byte	0xb7
 854 06c0 D0       		.byte	0xd0
 855 06c1 0C       		.uleb128 0xc
ARM GAS  C:\Users\alexport\AppData\Local\Temp\ccunsuAQ.s 			page 16


 856 06c2 D0060000 		.4byte	.LASF174
 857 06c6 06       		.byte	0x6
 858 06c7 5201     		.2byte	0x152
 859 06c9 6D070000 		.4byte	0x76d
 860 06cd D8       		.byte	0xd8
 861 06ce 0C       		.uleb128 0xc
 862 06cf F7100000 		.4byte	.LASF175
 863 06d3 06       		.byte	0x6
 864 06d4 5301     		.2byte	0x153
 865 06d6 85000000 		.4byte	0x85
 866 06da E4       		.byte	0xe4
 867 06db 0C       		.uleb128 0xc
 868 06dc 8C090000 		.4byte	.LASF176
 869 06e0 06       		.byte	0x6
 870 06e1 5401     		.2byte	0x154
 871 06e3 EF020000 		.4byte	0x2ef
 872 06e7 E6       		.byte	0xe6
 873 06e8 0C       		.uleb128 0xc
 874 06e9 A2050000 		.4byte	.LASF177
 875 06ed 06       		.byte	0x6
 876 06ee 5601     		.2byte	0x156
 877 06f0 85000000 		.4byte	0x85
 878 06f4 F0       		.byte	0xf0
 879 06f5 0C       		.uleb128 0xc
 880 06f6 54120000 		.4byte	.LASF178
 881 06fa 06       		.byte	0x6
 882 06fb 5701     		.2byte	0x157
 883 06fd 85000000 		.4byte	0x85
 884 0701 F2       		.byte	0xf2
 885 0702 0C       		.uleb128 0xc
 886 0703 CA090000 		.4byte	.LASF179
 887 0707 06       		.byte	0x6
 888 0708 5801     		.2byte	0x158
 889 070a 85000000 		.4byte	0x85
 890 070e F4       		.byte	0xf4
 891 070f 0C       		.uleb128 0xc
 892 0710 82080000 		.4byte	.LASF180
 893 0714 06       		.byte	0x6
 894 0715 5901     		.2byte	0x159
 895 0717 85000000 		.4byte	0x85
 896 071b F6       		.byte	0xf6
 897 071c 0C       		.uleb128 0xc
 898 071d 79050000 		.4byte	.LASF181
 899 0721 06       		.byte	0x6
 900 0722 5A01     		.2byte	0x15a
 901 0724 85000000 		.4byte	0x85
 902 0728 F8       		.byte	0xf8
 903 0729 0C       		.uleb128 0xc
 904 072a 82050000 		.4byte	.LASF182
 905 072e 06       		.byte	0x6
 906 072f 5B01     		.2byte	0x15b
 907 0731 85000000 		.4byte	0x85
 908 0735 FA       		.byte	0xfa
 909 0736 0C       		.uleb128 0xc
 910 0737 CB0B0000 		.4byte	.LASF183
 911 073b 06       		.byte	0x6
 912 073c 5C01     		.2byte	0x15c
ARM GAS  C:\Users\alexport\AppData\Local\Temp\ccunsuAQ.s 			page 17


 913 073e 85000000 		.4byte	0x85
 914 0742 FC       		.byte	0xfc
 915 0743 0C       		.uleb128 0xc
 916 0744 630B0000 		.4byte	.LASF184
 917 0748 06       		.byte	0x6
 918 0749 5D01     		.2byte	0x15d
 919 074b 9D000000 		.4byte	0x9d
 920 074f FE       		.byte	0xfe
 921 0750 0E       		.uleb128 0xe
 922 0751 75000000 		.4byte	.LASF185
 923 0755 06       		.byte	0x6
 924 0756 5E01     		.2byte	0x15e
 925 0758 9D000000 		.4byte	0x9d
 926 075c 0001     		.2byte	0x100
 927 075e 0E       		.uleb128 0xe
 928 075f 800D0000 		.4byte	.LASF186
 929 0763 06       		.byte	0x6
 930 0764 5F01     		.2byte	0x15f
 931 0766 85000000 		.4byte	0x85
 932 076a 0201     		.2byte	0x102
 933 076c 00       		.byte	0
 934 076d 08       		.uleb128 0x8
 935 076e C3000000 		.4byte	0xc3
 936 0772 7D070000 		.4byte	0x77d
 937 0776 09       		.uleb128 0x9
 938 0777 D1000000 		.4byte	0xd1
 939 077b 0B       		.byte	0xb
 940 077c 00       		.byte	0
 941 077d 0F       		.uleb128 0xf
 942 077e B8       		.byte	0xb8
 943 077f 06       		.byte	0x6
 944 0780 6301     		.2byte	0x163
 945 0782 EE0A0000 		.4byte	0xaee
 946 0786 0C       		.uleb128 0xc
 947 0787 A6060000 		.4byte	.LASF187
 948 078b 06       		.byte	0x6
 949 078c 6401     		.2byte	0x164
 950 078e 79000000 		.4byte	0x79
 951 0792 00       		.byte	0
 952 0793 0C       		.uleb128 0xc
 953 0794 390D0000 		.4byte	.LASF188
 954 0798 06       		.byte	0x6
 955 0799 6501     		.2byte	0x165
 956 079b 79000000 		.4byte	0x79
 957 079f 01       		.byte	0x1
 958 07a0 0C       		.uleb128 0xc
 959 07a1 F70D0000 		.4byte	.LASF189
 960 07a5 06       		.byte	0x6
 961 07a6 6601     		.2byte	0x166
 962 07a8 79000000 		.4byte	0x79
 963 07ac 02       		.byte	0x2
 964 07ad 0C       		.uleb128 0xc
 965 07ae 3F110000 		.4byte	.LASF190
 966 07b2 06       		.byte	0x6
 967 07b3 6701     		.2byte	0x167
 968 07b5 79000000 		.4byte	0x79
 969 07b9 03       		.byte	0x3
ARM GAS  C:\Users\alexport\AppData\Local\Temp\ccunsuAQ.s 			page 18


 970 07ba 0C       		.uleb128 0xc
 971 07bb 3E080000 		.4byte	.LASF191
 972 07bf 06       		.byte	0x6
 973 07c0 6801     		.2byte	0x168
 974 07c2 79000000 		.4byte	0x79
 975 07c6 04       		.byte	0x4
 976 07c7 0C       		.uleb128 0xc
 977 07c8 E6050000 		.4byte	.LASF192
 978 07cc 06       		.byte	0x6
 979 07cd 6901     		.2byte	0x169
 980 07cf 79000000 		.4byte	0x79
 981 07d3 05       		.byte	0x5
 982 07d4 0C       		.uleb128 0xc
 983 07d5 7B040000 		.4byte	.LASF193
 984 07d9 06       		.byte	0x6
 985 07da 6A01     		.2byte	0x16a
 986 07dc 79000000 		.4byte	0x79
 987 07e0 06       		.byte	0x6
 988 07e1 0C       		.uleb128 0xc
 989 07e2 9E000000 		.4byte	.LASF194
 990 07e6 06       		.byte	0x6
 991 07e7 6B01     		.2byte	0x16b
 992 07e9 79000000 		.4byte	0x79
 993 07ed 07       		.byte	0x7
 994 07ee 0C       		.uleb128 0xc
 995 07ef 85000000 		.4byte	.LASF195
 996 07f3 06       		.byte	0x6
 997 07f4 6C01     		.2byte	0x16c
 998 07f6 79000000 		.4byte	0x79
 999 07fa 08       		.byte	0x8
 1000 07fb 0C       		.uleb128 0xc
 1001 07fc 790C0000 		.4byte	.LASF196
 1002 0800 06       		.byte	0x6
 1003 0801 6D01     		.2byte	0x16d
 1004 0803 79000000 		.4byte	0x79
 1005 0807 09       		.byte	0x9
 1006 0808 0C       		.uleb128 0xc
 1007 0809 BF0C0000 		.4byte	.LASF197
 1008 080d 06       		.byte	0x6
 1009 080e 6E01     		.2byte	0x16e
 1010 0810 79000000 		.4byte	0x79
 1011 0814 0A       		.byte	0xa
 1012 0815 0C       		.uleb128 0xc
 1013 0816 47050000 		.4byte	.LASF198
 1014 081a 06       		.byte	0x6
 1015 081b 6F01     		.2byte	0x16f
 1016 081d 79000000 		.4byte	0x79
 1017 0821 0B       		.byte	0xb
 1018 0822 0C       		.uleb128 0xc
 1019 0823 EA000000 		.4byte	.LASF199
 1020 0827 06       		.byte	0x6
 1021 0828 7001     		.2byte	0x170
 1022 082a 79000000 		.4byte	0x79
 1023 082e 0C       		.byte	0xc
 1024 082f 0C       		.uleb128 0xc
 1025 0830 A0040000 		.4byte	.LASF200
 1026 0834 06       		.byte	0x6
ARM GAS  C:\Users\alexport\AppData\Local\Temp\ccunsuAQ.s 			page 19


 1027 0835 7101     		.2byte	0x171
 1028 0837 79000000 		.4byte	0x79
 1029 083b 0D       		.byte	0xd
 1030 083c 0C       		.uleb128 0xc
 1031 083d BF0A0000 		.4byte	.LASF201
 1032 0841 06       		.byte	0x6
 1033 0842 7201     		.2byte	0x172
 1034 0844 79000000 		.4byte	0x79
 1035 0848 0E       		.byte	0xe
 1036 0849 0C       		.uleb128 0xc
 1037 084a 75030000 		.4byte	.LASF202
 1038 084e 06       		.byte	0x6
 1039 084f 7301     		.2byte	0x173
 1040 0851 79000000 		.4byte	0x79
 1041 0855 0F       		.byte	0xf
 1042 0856 0C       		.uleb128 0xc
 1043 0857 27060000 		.4byte	.LASF203
 1044 085b 06       		.byte	0x6
 1045 085c 7401     		.2byte	0x174
 1046 085e 79000000 		.4byte	0x79
 1047 0862 10       		.byte	0x10
 1048 0863 0C       		.uleb128 0xc
 1049 0864 9D100000 		.4byte	.LASF204
 1050 0868 06       		.byte	0x6
 1051 0869 7501     		.2byte	0x175
 1052 086b 79000000 		.4byte	0x79
 1053 086f 11       		.byte	0x11
 1054 0870 0C       		.uleb128 0xc
 1055 0871 370A0000 		.4byte	.LASF205
 1056 0875 06       		.byte	0x6
 1057 0876 7601     		.2byte	0x176
 1058 0878 79000000 		.4byte	0x79
 1059 087c 12       		.byte	0x12
 1060 087d 0C       		.uleb128 0xc
 1061 087e 0C040000 		.4byte	.LASF206
 1062 0882 06       		.byte	0x6
 1063 0883 7701     		.2byte	0x177
 1064 0885 79000000 		.4byte	0x79
 1065 0889 13       		.byte	0x13
 1066 088a 0C       		.uleb128 0xc
 1067 088b C5040000 		.4byte	.LASF107
 1068 088f 06       		.byte	0x6
 1069 0890 7801     		.2byte	0x178
 1070 0892 9D000000 		.4byte	0x9d
 1071 0896 14       		.byte	0x14
 1072 0897 0C       		.uleb128 0xc
 1073 0898 72120000 		.4byte	.LASF207
 1074 089c 06       		.byte	0x6
 1075 089d 7901     		.2byte	0x179
 1076 089f 85000000 		.4byte	0x85
 1077 08a3 16       		.byte	0x16
 1078 08a4 0C       		.uleb128 0xc
 1079 08a5 11010000 		.4byte	.LASF208
 1080 08a9 06       		.byte	0x6
 1081 08aa 7A01     		.2byte	0x17a
 1082 08ac 85000000 		.4byte	0x85
 1083 08b0 18       		.byte	0x18
ARM GAS  C:\Users\alexport\AppData\Local\Temp\ccunsuAQ.s 			page 20


 1084 08b1 0C       		.uleb128 0xc
 1085 08b2 EF010000 		.4byte	.LASF114
 1086 08b6 06       		.byte	0x6
 1087 08b7 7B01     		.2byte	0x17b
 1088 08b9 85000000 		.4byte	0x85
 1089 08bd 1A       		.byte	0x1a
 1090 08be 0C       		.uleb128 0xc
 1091 08bf 8E100000 		.4byte	.LASF115
 1092 08c3 06       		.byte	0x6
 1093 08c4 7C01     		.2byte	0x17c
 1094 08c6 85000000 		.4byte	0x85
 1095 08ca 1C       		.byte	0x1c
 1096 08cb 0C       		.uleb128 0xc
 1097 08cc 82100000 		.4byte	.LASF209
 1098 08d0 06       		.byte	0x6
 1099 08d1 7D01     		.2byte	0x17d
 1100 08d3 79000000 		.4byte	0x79
 1101 08d7 1E       		.byte	0x1e
 1102 08d8 0C       		.uleb128 0xc
 1103 08d9 0B100000 		.4byte	.LASF210
 1104 08dd 06       		.byte	0x6
 1105 08de 7E01     		.2byte	0x17e
 1106 08e0 79000000 		.4byte	0x79
 1107 08e4 1F       		.byte	0x1f
 1108 08e5 0C       		.uleb128 0xc
 1109 08e6 D4120000 		.4byte	.LASF211
 1110 08ea 06       		.byte	0x6
 1111 08eb 7F01     		.2byte	0x17f
 1112 08ed EE0A0000 		.4byte	0xaee
 1113 08f1 20       		.byte	0x20
 1114 08f2 0C       		.uleb128 0xc
 1115 08f3 690A0000 		.4byte	.LASF212
 1116 08f7 06       		.byte	0x6
 1117 08f8 8001     		.2byte	0x180
 1118 08fa FE0A0000 		.4byte	0xafe
 1119 08fe 28       		.byte	0x28
 1120 08ff 0C       		.uleb128 0xc
 1121 0900 330F0000 		.4byte	.LASF213
 1122 0904 06       		.byte	0x6
 1123 0905 8101     		.2byte	0x181
 1124 0907 0E0B0000 		.4byte	0xb0e
 1125 090b 38       		.byte	0x38
 1126 090c 0C       		.uleb128 0xc
 1127 090d 08120000 		.4byte	.LASF214
 1128 0911 06       		.byte	0x6
 1129 0912 8201     		.2byte	0x182
 1130 0914 B7000000 		.4byte	0xb7
 1131 0918 58       		.byte	0x58
 1132 0919 0C       		.uleb128 0xc
 1133 091a BE090000 		.4byte	.LASF215
 1134 091e 06       		.byte	0x6
 1135 091f 8301     		.2byte	0x183
 1136 0921 B7000000 		.4byte	0xb7
 1137 0925 60       		.byte	0x60
 1138 0926 0C       		.uleb128 0xc
 1139 0927 14120000 		.4byte	.LASF216
 1140 092b 06       		.byte	0x6
ARM GAS  C:\Users\alexport\AppData\Local\Temp\ccunsuAQ.s 			page 21


 1141 092c 8401     		.2byte	0x184
 1142 092e 85000000 		.4byte	0x85
 1143 0932 68       		.byte	0x68
 1144 0933 0C       		.uleb128 0xc
 1145 0934 1B120000 		.4byte	.LASF217
 1146 0938 06       		.byte	0x6
 1147 0939 8501     		.2byte	0x185
 1148 093b 85000000 		.4byte	0x85
 1149 093f 6A       		.byte	0x6a
 1150 0940 0C       		.uleb128 0xc
 1151 0941 BD040000 		.4byte	.LASF218
 1152 0945 06       		.byte	0x6
 1153 0946 8601     		.2byte	0x186
 1154 0948 85000000 		.4byte	0x85
 1155 094c 6C       		.byte	0x6c
 1156 094d 0C       		.uleb128 0xc
 1157 094e A8110000 		.4byte	.LASF219
 1158 0952 06       		.byte	0x6
 1159 0953 8701     		.2byte	0x187
 1160 0955 85000000 		.4byte	0x85
 1161 0959 6E       		.byte	0x6e
 1162 095a 0C       		.uleb128 0xc
 1163 095b 15000000 		.4byte	.LASF220
 1164 095f 06       		.byte	0x6
 1165 0960 8801     		.2byte	0x188
 1166 0962 85000000 		.4byte	0x85
 1167 0966 70       		.byte	0x70
 1168 0967 0C       		.uleb128 0xc
 1169 0968 D2020000 		.4byte	.LASF221
 1170 096c 06       		.byte	0x6
 1171 096d 8901     		.2byte	0x189
 1172 096f A9000000 		.4byte	0xa9
 1173 0973 74       		.byte	0x74
 1174 0974 0C       		.uleb128 0xc
 1175 0975 FB000000 		.4byte	.LASF222
 1176 0979 06       		.byte	0x6
 1177 097a 8A01     		.2byte	0x18a
 1178 097c 79000000 		.4byte	0x79
 1179 0980 78       		.byte	0x78
 1180 0981 0C       		.uleb128 0xc
 1181 0982 1E070000 		.4byte	.LASF223
 1182 0986 06       		.byte	0x6
 1183 0987 8B01     		.2byte	0x18b
 1184 0989 79000000 		.4byte	0x79
 1185 098d 79       		.byte	0x79
 1186 098e 0C       		.uleb128 0xc
 1187 098f D40C0000 		.4byte	.LASF224
 1188 0993 06       		.byte	0x6
 1189 0994 8C01     		.2byte	0x18c
 1190 0996 79000000 		.4byte	0x79
 1191 099a 7A       		.byte	0x7a
 1192 099b 0C       		.uleb128 0xc
 1193 099c 79070000 		.4byte	.LASF225
 1194 09a0 06       		.byte	0x6
 1195 09a1 8D01     		.2byte	0x18d
 1196 09a3 85000000 		.4byte	0x85
 1197 09a7 7C       		.byte	0x7c
ARM GAS  C:\Users\alexport\AppData\Local\Temp\ccunsuAQ.s 			page 22


 1198 09a8 0C       		.uleb128 0xc
 1199 09a9 75060000 		.4byte	.LASF226
 1200 09ad 06       		.byte	0x6
 1201 09ae 8E01     		.2byte	0x18e
 1202 09b0 1E0B0000 		.4byte	0xb1e
 1203 09b4 7E       		.byte	0x7e
 1204 09b5 0C       		.uleb128 0xc
 1205 09b6 B40A0000 		.4byte	.LASF227
 1206 09ba 06       		.byte	0x6
 1207 09bb 8F01     		.2byte	0x18f
 1208 09bd 91000000 		.4byte	0x91
 1209 09c1 92       		.byte	0x92
 1210 09c2 0C       		.uleb128 0xc
 1211 09c3 80130000 		.4byte	.LASF228
 1212 09c7 06       		.byte	0x6
 1213 09c8 9001     		.2byte	0x190
 1214 09ca 91000000 		.4byte	0x91
 1215 09ce 93       		.byte	0x93
 1216 09cf 0C       		.uleb128 0xc
 1217 09d0 15020000 		.4byte	.LASF229
 1218 09d4 06       		.byte	0x6
 1219 09d5 9101     		.2byte	0x191
 1220 09d7 91000000 		.4byte	0x91
 1221 09db 94       		.byte	0x94
 1222 09dc 0C       		.uleb128 0xc
 1223 09dd BC0F0000 		.4byte	.LASF230
 1224 09e1 06       		.byte	0x6
 1225 09e2 9201     		.2byte	0x192
 1226 09e4 91000000 		.4byte	0x91
 1227 09e8 95       		.byte	0x95
 1228 09e9 0C       		.uleb128 0xc
 1229 09ea D90F0000 		.4byte	.LASF231
 1230 09ee 06       		.byte	0x6
 1231 09ef 9301     		.2byte	0x193
 1232 09f1 79000000 		.4byte	0x79
 1233 09f5 96       		.byte	0x96
 1234 09f6 0C       		.uleb128 0xc
 1235 09f7 F4120000 		.4byte	.LASF232
 1236 09fb 06       		.byte	0x6
 1237 09fc 9401     		.2byte	0x194
 1238 09fe 79000000 		.4byte	0x79
 1239 0a02 97       		.byte	0x97
 1240 0a03 0C       		.uleb128 0xc
 1241 0a04 8B030000 		.4byte	.LASF233
 1242 0a08 06       		.byte	0x6
 1243 0a09 9501     		.2byte	0x195
 1244 0a0b 85000000 		.4byte	0x85
 1245 0a0f 98       		.byte	0x98
 1246 0a10 0C       		.uleb128 0xc
 1247 0a11 560B0000 		.4byte	.LASF234
 1248 0a15 06       		.byte	0x6
 1249 0a16 9601     		.2byte	0x196
 1250 0a18 79000000 		.4byte	0x79
 1251 0a1c 9A       		.byte	0x9a
 1252 0a1d 0C       		.uleb128 0xc
 1253 0a1e CD040000 		.4byte	.LASF235
 1254 0a22 06       		.byte	0x6
ARM GAS  C:\Users\alexport\AppData\Local\Temp\ccunsuAQ.s 			page 23


 1255 0a23 9701     		.2byte	0x197
 1256 0a25 79000000 		.4byte	0x79
 1257 0a29 9B       		.byte	0x9b
 1258 0a2a 0C       		.uleb128 0xc
 1259 0a2b 370B0000 		.4byte	.LASF236
 1260 0a2f 06       		.byte	0x6
 1261 0a30 9801     		.2byte	0x198
 1262 0a32 79000000 		.4byte	0x79
 1263 0a36 9C       		.byte	0x9c
 1264 0a37 0C       		.uleb128 0xc
 1265 0a38 F10C0000 		.4byte	.LASF237
 1266 0a3c 06       		.byte	0x6
 1267 0a3d 9901     		.2byte	0x199
 1268 0a3f 79000000 		.4byte	0x79
 1269 0a43 9D       		.byte	0x9d
 1270 0a44 0C       		.uleb128 0xc
 1271 0a45 45100000 		.4byte	.LASF238
 1272 0a49 06       		.byte	0x6
 1273 0a4a 9A01     		.2byte	0x19a
 1274 0a4c 85000000 		.4byte	0x85
 1275 0a50 9E       		.byte	0x9e
 1276 0a51 0C       		.uleb128 0xc
 1277 0a52 080E0000 		.4byte	.LASF239
 1278 0a56 06       		.byte	0x6
 1279 0a57 9B01     		.2byte	0x19b
 1280 0a59 85000000 		.4byte	0x85
 1281 0a5d A0       		.byte	0xa0
 1282 0a5e 0C       		.uleb128 0xc
 1283 0a5f 47090000 		.4byte	.LASF240
 1284 0a63 06       		.byte	0x6
 1285 0a64 9C01     		.2byte	0x19c
 1286 0a66 85000000 		.4byte	0x85
 1287 0a6a A2       		.byte	0xa2
 1288 0a6b 0C       		.uleb128 0xc
 1289 0a6c 66120000 		.4byte	.LASF241
 1290 0a70 06       		.byte	0x6
 1291 0a71 9D01     		.2byte	0x19d
 1292 0a73 85000000 		.4byte	0x85
 1293 0a77 A4       		.byte	0xa4
 1294 0a78 0C       		.uleb128 0xc
 1295 0a79 F7050000 		.4byte	.LASF242
 1296 0a7d 06       		.byte	0x6
 1297 0a7e 9E01     		.2byte	0x19e
 1298 0a80 85000000 		.4byte	0x85
 1299 0a84 A6       		.byte	0xa6
 1300 0a85 0C       		.uleb128 0xc
 1301 0a86 DD000000 		.4byte	.LASF243
 1302 0a8a 06       		.byte	0x6
 1303 0a8b 9F01     		.2byte	0x19f
 1304 0a8d 79000000 		.4byte	0x79
 1305 0a91 A8       		.byte	0xa8
 1306 0a92 0C       		.uleb128 0xc
 1307 0a93 2B130000 		.4byte	.LASF244
 1308 0a97 06       		.byte	0x6
 1309 0a98 A001     		.2byte	0x1a0
 1310 0a9a 79000000 		.4byte	0x79
 1311 0a9e A9       		.byte	0xa9
ARM GAS  C:\Users\alexport\AppData\Local\Temp\ccunsuAQ.s 			page 24


 1312 0a9f 0D       		.uleb128 0xd
 1313 0aa0 50696E00 		.ascii	"Pin\000"
 1314 0aa4 06       		.byte	0x6
 1315 0aa5 A101     		.2byte	0x1a1
 1316 0aa7 FF020000 		.4byte	0x2ff
 1317 0aab AA       		.byte	0xaa
 1318 0aac 0C       		.uleb128 0xc
 1319 0aad D4080000 		.4byte	.LASF245
 1320 0ab1 06       		.byte	0x6
 1321 0ab2 A201     		.2byte	0x1a2
 1322 0ab4 79000000 		.4byte	0x79
 1323 0ab8 AE       		.byte	0xae
 1324 0ab9 0C       		.uleb128 0xc
 1325 0aba B2040000 		.4byte	.LASF246
 1326 0abe 06       		.byte	0x6
 1327 0abf A301     		.2byte	0x1a3
 1328 0ac1 85000000 		.4byte	0x85
 1329 0ac5 B0       		.byte	0xb0
 1330 0ac6 0C       		.uleb128 0xc
 1331 0ac7 22120000 		.4byte	.LASF247
 1332 0acb 06       		.byte	0x6
 1333 0acc A401     		.2byte	0x1a4
 1334 0ace 85000000 		.4byte	0x85
 1335 0ad2 B2       		.byte	0xb2
 1336 0ad3 0C       		.uleb128 0xc
 1337 0ad4 72100000 		.4byte	.LASF248
 1338 0ad8 06       		.byte	0x6
 1339 0ad9 A501     		.2byte	0x1a5
 1340 0adb 79000000 		.4byte	0x79
 1341 0adf B4       		.byte	0xb4
 1342 0ae0 0C       		.uleb128 0xc
 1343 0ae1 79080000 		.4byte	.LASF249
 1344 0ae5 06       		.byte	0x6
 1345 0ae6 A601     		.2byte	0x1a6
 1346 0ae8 85000000 		.4byte	0x85
 1347 0aec B6       		.byte	0xb6
 1348 0aed 00       		.byte	0
 1349 0aee 08       		.uleb128 0x8
 1350 0aef 79000000 		.4byte	0x79
 1351 0af3 FE0A0000 		.4byte	0xafe
 1352 0af7 09       		.uleb128 0x9
 1353 0af8 D1000000 		.4byte	0xd1
 1354 0afc 07       		.byte	0x7
 1355 0afd 00       		.byte	0
 1356 0afe 08       		.uleb128 0x8
 1357 0aff C3000000 		.4byte	0xc3
 1358 0b03 0E0B0000 		.4byte	0xb0e
 1359 0b07 09       		.uleb128 0x9
 1360 0b08 D1000000 		.4byte	0xd1
 1361 0b0c 0F       		.byte	0xf
 1362 0b0d 00       		.byte	0
 1363 0b0e 08       		.uleb128 0x8
 1364 0b0f C3000000 		.4byte	0xc3
 1365 0b13 1E0B0000 		.4byte	0xb1e
 1366 0b17 09       		.uleb128 0x9
 1367 0b18 D1000000 		.4byte	0xd1
 1368 0b1c 1F       		.byte	0x1f
ARM GAS  C:\Users\alexport\AppData\Local\Temp\ccunsuAQ.s 			page 25


 1369 0b1d 00       		.byte	0
 1370 0b1e 08       		.uleb128 0x8
 1371 0b1f C3000000 		.4byte	0xc3
 1372 0b23 2E0B0000 		.4byte	0xb2e
 1373 0b27 09       		.uleb128 0x9
 1374 0b28 D1000000 		.4byte	0xd1
 1375 0b2c 13       		.byte	0x13
 1376 0b2d 00       		.byte	0
 1377 0b2e 10       		.uleb128 0x10
 1378 0b2f 97000000 		.4byte	.LASF250
 1379 0b33 06       		.byte	0x6
 1380 0b34 6001     		.2byte	0x160
 1381 0b36 0F030000 		.4byte	0x30f
 1382 0b3a 05       		.uleb128 0x5
 1383 0b3b 03       		.byte	0x3
 1384 0b3c 00000000 		.4byte	Sensor
 1385 0b40 10       		.uleb128 0x10
 1386 0b41 320D0000 		.4byte	.LASF251
 1387 0b45 06       		.byte	0x6
 1388 0b46 A701     		.2byte	0x1a7
 1389 0b48 7D070000 		.4byte	0x77d
 1390 0b4c 05       		.uleb128 0x5
 1391 0b4d 03       		.byte	0x3
 1392 0b4e 00000000 		.4byte	System
 1393 0b52 08       		.uleb128 0x8
 1394 0b53 6E000000 		.4byte	0x6e
 1395 0b57 620B0000 		.4byte	0xb62
 1396 0b5b 09       		.uleb128 0x9
 1397 0b5c D1000000 		.4byte	0xd1
 1398 0b60 6D       		.byte	0x6d
 1399 0b61 00       		.byte	0
 1400 0b62 11       		.uleb128 0x11
 1401 0b63 7300     		.ascii	"s\000"
 1402 0b65 07       		.byte	0x7
 1403 0b66 10       		.byte	0x10
 1404 0b67 520B0000 		.4byte	0xb52
 1405 0b6b 05       		.uleb128 0x5
 1406 0b6c 03       		.byte	0x3
 1407 0b6d 00000000 		.4byte	s
 1408 0b71 00       		.byte	0
 1409              		.section	.debug_abbrev,"",%progbits
 1410              	.Ldebug_abbrev0:
 1411 0000 01       		.uleb128 0x1
 1412 0001 11       		.uleb128 0x11
 1413 0002 01       		.byte	0x1
 1414 0003 25       		.uleb128 0x25
 1415 0004 0E       		.uleb128 0xe
 1416 0005 13       		.uleb128 0x13
 1417 0006 0B       		.uleb128 0xb
 1418 0007 03       		.uleb128 0x3
 1419 0008 0E       		.uleb128 0xe
 1420 0009 1B       		.uleb128 0x1b
 1421 000a 0E       		.uleb128 0xe
 1422 000b 10       		.uleb128 0x10
 1423 000c 17       		.uleb128 0x17
 1424 000d 00       		.byte	0
 1425 000e 00       		.byte	0
ARM GAS  C:\Users\alexport\AppData\Local\Temp\ccunsuAQ.s 			page 26


 1426 000f 02       		.uleb128 0x2
 1427 0010 24       		.uleb128 0x24
 1428 0011 00       		.byte	0
 1429 0012 0B       		.uleb128 0xb
 1430 0013 0B       		.uleb128 0xb
 1431 0014 3E       		.uleb128 0x3e
 1432 0015 0B       		.uleb128 0xb
 1433 0016 03       		.uleb128 0x3
 1434 0017 0E       		.uleb128 0xe
 1435 0018 00       		.byte	0
 1436 0019 00       		.byte	0
 1437 001a 03       		.uleb128 0x3
 1438 001b 16       		.uleb128 0x16
 1439 001c 00       		.byte	0
 1440 001d 03       		.uleb128 0x3
 1441 001e 0E       		.uleb128 0xe
 1442 001f 3A       		.uleb128 0x3a
 1443 0020 0B       		.uleb128 0xb
 1444 0021 3B       		.uleb128 0x3b
 1445 0022 0B       		.uleb128 0xb
 1446 0023 49       		.uleb128 0x49
 1447 0024 13       		.uleb128 0x13
 1448 0025 00       		.byte	0
 1449 0026 00       		.byte	0
 1450 0027 04       		.uleb128 0x4
 1451 0028 24       		.uleb128 0x24
 1452 0029 00       		.byte	0
 1453 002a 0B       		.uleb128 0xb
 1454 002b 0B       		.uleb128 0xb
 1455 002c 3E       		.uleb128 0x3e
 1456 002d 0B       		.uleb128 0xb
 1457 002e 03       		.uleb128 0x3
 1458 002f 08       		.uleb128 0x8
 1459 0030 00       		.byte	0
 1460 0031 00       		.byte	0
 1461 0032 05       		.uleb128 0x5
 1462 0033 16       		.uleb128 0x16
 1463 0034 00       		.byte	0
 1464 0035 03       		.uleb128 0x3
 1465 0036 0E       		.uleb128 0xe
 1466 0037 3A       		.uleb128 0x3a
 1467 0038 0B       		.uleb128 0xb
 1468 0039 3B       		.uleb128 0x3b
 1469 003a 05       		.uleb128 0x5
 1470 003b 49       		.uleb128 0x49
 1471 003c 13       		.uleb128 0x13
 1472 003d 00       		.byte	0
 1473 003e 00       		.byte	0
 1474 003f 06       		.uleb128 0x6
 1475 0040 04       		.uleb128 0x4
 1476 0041 01       		.byte	0x1
 1477 0042 0B       		.uleb128 0xb
 1478 0043 0B       		.uleb128 0xb
 1479 0044 49       		.uleb128 0x49
 1480 0045 13       		.uleb128 0x13
 1481 0046 3A       		.uleb128 0x3a
 1482 0047 0B       		.uleb128 0xb
ARM GAS  C:\Users\alexport\AppData\Local\Temp\ccunsuAQ.s 			page 27


 1483 0048 3B       		.uleb128 0x3b
 1484 0049 05       		.uleb128 0x5
 1485 004a 01       		.uleb128 0x1
 1486 004b 13       		.uleb128 0x13
 1487 004c 00       		.byte	0
 1488 004d 00       		.byte	0
 1489 004e 07       		.uleb128 0x7
 1490 004f 28       		.uleb128 0x28
 1491 0050 00       		.byte	0
 1492 0051 03       		.uleb128 0x3
 1493 0052 0E       		.uleb128 0xe
 1494 0053 1C       		.uleb128 0x1c
 1495 0054 0B       		.uleb128 0xb
 1496 0055 00       		.byte	0
 1497 0056 00       		.byte	0
 1498 0057 08       		.uleb128 0x8
 1499 0058 01       		.uleb128 0x1
 1500 0059 01       		.byte	0x1
 1501 005a 49       		.uleb128 0x49
 1502 005b 13       		.uleb128 0x13
 1503 005c 01       		.uleb128 0x1
 1504 005d 13       		.uleb128 0x13
 1505 005e 00       		.byte	0
 1506 005f 00       		.byte	0
 1507 0060 09       		.uleb128 0x9
 1508 0061 21       		.uleb128 0x21
 1509 0062 00       		.byte	0
 1510 0063 49       		.uleb128 0x49
 1511 0064 13       		.uleb128 0x13
 1512 0065 2F       		.uleb128 0x2f
 1513 0066 0B       		.uleb128 0xb
 1514 0067 00       		.byte	0
 1515 0068 00       		.byte	0
 1516 0069 0A       		.uleb128 0xa
 1517 006a 04       		.uleb128 0x4
 1518 006b 01       		.byte	0x1
 1519 006c 0B       		.uleb128 0xb
 1520 006d 0B       		.uleb128 0xb
 1521 006e 49       		.uleb128 0x49
 1522 006f 13       		.uleb128 0x13
 1523 0070 3A       		.uleb128 0x3a
 1524 0071 0B       		.uleb128 0xb
 1525 0072 3B       		.uleb128 0x3b
 1526 0073 0B       		.uleb128 0xb
 1527 0074 01       		.uleb128 0x1
 1528 0075 13       		.uleb128 0x13
 1529 0076 00       		.byte	0
 1530 0077 00       		.byte	0
 1531 0078 0B       		.uleb128 0xb
 1532 0079 13       		.uleb128 0x13
 1533 007a 01       		.byte	0x1
 1534 007b 0B       		.uleb128 0xb
 1535 007c 05       		.uleb128 0x5
 1536 007d 3A       		.uleb128 0x3a
 1537 007e 0B       		.uleb128 0xb
 1538 007f 3B       		.uleb128 0x3b
 1539 0080 05       		.uleb128 0x5
ARM GAS  C:\Users\alexport\AppData\Local\Temp\ccunsuAQ.s 			page 28


 1540 0081 01       		.uleb128 0x1
 1541 0082 13       		.uleb128 0x13
 1542 0083 00       		.byte	0
 1543 0084 00       		.byte	0
 1544 0085 0C       		.uleb128 0xc
 1545 0086 0D       		.uleb128 0xd
 1546 0087 00       		.byte	0
 1547 0088 03       		.uleb128 0x3
 1548 0089 0E       		.uleb128 0xe
 1549 008a 3A       		.uleb128 0x3a
 1550 008b 0B       		.uleb128 0xb
 1551 008c 3B       		.uleb128 0x3b
 1552 008d 05       		.uleb128 0x5
 1553 008e 49       		.uleb128 0x49
 1554 008f 13       		.uleb128 0x13
 1555 0090 38       		.uleb128 0x38
 1556 0091 0B       		.uleb128 0xb
 1557 0092 00       		.byte	0
 1558 0093 00       		.byte	0
 1559 0094 0D       		.uleb128 0xd
 1560 0095 0D       		.uleb128 0xd
 1561 0096 00       		.byte	0
 1562 0097 03       		.uleb128 0x3
 1563 0098 08       		.uleb128 0x8
 1564 0099 3A       		.uleb128 0x3a
 1565 009a 0B       		.uleb128 0xb
 1566 009b 3B       		.uleb128 0x3b
 1567 009c 05       		.uleb128 0x5
 1568 009d 49       		.uleb128 0x49
 1569 009e 13       		.uleb128 0x13
 1570 009f 38       		.uleb128 0x38
 1571 00a0 0B       		.uleb128 0xb
 1572 00a1 00       		.byte	0
 1573 00a2 00       		.byte	0
 1574 00a3 0E       		.uleb128 0xe
 1575 00a4 0D       		.uleb128 0xd
 1576 00a5 00       		.byte	0
 1577 00a6 03       		.uleb128 0x3
 1578 00a7 0E       		.uleb128 0xe
 1579 00a8 3A       		.uleb128 0x3a
 1580 00a9 0B       		.uleb128 0xb
 1581 00aa 3B       		.uleb128 0x3b
 1582 00ab 05       		.uleb128 0x5
 1583 00ac 49       		.uleb128 0x49
 1584 00ad 13       		.uleb128 0x13
 1585 00ae 38       		.uleb128 0x38
 1586 00af 05       		.uleb128 0x5
 1587 00b0 00       		.byte	0
 1588 00b1 00       		.byte	0
 1589 00b2 0F       		.uleb128 0xf
 1590 00b3 13       		.uleb128 0x13
 1591 00b4 01       		.byte	0x1
 1592 00b5 0B       		.uleb128 0xb
 1593 00b6 0B       		.uleb128 0xb
 1594 00b7 3A       		.uleb128 0x3a
 1595 00b8 0B       		.uleb128 0xb
 1596 00b9 3B       		.uleb128 0x3b
ARM GAS  C:\Users\alexport\AppData\Local\Temp\ccunsuAQ.s 			page 29


 1597 00ba 05       		.uleb128 0x5
 1598 00bb 01       		.uleb128 0x1
 1599 00bc 13       		.uleb128 0x13
 1600 00bd 00       		.byte	0
 1601 00be 00       		.byte	0
 1602 00bf 10       		.uleb128 0x10
 1603 00c0 34       		.uleb128 0x34
 1604 00c1 00       		.byte	0
 1605 00c2 03       		.uleb128 0x3
 1606 00c3 0E       		.uleb128 0xe
 1607 00c4 3A       		.uleb128 0x3a
 1608 00c5 0B       		.uleb128 0xb
 1609 00c6 3B       		.uleb128 0x3b
 1610 00c7 05       		.uleb128 0x5
 1611 00c8 49       		.uleb128 0x49
 1612 00c9 13       		.uleb128 0x13
 1613 00ca 3F       		.uleb128 0x3f
 1614 00cb 19       		.uleb128 0x19
 1615 00cc 02       		.uleb128 0x2
 1616 00cd 18       		.uleb128 0x18
 1617 00ce 00       		.byte	0
 1618 00cf 00       		.byte	0
 1619 00d0 11       		.uleb128 0x11
 1620 00d1 34       		.uleb128 0x34
 1621 00d2 00       		.byte	0
 1622 00d3 03       		.uleb128 0x3
 1623 00d4 08       		.uleb128 0x8
 1624 00d5 3A       		.uleb128 0x3a
 1625 00d6 0B       		.uleb128 0xb
 1626 00d7 3B       		.uleb128 0x3b
 1627 00d8 0B       		.uleb128 0xb
 1628 00d9 49       		.uleb128 0x49
 1629 00da 13       		.uleb128 0x13
 1630 00db 3F       		.uleb128 0x3f
 1631 00dc 19       		.uleb128 0x19
 1632 00dd 02       		.uleb128 0x2
 1633 00de 18       		.uleb128 0x18
 1634 00df 00       		.byte	0
 1635 00e0 00       		.byte	0
 1636 00e1 00       		.byte	0
 1637              		.section	.debug_aranges,"",%progbits
 1638 0000 14000000 		.4byte	0x14
 1639 0004 0200     		.2byte	0x2
 1640 0006 00000000 		.4byte	.Ldebug_info0
 1641 000a 04       		.byte	0x4
 1642 000b 00       		.byte	0
 1643 000c 0000     		.2byte	0
 1644 000e 0000     		.2byte	0
 1645 0010 00000000 		.4byte	0
 1646 0014 00000000 		.4byte	0
 1647              		.section	.debug_line,"",%progbits
 1648              	.Ldebug_line0:
 1649 0000 70010000 		.section	.debug_str,"MS",%progbits,1
 1649      02006A01 
 1649      00000201 
 1649      FB0E0D00 
 1649      01010101 
ARM GAS  C:\Users\alexport\AppData\Local\Temp\ccunsuAQ.s 			page 30


 1650              	.LASF102:
 1651 0000 4359424C 		.ascii	"CYBLE_DIS_CHAR_COUNT\000"
 1651      455F4449 
 1651      535F4348 
 1651      41525F43 
 1651      4F554E54 
 1652              	.LASF220:
 1653 0015 5379734D 		.ascii	"SysMaOverRange\000"
 1653      614F7665 
 1653      7252616E 
 1653      676500
 1654              	.LASF112:
 1655 0024 52656164 		.ascii	"ReadingScaled\000"
 1655      696E6753 
 1655      63616C65 
 1655      6400
 1656              	.LASF74:
 1657 0032 4359424C 		.ascii	"CYBLE_EVT_GATTC_STOP_CMD_COMPLETE\000"
 1657      455F4556 
 1657      545F4741 
 1657      5454435F 
 1657      53544F50 
 1658              	.LASF70:
 1659 0054 4359424C 		.ascii	"CYBLE_EVT_GATTC_HANDLE_VALUE_NTF\000"
 1659      455F4556 
 1659      545F4741 
 1659      5454435F 
 1659      48414E44 
 1660              	.LASF185:
 1661 0075 4175746F 		.ascii	"AutoZeroDisable\000"
 1661      5A65726F 
 1661      44697361 
 1661      626C6500 
 1662              	.LASF195:
 1663 0085 426C654E 		.ascii	"BleNotifyCalLevel\000"
 1663      6F746966 
 1663      7943616C 
 1663      4C657665 
 1663      6C00
 1664              	.LASF250:
 1665 0097 53656E73 		.ascii	"Sensor\000"
 1665      6F7200
 1666              	.LASF194:
 1667 009e 426C654E 		.ascii	"BleNotifyLife\000"
 1667      6F746966 
 1667      794C6966 
 1667      6500
 1668              	.LASF154:
 1669 00ac 5A74635F 		.ascii	"Ztc_p35\000"
 1669      70333500 
 1670              	.LASF121:
 1671 00b4 54656D70 		.ascii	"TemperatureAtSpan\000"
 1671      65726174 
 1671      75726541 
 1671      74537061 
 1671      6E00
 1672              	.LASF29:
ARM GAS  C:\Users\alexport\AppData\Local\Temp\ccunsuAQ.s 			page 31


 1673 00c6 4359424C 		.ascii	"CYBLE_EVT_GAP_AUTH_REQ\000"
 1673      455F4556 
 1673      545F4741 
 1673      505F4155 
 1673      54485F52 
 1674              	.LASF243:
 1675 00dd 43616C53 		.ascii	"CalSpanError\000"
 1675      70616E45 
 1675      72726F72 
 1675      00
 1676              	.LASF199:
 1677 00ea 426C654E 		.ascii	"BleNotifyCalStep\000"
 1677      6F746966 
 1677      7943616C 
 1677      53746570 
 1677      00
 1678              	.LASF222:
 1679 00fb 43616E4E 		.ascii	"CanNodeId\000"
 1679      6F646549 
 1679      6400
 1680              	.LASF134:
 1681 0105 5A65726F 		.ascii	"ZeroCalTime\000"
 1681      43616C54 
 1681      696D6500 
 1682              	.LASF208:
 1683 0111 41646343 		.ascii	"AdcCountsPrevious\000"
 1683      6F756E74 
 1683      73507265 
 1683      76696F75 
 1683      7300
 1684              	.LASF54:
 1685 0123 4359424C 		.ascii	"CYBLE_EVT_GATT_DISCONNECT_IND\000"
 1685      455F4556 
 1685      545F4741 
 1685      54545F44 
 1685      4953434F 
 1686              	.LASF130:
 1687 0141 43616C52 		.ascii	"CalResult\000"
 1687      6573756C 
 1687      7400
 1688              	.LASF49:
 1689 014b 4359424C 		.ascii	"CYBLE_EVT_GAP_SCAN_REQ_RECVD\000"
 1689      455F4556 
 1689      545F4741 
 1689      505F5343 
 1689      414E5F52 
 1690              	.LASF55:
 1691 0168 4359424C 		.ascii	"CYBLE_EVT_GATTS_XCNHG_MTU_REQ\000"
 1691      455F4556 
 1691      545F4741 
 1691      5454535F 
 1691      58434E48 
 1692              	.LASF140:
 1693 0186 5370616E 		.ascii	"SpanCalStableThreshold\000"
 1693      43616C53 
 1693      7461626C 
 1693      65546872 
ARM GAS  C:\Users\alexport\AppData\Local\Temp\ccunsuAQ.s 			page 32


 1693      6573686F 
 1694              	.LASF73:
 1695 019d 4359424C 		.ascii	"CYBLE_EVT_GATTS_DATA_SIGNED_CMD_REQ\000"
 1695      455F4556 
 1695      545F4741 
 1695      5454535F 
 1695      44415441 
 1696              	.LASF157:
 1697 01c1 5374635F 		.ascii	"Stc_p35\000"
 1697      70333500 
 1698              	.LASF24:
 1699 01c9 4359424C 		.ascii	"CYBLE_EVT_HARDWARE_ERROR\000"
 1699      455F4556 
 1699      545F4841 
 1699      52445741 
 1699      52455F45 
 1700              	.LASF8:
 1701 01e2 756E7369 		.ascii	"unsigned int\000"
 1701      676E6564 
 1701      20696E74 
 1701      00
 1702              	.LASF114:
 1703 01ef 53746174 		.ascii	"Status\000"
 1703      757300
 1704              	.LASF89:
 1705 01f6 4359424C 		.ascii	"CYBLE_EVT_LE_PING_AUTH_TIMEOUT\000"
 1705      455F4556 
 1705      545F4C45 
 1705      5F50494E 
 1705      475F4155 
 1706              	.LASF229:
 1707 0215 43616C41 		.ascii	"CalAdjusted\000"
 1707      646A7573 
 1707      74656400 
 1708              	.LASF172:
 1709 0221 446E5365 		.ascii	"DnSerialNumberH\000"
 1709      7269616C 
 1709      4E756D62 
 1709      65724800 
 1710              	.LASF86:
 1711 0231 4359424C 		.ascii	"CYBLE_EVT_L2CAP_CBFC_TX_CREDIT_IND\000"
 1711      455F4556 
 1711      545F4C32 
 1711      4341505F 
 1711      43424643 
 1712              	.LASF105:
 1713 0254 50696442 		.ascii	"PidBuffer\000"
 1713      75666665 
 1713      7200
 1714              	.LASF153:
 1715 025e 5A74635F 		.ascii	"Ztc_n10\000"
 1715      6E313000 
 1716              	.LASF138:
 1717 0266 5370616E 		.ascii	"SpanCalLeveloffTime\000"
 1717      43616C4C 
 1717      6576656C 
 1717      6F666654 
ARM GAS  C:\Users\alexport\AppData\Local\Temp\ccunsuAQ.s 			page 33


 1717      696D6500 
 1718              	.LASF14:
 1719 027a 696E7431 		.ascii	"int16\000"
 1719      3600
 1720              	.LASF254:
 1721 0280 433A5C55 		.ascii	"C:\\Users\\alexport\\OneDrive - Safeguard Analytics"
 1721      73657273 
 1721      5C616C65 
 1721      78706F72 
 1721      745C4F6E 
 1722 02b0 5C544553 		.ascii	"\\TESTs\\UART UDB test\\SA-200.cydsn\000"
 1722      54735C55 
 1722      41525420 
 1722      55444220 
 1722      74657374 
 1723              	.LASF221:
 1724 02d2 5379734D 		.ascii	"SysMaPerPctFullScale\000"
 1724      61506572 
 1724      50637446 
 1724      756C6C53 
 1724      63616C65 
 1725              	.LASF252:
 1726 02e7 474E5520 		.ascii	"GNU C11 5.4.1 20160609 (release) [ARM/embedded-5-br"
 1726      43313120 
 1726      352E342E 
 1726      31203230 
 1726      31363036 
 1727 031a 616E6368 		.ascii	"anch revision 237715] -mcpu=cortex-m0 -mthumb -g -O"
 1727      20726576 
 1727      6973696F 
 1727      6E203233 
 1727      37373135 
 1728 034d 30202D66 		.ascii	"0 -ffunction-sections -ffat-lto-objects\000"
 1728      66756E63 
 1728      74696F6E 
 1728      2D736563 
 1728      74696F6E 
 1729              	.LASF202:
 1730 0375 426C654E 		.ascii	"BleNotifyCalSpanError\000"
 1730      6F746966 
 1730      7943616C 
 1730      5370616E 
 1730      4572726F 
 1731              	.LASF233:
 1732 038b 43616C5A 		.ascii	"CalZCounts\000"
 1732      436F756E 
 1732      747300
 1733              	.LASF161:
 1734 0396 5A74635F 		.ascii	"Ztc_curve_3\000"
 1734      63757276 
 1734      655F3300 
 1735              	.LASF149:
 1736 03a2 4C696E65 		.ascii	"Linear2Level\000"
 1736      6172324C 
 1736      6576656C 
 1736      00
 1737              	.LASF30:
ARM GAS  C:\Users\alexport\AppData\Local\Temp\ccunsuAQ.s 			page 34


 1738 03af 4359424C 		.ascii	"CYBLE_EVT_GAP_PASSKEY_ENTRY_REQUEST\000"
 1738      455F4556 
 1738      545F4741 
 1738      505F5041 
 1738      53534B45 
 1739              	.LASF85:
 1740 03d3 4359424C 		.ascii	"CYBLE_EVT_L2CAP_CBFC_RX_CREDIT_IND\000"
 1740      455F4556 
 1740      545F4C32 
 1740      4341505F 
 1740      43424643 
 1741              	.LASF113:
 1742 03f6 52656164 		.ascii	"ReadingScaledPrevious\000"
 1742      696E6753 
 1742      63616C65 
 1742      64507265 
 1742      76696F75 
 1743              	.LASF206:
 1744 040c 426C6549 		.ascii	"BleInAuxCalState\000"
 1744      6E417578 
 1744      43616C53 
 1744      74617465 
 1744      00
 1745              	.LASF156:
 1746 041d 5374635F 		.ascii	"Stc_n10\000"
 1746      6E313000 
 1747              	.LASF155:
 1748 0425 5A74635F 		.ascii	"Ztc_p50\000"
 1748      70353000 
 1749              	.LASF168:
 1750 042d 5374635F 		.ascii	"Stc_apply\000"
 1750      6170706C 
 1750      7900
 1751              	.LASF72:
 1752 0437 4359424C 		.ascii	"CYBLE_EVT_GATTS_HANDLE_VALUE_CNF\000"
 1752      455F4556 
 1752      545F4741 
 1752      5454535F 
 1752      48414E44 
 1753              	.LASF167:
 1754 0458 5A74635F 		.ascii	"Ztc_apply\000"
 1754      6170706C 
 1754      7900
 1755              	.LASF118:
 1756 0462 54656D70 		.ascii	"Temperature\000"
 1756      65726174 
 1756      75726500 
 1757              	.LASF152:
 1758 046e 4C696E65 		.ascii	"Linear3Value\000"
 1758      61723356 
 1758      616C7565 
 1758      00
 1759              	.LASF193:
 1760 047b 426C654E 		.ascii	"BleNotifyTemperature\000"
 1760      6F746966 
 1760      7954656D 
 1760      70657261 
ARM GAS  C:\Users\alexport\AppData\Local\Temp\ccunsuAQ.s 			page 35


 1760      74757265 
 1761              	.LASF125:
 1762 0490 436F756E 		.ascii	"CountsHalfScale\000"
 1762      74734861 
 1762      6C665363 
 1762      616C6500 
 1763              	.LASF200:
 1764 04a0 426C654E 		.ascii	"BleNotifyCalSpeed\000"
 1764      6F746966 
 1764      7943616C 
 1764      53706565 
 1764      6400
 1765              	.LASF246:
 1766 04b2 54657374 		.ascii	"TestStatus\000"
 1766      53746174 
 1766      757300
 1767              	.LASF218:
 1768 04bd 5379734D 		.ascii	"SysMa20\000"
 1768      61323000 
 1769              	.LASF107:
 1770 04c5 52656164 		.ascii	"Reading\000"
 1770      696E6700 
 1771              	.LASF235:
 1772 04cd 43616C5A 		.ascii	"CalZeroErrorPrevious\000"
 1772      65726F45 
 1772      72726F72 
 1772      50726576 
 1772      696F7573 
 1773              	.LASF158:
 1774 04e2 5374635F 		.ascii	"Stc_p50\000"
 1774      70353000 
 1775              	.LASF88:
 1776 04ea 4359424C 		.ascii	"CYBLE_EVT_PENDING_FLASH_WRITE\000"
 1776      455F4556 
 1776      545F5045 
 1776      4E44494E 
 1776      475F464C 
 1777              	.LASF147:
 1778 0508 4C696E65 		.ascii	"Linear1Level\000"
 1778      6172314C 
 1778      6576656C 
 1778      00
 1779              	.LASF65:
 1780 0515 4359424C 		.ascii	"CYBLE_EVT_GATTC_WRITE_RSP\000"
 1780      455F4556 
 1780      545F4741 
 1780      5454435F 
 1780      57524954 
 1781              	.LASF15:
 1782 052f 666C6F61 		.ascii	"float\000"
 1782      7400
 1783              	.LASF120:
 1784 0535 54656D70 		.ascii	"TemperatureAtZero\000"
 1784      65726174 
 1784      75726541 
 1784      745A6572 
 1784      6F00
ARM GAS  C:\Users\alexport\AppData\Local\Temp\ccunsuAQ.s 			page 36


 1785              	.LASF198:
 1786 0547 426C654E 		.ascii	"BleNotifyCalZeroError\000"
 1786      6F746966 
 1786      7943616C 
 1786      5A65726F 
 1786      4572726F 
 1787              	.LASF79:
 1788 055d 4359424C 		.ascii	"CYBLE_EVT_L2CAP_COMMAND_REJ\000"
 1788      455F4556 
 1788      545F4C32 
 1788      4341505F 
 1788      434F4D4D 
 1789              	.LASF181:
 1790 0579 45635469 		.ascii	"EcTiaReg\000"
 1790      61526567 
 1790      00
 1791              	.LASF182:
 1792 0582 45635265 		.ascii	"EcRefReg\000"
 1792      66526567 
 1792      00
 1793              	.LASF7:
 1794 058b 6C6F6E67 		.ascii	"long long unsigned int\000"
 1794      206C6F6E 
 1794      6720756E 
 1794      7369676E 
 1794      65642069 
 1795              	.LASF177:
 1796 05a2 43624272 		.ascii	"CbBridgeVolts\000"
 1796      69646765 
 1796      566F6C74 
 1796      7300
 1797              	.LASF26:
 1798 05b0 4359424C 		.ascii	"CYBLE_EVT_STACK_BUSY_STATUS\000"
 1798      455F4556 
 1798      545F5354 
 1798      41434B5F 
 1798      42555359 
 1799              	.LASF64:
 1800 05cc 4359424C 		.ascii	"CYBLE_EVT_GATTS_WRITE_REQ\000"
 1800      455F4556 
 1800      545F4741 
 1800      5454535F 
 1800      57524954 
 1801              	.LASF192:
 1802 05e6 426C654E 		.ascii	"BleNotifyControl\000"
 1802      6F746966 
 1802      79436F6E 
 1802      74726F6C 
 1802      00
 1803              	.LASF242:
 1804 05f7 43616C43 		.ascii	"CalClearingPrevious\000"
 1804      6C656172 
 1804      696E6750 
 1804      72657669 
 1804      6F757300 
 1805              	.LASF104:
 1806 060b 50696455 		.ascii	"PidUnderCurrent\000"
ARM GAS  C:\Users\alexport\AppData\Local\Temp\ccunsuAQ.s 			page 37


 1806      6E646572 
 1806      43757272 
 1806      656E7400 
 1807              	.LASF165:
 1808 061b 5A65726F 		.ascii	"Zero_adjust\000"
 1808      5F61646A 
 1808      75737400 
 1809              	.LASF203:
 1810 0627 426C654E 		.ascii	"BleNotifyReadingScaled\000"
 1810      6F746966 
 1810      79526561 
 1810      64696E67 
 1810      5363616C 
 1811              	.LASF59:
 1812 063e 4359424C 		.ascii	"CYBLE_EVT_GATTC_FIND_INFO_RSP\000"
 1812      455F4556 
 1812      545F4741 
 1812      5454435F 
 1812      46494E44 
 1813              	.LASF171:
 1814 065c 55705365 		.ascii	"UpSerialNumber\000"
 1814      7269616C 
 1814      4E756D62 
 1814      657200
 1815              	.LASF126:
 1816 066b 5A65726F 		.ascii	"ZeroBlock\000"
 1816      426C6F63 
 1816      6B00
 1817              	.LASF226:
 1818 0675 53656E73 		.ascii	"SensorTag\000"
 1818      6F725461 
 1818      6700
 1819              	.LASF60:
 1820 067f 4359424C 		.ascii	"CYBLE_EVT_GATTC_FIND_BY_TYPE_VALUE_RSP\000"
 1820      455F4556 
 1820      545F4741 
 1820      5454435F 
 1820      46494E44 
 1821              	.LASF187:
 1822 06a6 426C6543 		.ascii	"BleControl\000"
 1822      6F6E7472 
 1822      6F6C00
 1823              	.LASF68:
 1824 06b1 4359424C 		.ascii	"CYBLE_EVT_GATTS_EXEC_WRITE_REQ\000"
 1824      455F4556 
 1824      545F4741 
 1824      5454535F 
 1824      45584543 
 1825              	.LASF174:
 1826 06d0 53657269 		.ascii	"SerialNumber\000"
 1826      616C4E75 
 1826      6D626572 
 1826      00
 1827              	.LASF69:
 1828 06dd 4359424C 		.ascii	"CYBLE_EVT_GATTC_EXEC_WRITE_RSP\000"
 1828      455F4556 
 1828      545F4741 
ARM GAS  C:\Users\alexport\AppData\Local\Temp\ccunsuAQ.s 			page 38


 1828      5454435F 
 1828      45584543 
 1829              	.LASF96:
 1830 06fc 4359424C 		.ascii	"CYBLE_DIS_HARDWARE_REV\000"
 1830      455F4449 
 1830      535F4841 
 1830      52445741 
 1830      52455F52 
 1831              	.LASF103:
 1832 0713 50696443 		.ascii	"PidCurrent\000"
 1832      75727265 
 1832      6E7400
 1833              	.LASF223:
 1834 071e 43616E43 		.ascii	"CanChannel\000"
 1834      68616E6E 
 1834      656C00
 1835              	.LASF75:
 1836 0729 4359424C 		.ascii	"CYBLE_EVT_GATTS_READ_CHAR_VAL_ACCESS_REQ\000"
 1836      455F4556 
 1836      545F4741 
 1836      5454535F 
 1836      52454144 
 1837              	.LASF109:
 1838 0752 52656164 		.ascii	"ReadingRaw\000"
 1838      696E6752 
 1838      617700
 1839              	.LASF32:
 1840 075d 4359424C 		.ascii	"CYBLE_EVT_GAP_AUTH_COMPLETE\000"
 1840      455F4556 
 1840      545F4741 
 1840      505F4155 
 1840      54485F43 
 1841              	.LASF225:
 1842 0779 426C6543 		.ascii	"BleCalLoop\000"
 1842      616C4C6F 
 1842      6F7000
 1843              	.LASF137:
 1844 0784 5370616E 		.ascii	"SpanCalApplyThreshold\000"
 1844      43616C41 
 1844      70706C79 
 1844      54687265 
 1844      73686F6C 
 1845              	.LASF83:
 1846 079a 4359424C 		.ascii	"CYBLE_EVT_L2CAP_CBFC_DISCONN_CNF\000"
 1846      455F4556 
 1846      545F4C32 
 1846      4341505F 
 1846      43424643 
 1847              	.LASF56:
 1848 07bb 4359424C 		.ascii	"CYBLE_EVT_GATTC_XCHNG_MTU_RSP\000"
 1848      455F4556 
 1848      545F4741 
 1848      5454435F 
 1848      5843484E 
 1849              	.LASF91:
 1850 07d9 4359424C 		.ascii	"CYBLE_EVT_FLASH_CORRUPT\000"
 1850      455F4556 
ARM GAS  C:\Users\alexport\AppData\Local\Temp\ccunsuAQ.s 			page 39


 1850      545F464C 
 1850      4153485F 
 1850      434F5252 
 1851              	.LASF66:
 1852 07f1 4359424C 		.ascii	"CYBLE_EVT_GATTS_WRITE_CMD_REQ\000"
 1852      455F4556 
 1852      545F4741 
 1852      5454535F 
 1852      57524954 
 1853              	.LASF136:
 1854 080f 5370616E 		.ascii	"SpanCalApplyTime\000"
 1854      43616C41 
 1854      70706C79 
 1854      54696D65 
 1854      00
 1855              	.LASF62:
 1856 0820 4359424C 		.ascii	"CYBLE_EVT_GATTC_READ_BLOB_RSP\000"
 1856      455F4556 
 1856      545F4741 
 1856      5454435F 
 1856      52454144 
 1857              	.LASF191:
 1858 083e 426C654E 		.ascii	"BleNotifyAlertStatus\000"
 1858      6F746966 
 1858      79416C65 
 1858      72745374 
 1858      61747573 
 1859              	.LASF78:
 1860 0853 4359424C 		.ascii	"CYBLE_EVT_L2CAP_CONN_PARAM_UPDATE_RSP\000"
 1860      455F4556 
 1860      545F4C32 
 1860      4341505F 
 1860      434F4E4E 
 1861              	.LASF249:
 1862 0879 466C6F77 		.ascii	"FlowRate\000"
 1862      52617465 
 1862      00
 1863              	.LASF180:
 1864 0882 43624272 		.ascii	"CbBridgeMampsToll\000"
 1864      69646765 
 1864      4D616D70 
 1864      73546F6C 
 1864      6C00
 1865              	.LASF81:
 1866 0894 4359424C 		.ascii	"CYBLE_EVT_L2CAP_CBFC_CONN_CNF\000"
 1866      455F4556 
 1866      545F4C32 
 1866      4341505F 
 1866      43424643 
 1867              	.LASF99:
 1868 08b2 4359424C 		.ascii	"CYBLE_DIS_SYSTEM_ID\000"
 1868      455F4449 
 1868      535F5359 
 1868      5354454D 
 1868      5F494400 
 1869              	.LASF143:
 1870 08c6 416C6572 		.ascii	"Alert1\000"
ARM GAS  C:\Users\alexport\AppData\Local\Temp\ccunsuAQ.s 			page 40


 1870      743100
 1871              	.LASF144:
 1872 08cd 416C6572 		.ascii	"Alert2\000"
 1872      743200
 1873              	.LASF245:
 1874 08d4 44656D6F 		.ascii	"DemoState\000"
 1874      53746174 
 1874      6500
 1875              	.LASF159:
 1876 08de 5A74635F 		.ascii	"Ztc_curve_1\000"
 1876      63757276 
 1876      655F3100 
 1877              	.LASF160:
 1878 08ea 5A74635F 		.ascii	"Ztc_curve_2\000"
 1878      63757276 
 1878      655F3200 
 1879              	.LASF25:
 1880 08f6 4359424C 		.ascii	"CYBLE_EVT_HCI_STATUS\000"
 1880      455F4556 
 1880      545F4843 
 1880      495F5354 
 1880      41545553 
 1881              	.LASF150:
 1882 090b 4C696E65 		.ascii	"Linear2Value\000"
 1882      61723256 
 1882      616C7565 
 1882      00
 1883              	.LASF18:
 1884 0918 63686172 		.ascii	"char\000"
 1884      00
 1885              	.LASF253:
 1886 091d 73656E73 		.ascii	"sensor.c\000"
 1886      6F722E63 
 1886      00
 1887              	.LASF58:
 1888 0926 4359424C 		.ascii	"CYBLE_EVT_GATTC_READ_BY_TYPE_RSP\000"
 1888      455F4556 
 1888      545F4741 
 1888      5454435F 
 1888      52454144 
 1889              	.LASF240:
 1890 0947 43616C43 		.ascii	"CalCounts\000"
 1890      6F756E74 
 1890      7300
 1891              	.LASF111:
 1892 0951 52656164 		.ascii	"ReadingFloat\000"
 1892      696E6746 
 1892      6C6F6174 
 1892      00
 1893              	.LASF93:
 1894 095e 4359424C 		.ascii	"CYBLE_DIS_MANUFACTURER_NAME\000"
 1894      455F4449 
 1894      535F4D41 
 1894      4E554641 
 1894      43545552 
 1895              	.LASF139:
 1896 097a 5370616E 		.ascii	"SpanCalStableTime\000"
ARM GAS  C:\Users\alexport\AppData\Local\Temp\ccunsuAQ.s 			page 41


 1896      43616C53 
 1896      7461626C 
 1896      6554696D 
 1896      6500
 1897              	.LASF176:
 1898 098c 4761734E 		.ascii	"GasNote\000"
 1898      6F746500 
 1899              	.LASF22:
 1900 0994 4359424C 		.ascii	"CYBLE_EVT_STACK_ON\000"
 1900      455F4556 
 1900      545F5354 
 1900      41434B5F 
 1900      4F4E00
 1901              	.LASF98:
 1902 09a7 4359424C 		.ascii	"CYBLE_DIS_SOFTWARE_REV\000"
 1902      455F4449 
 1902      535F534F 
 1902      46545741 
 1902      52455F52 
 1903              	.LASF215:
 1904 09be 53656E73 		.ascii	"SensorSnU64\000"
 1904      6F72536E 
 1904      55363400 
 1905              	.LASF179:
 1906 09ca 43624272 		.ascii	"CbBridgeMamps\000"
 1906      69646765 
 1906      4D616D70 
 1906      7300
 1907              	.LASF77:
 1908 09d8 4359424C 		.ascii	"CYBLE_EVT_L2CAP_CONN_PARAM_UPDATE_REQ\000"
 1908      455F4556 
 1908      545F4C32 
 1908      4341505F 
 1908      434F4E4E 
 1909              	.LASF132:
 1910 09fe 54656D70 		.ascii	"TemperatureLowFault\000"
 1910      65726174 
 1910      7572654C 
 1910      6F774661 
 1910      756C7400 
 1911              	.LASF10:
 1912 0a12 75696E74 		.ascii	"uint8_t\000"
 1912      385F7400 
 1913              	.LASF100:
 1914 0a1a 4359424C 		.ascii	"CYBLE_DIS_REG_CERT_DATA\000"
 1914      455F4449 
 1914      535F5245 
 1914      475F4345 
 1914      52545F44 
 1915              	.LASF106:
 1916 0a32 54797065 		.ascii	"Type\000"
 1916      00
 1917              	.LASF205:
 1918 0a37 426C654E 		.ascii	"BleNotifyAdcCounts\000"
 1918      6F746966 
 1918      79416463 
 1918      436F756E 
ARM GAS  C:\Users\alexport\AppData\Local\Temp\ccunsuAQ.s 			page 42


 1918      747300
 1919              	.LASF12:
 1920 0a4a 75696E74 		.ascii	"uint16\000"
 1920      313600
 1921              	.LASF95:
 1922 0a51 4359424C 		.ascii	"CYBLE_DIS_SERIAL_NUMBER\000"
 1922      455F4449 
 1922      535F5345 
 1922      5249414C 
 1922      5F4E554D 
 1923              	.LASF212:
 1924 0a69 53797353 		.ascii	"SysSerialNumberString\000"
 1924      65726961 
 1924      6C4E756D 
 1924      62657253 
 1924      7472696E 
 1925              	.LASF47:
 1926 0a7f 4359424C 		.ascii	"CYBLE_EVT_GAP_SMP_NEGOTIATED_AUTH_INFO\000"
 1926      455F4556 
 1926      545F4741 
 1926      505F534D 
 1926      505F4E45 
 1927              	.LASF6:
 1928 0aa6 6C6F6E67 		.ascii	"long long int\000"
 1928      206C6F6E 
 1928      6720696E 
 1928      7400
 1929              	.LASF227:
 1930 0ab4 43616C41 		.ascii	"CalAsFound\000"
 1930      73466F75 
 1930      6E6400
 1931              	.LASF201:
 1932 0abf 426C654E 		.ascii	"BleNotifyCalClearing\000"
 1932      6F746966 
 1932      7943616C 
 1932      436C6561 
 1932      72696E67 
 1933              	.LASF142:
 1934 0ad4 5370616E 		.ascii	"SpanCalRemoveThreshold\000"
 1934      43616C52 
 1934      656D6F76 
 1934      65546872 
 1934      6573686F 
 1935              	.LASF52:
 1936 0aeb 4359424C 		.ascii	"CYBLE_EVT_GATTC_ERROR_RSP\000"
 1936      455F4556 
 1936      545F4741 
 1936      5454435F 
 1936      4552524F 
 1937              	.LASF123:
 1938 0b05 48775374 		.ascii	"HwStatus\000"
 1938      61747573 
 1938      00
 1939              	.LASF41:
 1940 0b0e 4359424C 		.ascii	"CYBLE_EVT_GAP_NUMERIC_COMPARISON_REQUEST\000"
 1940      455F4556 
 1940      545F4741 
ARM GAS  C:\Users\alexport\AppData\Local\Temp\ccunsuAQ.s 			page 43


 1940      505F4E55 
 1940      4D455249 
 1941              	.LASF236:
 1942 0b37 43616C53 		.ascii	"CalStep\000"
 1942      74657000 
 1943              	.LASF94:
 1944 0b3f 4359424C 		.ascii	"CYBLE_DIS_MODEL_NUMBER\000"
 1944      455F4449 
 1944      535F4D4F 
 1944      44454C5F 
 1944      4E554D42 
 1945              	.LASF234:
 1946 0b56 43616C5A 		.ascii	"CalZeroError\000"
 1946      65726F45 
 1946      72726F72 
 1946      00
 1947              	.LASF184:
 1948 0b63 4175746F 		.ascii	"AutoZeroMax\000"
 1948      5A65726F 
 1948      4D617800 
 1949              	.LASF133:
 1950 0b6f 54656D70 		.ascii	"TemperatureHighFault\000"
 1950      65726174 
 1950      75726548 
 1950      69676846 
 1950      61756C74 
 1951              	.LASF34:
 1952 0b84 4359424C 		.ascii	"CYBLE_EVT_GAPP_ADVERTISEMENT_START_STOP\000"
 1952      455F4556 
 1952      545F4741 
 1952      50505F41 
 1952      44564552 
 1953              	.LASF84:
 1954 0bac 4359424C 		.ascii	"CYBLE_EVT_L2CAP_CBFC_DATA_READ\000"
 1954      455F4556 
 1954      545F4C32 
 1954      4341505F 
 1954      43424643 
 1955              	.LASF183:
 1956 0bcb 45634D6F 		.ascii	"EcModeReg\000"
 1956      64655265 
 1956      6700
 1957              	.LASF43:
 1958 0bd5 4359424C 		.ascii	"CYBLE_EVT_GAP_OOB_GENERATED_NOTIFICATION\000"
 1958      455F4556 
 1958      545F4741 
 1958      505F4F4F 
 1958      425F4745 
 1959              	.LASF90:
 1960 0bfe 4359424C 		.ascii	"CYBLE_EVT_HCI_PKT\000"
 1960      455F4556 
 1960      545F4843 
 1960      495F504B 
 1960      5400
 1961              	.LASF141:
 1962 0c10 5370616E 		.ascii	"SpanCalRemoveTime\000"
 1962      43616C52 
ARM GAS  C:\Users\alexport\AppData\Local\Temp\ccunsuAQ.s 			page 44


 1962      656D6F76 
 1962      6554696D 
 1962      6500
 1963              	.LASF76:
 1964 0c22 4359424C 		.ascii	"CYBLE_EVT_GATTC_LONG_PROCEDURE_END\000"
 1964      455F4556 
 1964      545F4741 
 1964      5454435F 
 1964      4C4F4E47 
 1965              	.LASF162:
 1966 0c45 5374635F 		.ascii	"Stc_curve_1\000"
 1966      63757276 
 1966      655F3100 
 1967              	.LASF163:
 1968 0c51 5374635F 		.ascii	"Stc_curve_2\000"
 1968      63757276 
 1968      655F3200 
 1969              	.LASF164:
 1970 0c5d 5374635F 		.ascii	"Stc_curve_3\000"
 1970      63757276 
 1970      655F3300 
 1971              	.LASF124:
 1972 0c69 436F756E 		.ascii	"CountsZeroScale\000"
 1972      74735A65 
 1972      726F5363 
 1972      616C6500 
 1973              	.LASF196:
 1974 0c79 426C654E 		.ascii	"BleNotifyCalAsFound\000"
 1974      6F746966 
 1974      7943616C 
 1974      4173466F 
 1974      756E6400 
 1975              	.LASF13:
 1976 0c8d 696E7438 		.ascii	"int8\000"
 1976      00
 1977              	.LASF19:
 1978 0c92 6C6F6E67 		.ascii	"long double\000"
 1978      20646F75 
 1978      626C6500 
 1979              	.LASF71:
 1980 0c9e 4359424C 		.ascii	"CYBLE_EVT_GATTC_HANDLE_VALUE_IND\000"
 1980      455F4556 
 1980      545F4741 
 1980      5454435F 
 1980      48414E44 
 1981              	.LASF197:
 1982 0cbf 426C654E 		.ascii	"BleNotifyCalAdjusted\000"
 1982      6F746966 
 1982      7943616C 
 1982      41646A75 
 1982      73746564 
 1983              	.LASF224:
 1984 0cd4 43616E43 		.ascii	"CanControl\000"
 1984      6F6E7472 
 1984      6F6C00
 1985              	.LASF127:
 1986 0cdf 43616C4C 		.ascii	"CalLevel\000"
ARM GAS  C:\Users\alexport\AppData\Local\Temp\ccunsuAQ.s 			page 45


 1986      6576656C 
 1986      00
 1987              	.LASF122:
 1988 0ce8 4D614F75 		.ascii	"MaOutput\000"
 1988      74707574 
 1988      00
 1989              	.LASF237:
 1990 0cf1 43616C53 		.ascii	"CalStepPrevious\000"
 1990      74657050 
 1990      72657669 
 1990      6F757300 
 1991              	.LASF37:
 1992 0d01 4359424C 		.ascii	"CYBLE_EVT_GAP_ENCRYPT_CHANGE\000"
 1992      455F4556 
 1992      545F4741 
 1992      505F454E 
 1992      43525950 
 1993              	.LASF119:
 1994 0d1e 54656D70 		.ascii	"TemperaturePrevious\000"
 1994      65726174 
 1994      75726550 
 1994      72657669 
 1994      6F757300 
 1995              	.LASF251:
 1996 0d32 53797374 		.ascii	"System\000"
 1996      656D00
 1997              	.LASF188:
 1998 0d39 426C6543 		.ascii	"BleControlPrevious\000"
 1998      6F6E7472 
 1998      6F6C5072 
 1998      6576696F 
 1998      757300
 1999              	.LASF2:
 2000 0d4c 73686F72 		.ascii	"short int\000"
 2000      7420696E 
 2000      7400
 2001              	.LASF4:
 2002 0d56 6C6F6E67 		.ascii	"long int\000"
 2002      20696E74 
 2002      00
 2003              	.LASF44:
 2004 0d5f 4359424C 		.ascii	"CYBLE_EVT_GAP_DATA_LENGTH_CHANGE\000"
 2004      455F4556 
 2004      545F4741 
 2004      505F4441 
 2004      54415F4C 
 2005              	.LASF186:
 2006 0d80 46726163 		.ascii	"Fractional\000"
 2006      74696F6E 
 2006      616C00
 2007              	.LASF53:
 2008 0d8b 4359424C 		.ascii	"CYBLE_EVT_GATT_CONNECT_IND\000"
 2008      455F4556 
 2008      545F4741 
 2008      54545F43 
 2008      4F4E4E45 
 2009              	.LASF92:
ARM GAS  C:\Users\alexport\AppData\Local\Temp\ccunsuAQ.s 			page 46


 2010 0da6 4359424C 		.ascii	"CYBLE_EVT_MAX\000"
 2010      455F4556 
 2010      545F4D41 
 2010      5800
 2011              	.LASF45:
 2012 0db4 4359424C 		.ascii	"CYBLE_EVT_GAP_ENHANCE_CONN_COMPLETE\000"
 2012      455F4556 
 2012      545F4741 
 2012      505F454E 
 2012      48414E43 
 2013              	.LASF63:
 2014 0dd8 4359424C 		.ascii	"CYBLE_EVT_GATTC_READ_MULTI_RSP\000"
 2014      455F4556 
 2014      545F4741 
 2014      5454435F 
 2014      52454144 
 2015              	.LASF189:
 2016 0df7 426C654E 		.ascii	"BleNotifyReading\000"
 2016      6F746966 
 2016      79526561 
 2016      64696E67 
 2016      00
 2017              	.LASF239:
 2018 0e08 43616C53 		.ascii	"CalSpeedPrevious\000"
 2018      70656564 
 2018      50726576 
 2018      696F7573 
 2018      00
 2019              	.LASF169:
 2020 0e19 56726566 		.ascii	"VrefTollerance\000"
 2020      546F6C6C 
 2020      6572616E 
 2020      636500
 2021              	.LASF82:
 2022 0e28 4359424C 		.ascii	"CYBLE_EVT_L2CAP_CBFC_DISCONN_IND\000"
 2022      455F4556 
 2022      545F4C32 
 2022      4341505F 
 2022      43424643 
 2023              	.LASF145:
 2024 0e49 416C6572 		.ascii	"Alert1Ascending\000"
 2024      74314173 
 2024      63656E64 
 2024      696E6700 
 2025              	.LASF21:
 2026 0e59 4359424C 		.ascii	"CYBLE_EVT_HOST_INVALID\000"
 2026      455F4556 
 2026      545F484F 
 2026      53545F49 
 2026      4E56414C 
 2027              	.LASF28:
 2028 0e70 4359424C 		.ascii	"CYBLE_EVT_GAPC_SCAN_PROGRESS_RESULT\000"
 2028      455F4556 
 2028      545F4741 
 2028      50435F53 
 2028      43414E5F 
 2029              	.LASF46:
ARM GAS  C:\Users\alexport\AppData\Local\Temp\ccunsuAQ.s 			page 47


 2030 0e94 4359424C 		.ascii	"CYBLE_EVT_GAPC_DIRECT_ADV_REPORT\000"
 2030      455F4556 
 2030      545F4741 
 2030      50435F44 
 2030      49524543 
 2031              	.LASF97:
 2032 0eb5 4359424C 		.ascii	"CYBLE_DIS_FIRMWARE_REV\000"
 2032      455F4449 
 2032      535F4649 
 2032      524D5741 
 2032      52455F52 
 2033              	.LASF57:
 2034 0ecc 4359424C 		.ascii	"CYBLE_EVT_GATTC_READ_BY_GROUP_TYPE_RSP\000"
 2034      455F4556 
 2034      545F4741 
 2034      5454435F 
 2034      52454144 
 2035              	.LASF40:
 2036 0ef3 4359424C 		.ascii	"CYBLE_EVT_GAP_KEYINFO_EXCHNGE_CMPLT\000"
 2036      455F4556 
 2036      545F4741 
 2036      505F4B45 
 2036      59494E46 
 2037              	.LASF131:
 2038 0f17 54656D70 		.ascii	"TemperatureOffset\000"
 2038      65726174 
 2038      7572654F 
 2038      66667365 
 2038      7400
 2039              	.LASF9:
 2040 0f29 5F5F7569 		.ascii	"__uint8_t\000"
 2040      6E74385F 
 2040      7400
 2041              	.LASF213:
 2042 0f33 41444645 		.ascii	"ADFESerialNumberString\000"
 2042      53657269 
 2042      616C4E75 
 2042      6D626572 
 2042      53747269 
 2043              	.LASF36:
 2044 0f4a 4359424C 		.ascii	"CYBLE_EVT_GAP_DEVICE_DISCONNECTED\000"
 2044      455F4556 
 2044      545F4741 
 2044      505F4445 
 2044      56494345 
 2045              	.LASF80:
 2046 0f6c 4359424C 		.ascii	"CYBLE_EVT_L2CAP_CBFC_CONN_IND\000"
 2046      455F4556 
 2046      545F4C32 
 2046      4341505F 
 2046      43424643 
 2047              	.LASF151:
 2048 0f8a 4C696E65 		.ascii	"Linear3Level\000"
 2048      6172334C 
 2048      6576656C 
 2048      00
 2049              	.LASF17:
ARM GAS  C:\Users\alexport\AppData\Local\Temp\ccunsuAQ.s 			page 48


 2050 0f97 75696E74 		.ascii	"uint64\000"
 2050      363400
 2051              	.LASF148:
 2052 0f9e 4C696E65 		.ascii	"Linear1Value\000"
 2052      61723156 
 2052      616C7565 
 2052      00
 2053              	.LASF128:
 2054 0fab 43616C4C 		.ascii	"CalLevelPrevious\000"
 2054      6576656C 
 2054      50726576 
 2054      696F7573 
 2054      00
 2055              	.LASF230:
 2056 0fbc 43616C41 		.ascii	"CalAdjustedPrevious\000"
 2056      646A7573 
 2056      74656450 
 2056      72657669 
 2056      6F757300 
 2057              	.LASF20:
 2058 0fd0 73697A65 		.ascii	"sizetype\000"
 2058      74797065 
 2058      00
 2059              	.LASF231:
 2060 0fd9 43616C69 		.ascii	"CalibrationStatus\000"
 2060      62726174 
 2060      696F6E53 
 2060      74617475 
 2060      7300
 2061              	.LASF5:
 2062 0feb 6C6F6E67 		.ascii	"long unsigned int\000"
 2062      20756E73 
 2062      69676E65 
 2062      6420696E 
 2062      7400
 2063              	.LASF110:
 2064 0ffd 52656164 		.ascii	"ReadingLinear\000"
 2064      696E674C 
 2064      696E6561 
 2064      7200
 2065              	.LASF210:
 2066 100b 416C6572 		.ascii	"AlertStatusPrevious\000"
 2066      74537461 
 2066      74757350 
 2066      72657669 
 2066      6F757300 
 2067              	.LASF31:
 2068 101f 4359424C 		.ascii	"CYBLE_EVT_GAP_PASSKEY_DISPLAY_REQUEST\000"
 2068      455F4556 
 2068      545F4741 
 2068      505F5041 
 2068      53534B45 
 2069              	.LASF238:
 2070 1045 43616C53 		.ascii	"CalSpeed\000"
 2070      70656564 
 2070      00
 2071              	.LASF87:
ARM GAS  C:\Users\alexport\AppData\Local\Temp\ccunsuAQ.s 			page 49


 2072 104e 4359424C 		.ascii	"CYBLE_EVT_L2CAP_CBFC_DATA_WRITE_IND\000"
 2072      455F4556 
 2072      545F4C32 
 2072      4341505F 
 2072      43424643 
 2073              	.LASF248:
 2074 1072 4E756D62 		.ascii	"NumberOfSensors\000"
 2074      65724F66 
 2074      53656E73 
 2074      6F727300 
 2075              	.LASF209:
 2076 1082 416C6572 		.ascii	"AlertStatus\000"
 2076      74537461 
 2076      74757300 
 2077              	.LASF115:
 2078 108e 53746174 		.ascii	"StatusPrevious\000"
 2078      75735072 
 2078      6576696F 
 2078      757300
 2079              	.LASF204:
 2080 109d 426C654E 		.ascii	"BleNotifyCalibrationStatus\000"
 2080      6F746966 
 2080      7943616C 
 2080      69627261 
 2080      74696F6E 
 2081              	.LASF33:
 2082 10b8 4359424C 		.ascii	"CYBLE_EVT_GAP_AUTH_FAILED\000"
 2082      455F4556 
 2082      545F4741 
 2082      505F4155 
 2082      54485F46 
 2083              	.LASF27:
 2084 10d2 4359424C 		.ascii	"CYBLE_EVT_MEMORY_REQUEST\000"
 2084      455F4556 
 2084      545F4D45 
 2084      4D4F5259 
 2084      5F524551 
 2085              	.LASF166:
 2086 10eb 5370616E 		.ascii	"Span_adjust\000"
 2086      5F61646A 
 2086      75737400 
 2087              	.LASF175:
 2088 10f7 52616E67 		.ascii	"Range\000"
 2088      6500
 2089              	.LASF42:
 2090 10fd 4359424C 		.ascii	"CYBLE_EVT_GAP_KEYPRESS_NOTIFICATION\000"
 2090      455F4556 
 2090      545F4741 
 2090      505F4B45 
 2090      59505245 
 2091              	.LASF1:
 2092 1121 756E7369 		.ascii	"unsigned char\000"
 2092      676E6564 
 2092      20636861 
 2092      7200
 2093              	.LASF108:
 2094 112f 52656164 		.ascii	"ReadingPrevious\000"
ARM GAS  C:\Users\alexport\AppData\Local\Temp\ccunsuAQ.s 			page 50


 2094      696E6750 
 2094      72657669 
 2094      6F757300 
 2095              	.LASF190:
 2096 113f 426C654E 		.ascii	"BleNotifyStatus\000"
 2096      6F746966 
 2096      79537461 
 2096      74757300 
 2097              	.LASF61:
 2098 114f 4359424C 		.ascii	"CYBLE_EVT_GATTC_READ_RSP\000"
 2098      455F4556 
 2098      545F4741 
 2098      5454435F 
 2098      52454144 
 2099              	.LASF23:
 2100 1168 4359424C 		.ascii	"CYBLE_EVT_TIMEOUT\000"
 2100      455F4556 
 2100      545F5449 
 2100      4D454F55 
 2100      5400
 2101              	.LASF170:
 2102 117a 5761726D 		.ascii	"WarmupTime\000"
 2102      75705469 
 2102      6D6500
 2103              	.LASF101:
 2104 1185 4359424C 		.ascii	"CYBLE_DIS_PNP_ID\000"
 2104      455F4449 
 2104      535F504E 
 2104      505F4944 
 2104      00
 2105              	.LASF116:
 2106 1196 4C696665 		.ascii	"Life\000"
 2106      00
 2107              	.LASF117:
 2108 119b 4C696665 		.ascii	"LifePrevious\000"
 2108      50726576 
 2108      696F7573 
 2108      00
 2109              	.LASF219:
 2110 11a8 5379734D 		.ascii	"SysMaWarmup\000"
 2110      61576172 
 2110      6D757000 
 2111              	.LASF51:
 2112 11b4 4359424C 		.ascii	"CYBLE_EVT_GAP_SMP_LOC_P256_KEYS_GEN_AND_SET_COMPLET"
 2112      455F4556 
 2112      545F4741 
 2112      505F534D 
 2112      505F4C4F 
 2113 11e7 4500     		.ascii	"E\000"
 2114              	.LASF35:
 2115 11e9 4359424C 		.ascii	"CYBLE_EVT_GAP_DEVICE_CONNECTED\000"
 2115      455F4556 
 2115      545F4741 
 2115      505F4445 
 2115      56494345 
 2116              	.LASF214:
 2117 1208 53656E73 		.ascii	"SensorSnL64\000"
ARM GAS  C:\Users\alexport\AppData\Local\Temp\ccunsuAQ.s 			page 51


 2117      6F72536E 
 2117      4C363400 
 2118              	.LASF216:
 2119 1214 5379734D 		.ascii	"SysMa2\000"
 2119      613200
 2120              	.LASF217:
 2121 121b 5379734D 		.ascii	"SysMa4\000"
 2121      613400
 2122              	.LASF247:
 2123 1222 54657374 		.ascii	"TestStatusPrevious\000"
 2123      53746174 
 2123      75735072 
 2123      6576696F 
 2123      757300
 2124              	.LASF67:
 2125 1235 4359424C 		.ascii	"CYBLE_EVT_GATTS_PREP_WRITE_REQ\000"
 2125      455F4556 
 2125      545F4741 
 2125      5454535F 
 2125      50524550 
 2126              	.LASF178:
 2127 1254 43624272 		.ascii	"CbBridgeVoltsToll\000"
 2127      69646765 
 2127      566F6C74 
 2127      73546F6C 
 2127      6C00
 2128              	.LASF241:
 2129 1266 43616C43 		.ascii	"CalClearing\000"
 2129      6C656172 
 2129      696E6700 
 2130              	.LASF207:
 2131 1272 41646343 		.ascii	"AdcCounts\000"
 2131      6F756E74 
 2131      7300
 2132              	.LASF48:
 2133 127c 4359424C 		.ascii	"CYBLE_EVT_GAP_CONN_ESTB\000"
 2133      455F4556 
 2133      545F4741 
 2133      505F434F 
 2133      4E4E5F45 
 2134              	.LASF50:
 2135 1294 4359424C 		.ascii	"CYBLE_EVT_GAP_AUTH_REQ_REPLY_ERR\000"
 2135      455F4556 
 2135      545F4741 
 2135      505F4155 
 2135      54485F52 
 2136              	.LASF0:
 2137 12b5 7369676E 		.ascii	"signed char\000"
 2137      65642063 
 2137      68617200 
 2138              	.LASF3:
 2139 12c1 73686F72 		.ascii	"short unsigned int\000"
 2139      7420756E 
 2139      7369676E 
 2139      65642069 
 2139      6E7400
 2140              	.LASF211:
ARM GAS  C:\Users\alexport\AppData\Local\Temp\ccunsuAQ.s 			page 52


 2141 12d4 53797353 		.ascii	"SysSerialNumber\000"
 2141      65726961 
 2141      6C4E756D 
 2141      62657200 
 2142              	.LASF173:
 2143 12e4 446E5365 		.ascii	"DnSerialNumberL\000"
 2143      7269616C 
 2143      4E756D62 
 2143      65724C00 
 2144              	.LASF232:
 2145 12f4 43616C69 		.ascii	"CalibrationStatusPrevious\000"
 2145      62726174 
 2145      696F6E53 
 2145      74617475 
 2145      73507265 
 2146              	.LASF146:
 2147 130e 416C6572 		.ascii	"Alert2Ascending\000"
 2147      74324173 
 2147      63656E64 
 2147      696E6700 
 2148              	.LASF11:
 2149 131e 75696E74 		.ascii	"uint8\000"
 2149      3800
 2150              	.LASF16:
 2151 1324 646F7562 		.ascii	"double\000"
 2151      6C6500
 2152              	.LASF244:
 2153 132b 43616C53 		.ascii	"CalSpanErrorPrevious\000"
 2153      70616E45 
 2153      72726F72 
 2153      50726576 
 2153      696F7573 
 2154              	.LASF135:
 2155 1340 5A65726F 		.ascii	"ZeroCalTollerance\000"
 2155      43616C54 
 2155      6F6C6C65 
 2155      72616E63 
 2155      6500
 2156              	.LASF38:
 2157 1352 4359424C 		.ascii	"CYBLE_EVT_GAP_CONNECTION_UPDATE_COMPLETE\000"
 2157      455F4556 
 2157      545F4741 
 2157      505F434F 
 2157      4E4E4543 
 2158              	.LASF129:
 2159 137b 4761696E 		.ascii	"Gain\000"
 2159      00
 2160              	.LASF228:
 2161 1380 43616C41 		.ascii	"CalAsFoundPrevious\000"
 2161      73466F75 
 2161      6E645072 
 2161      6576696F 
 2161      757300
 2162              	.LASF39:
 2163 1393 4359424C 		.ascii	"CYBLE_EVT_GAPC_SCAN_START_STOP\000"
 2163      455F4556 
 2163      545F4741 
ARM GAS  C:\Users\alexport\AppData\Local\Temp\ccunsuAQ.s 			page 53


 2163      50435F53 
 2163      43414E5F 
 2164              		.ident	"GCC: (GNU Tools for ARM Embedded Processors) 5.4.1 20160609 (release) [ARM/embedded-5-bran
