ARM GAS  C:\Users\alexport\AppData\Local\Temp\cctpgAO1.s 			page 1


   1              		.syntax unified
   2              		.cpu cortex-m0
   3              		.fpu softvfp
   4              		.eabi_attribute 20, 1
   5              		.eabi_attribute 21, 1
   6              		.eabi_attribute 23, 3
   7              		.eabi_attribute 24, 1
   8              		.eabi_attribute 25, 1
   9              		.eabi_attribute 26, 1
  10              		.eabi_attribute 30, 6
  11              		.eabi_attribute 34, 0
  12              		.eabi_attribute 18, 4
  13              		.thumb
  14              		.syntax unified
  15              		.file	"UART2_PM.c"
  16              		.text
  17              	.Ltext0:
  18              		.cfi_sections	.debug_frame
  19              		.bss
  20              		.align	2
  21              	UART2_backup:
  22 0000 00       		.space	1
  23              		.section	.text.UART2_SaveConfig,"ax",%progbits
  24              		.align	2
  25              		.global	UART2_SaveConfig
  26              		.code	16
  27              		.thumb_func
  28              		.type	UART2_SaveConfig, %function
  29              	UART2_SaveConfig:
  30              	.LFB2:
  31              		.file 1 "Generated_Source\\PSoC4\\UART2_PM.c"
   1:Generated_Source\PSoC4/UART2_PM.c **** /*******************************************************************************
   2:Generated_Source\PSoC4/UART2_PM.c **** * File Name: UART2_PM.c
   3:Generated_Source\PSoC4/UART2_PM.c **** * Version 2.50
   4:Generated_Source\PSoC4/UART2_PM.c **** *
   5:Generated_Source\PSoC4/UART2_PM.c **** * Description:
   6:Generated_Source\PSoC4/UART2_PM.c **** *  This file provides Sleep/WakeUp APIs functionality.
   7:Generated_Source\PSoC4/UART2_PM.c **** *
   8:Generated_Source\PSoC4/UART2_PM.c **** * Note:
   9:Generated_Source\PSoC4/UART2_PM.c **** *
  10:Generated_Source\PSoC4/UART2_PM.c **** ********************************************************************************
  11:Generated_Source\PSoC4/UART2_PM.c **** * Copyright 2008-2015, Cypress Semiconductor Corporation.  All rights reserved.
  12:Generated_Source\PSoC4/UART2_PM.c **** * You may use this file only in accordance with the license, terms, conditions,
  13:Generated_Source\PSoC4/UART2_PM.c **** * disclaimers, and limitations in the end user license agreement accompanying
  14:Generated_Source\PSoC4/UART2_PM.c **** * the software package with which this file was provided.
  15:Generated_Source\PSoC4/UART2_PM.c **** *******************************************************************************/
  16:Generated_Source\PSoC4/UART2_PM.c **** 
  17:Generated_Source\PSoC4/UART2_PM.c **** #include "UART2.h"
  18:Generated_Source\PSoC4/UART2_PM.c **** 
  19:Generated_Source\PSoC4/UART2_PM.c **** 
  20:Generated_Source\PSoC4/UART2_PM.c **** /***************************************
  21:Generated_Source\PSoC4/UART2_PM.c **** * Local data allocation
  22:Generated_Source\PSoC4/UART2_PM.c **** ***************************************/
  23:Generated_Source\PSoC4/UART2_PM.c **** 
  24:Generated_Source\PSoC4/UART2_PM.c **** static UART2_BACKUP_STRUCT  UART2_backup =
  25:Generated_Source\PSoC4/UART2_PM.c **** {
  26:Generated_Source\PSoC4/UART2_PM.c ****     /* enableState - disabled */
ARM GAS  C:\Users\alexport\AppData\Local\Temp\cctpgAO1.s 			page 2


  27:Generated_Source\PSoC4/UART2_PM.c ****     0u,
  28:Generated_Source\PSoC4/UART2_PM.c **** };
  29:Generated_Source\PSoC4/UART2_PM.c **** 
  30:Generated_Source\PSoC4/UART2_PM.c **** 
  31:Generated_Source\PSoC4/UART2_PM.c **** 
  32:Generated_Source\PSoC4/UART2_PM.c **** /*******************************************************************************
  33:Generated_Source\PSoC4/UART2_PM.c **** * Function Name: UART2_SaveConfig
  34:Generated_Source\PSoC4/UART2_PM.c **** ********************************************************************************
  35:Generated_Source\PSoC4/UART2_PM.c **** *
  36:Generated_Source\PSoC4/UART2_PM.c **** * Summary:
  37:Generated_Source\PSoC4/UART2_PM.c **** *  This function saves the component nonretention control register.
  38:Generated_Source\PSoC4/UART2_PM.c **** *  Does not save the FIFO which is a set of nonretention registers.
  39:Generated_Source\PSoC4/UART2_PM.c **** *  This function is called by the UART2_Sleep() function.
  40:Generated_Source\PSoC4/UART2_PM.c **** *
  41:Generated_Source\PSoC4/UART2_PM.c **** * Parameters:
  42:Generated_Source\PSoC4/UART2_PM.c **** *  None.
  43:Generated_Source\PSoC4/UART2_PM.c **** *
  44:Generated_Source\PSoC4/UART2_PM.c **** * Return:
  45:Generated_Source\PSoC4/UART2_PM.c **** *  None.
  46:Generated_Source\PSoC4/UART2_PM.c **** *
  47:Generated_Source\PSoC4/UART2_PM.c **** * Global Variables:
  48:Generated_Source\PSoC4/UART2_PM.c **** *  UART2_backup - modified when non-retention registers are saved.
  49:Generated_Source\PSoC4/UART2_PM.c **** *
  50:Generated_Source\PSoC4/UART2_PM.c **** * Reentrant:
  51:Generated_Source\PSoC4/UART2_PM.c **** *  No.
  52:Generated_Source\PSoC4/UART2_PM.c **** *
  53:Generated_Source\PSoC4/UART2_PM.c **** *******************************************************************************/
  54:Generated_Source\PSoC4/UART2_PM.c **** void UART2_SaveConfig(void)
  55:Generated_Source\PSoC4/UART2_PM.c **** {
  32              		.loc 1 55 0
  33              		.cfi_startproc
  34              		@ args = 0, pretend = 0, frame = 0
  35              		@ frame_needed = 1, uses_anonymous_args = 0
  36 0000 80B5     		push	{r7, lr}
  37              		.cfi_def_cfa_offset 8
  38              		.cfi_offset 7, -8
  39              		.cfi_offset 14, -4
  40 0002 00AF     		add	r7, sp, #0
  41              		.cfi_def_cfa_register 7
  56:Generated_Source\PSoC4/UART2_PM.c ****     #if(UART2_CONTROL_REG_REMOVED == 0u)
  57:Generated_Source\PSoC4/UART2_PM.c ****         UART2_backup.cr = UART2_CONTROL_REG;
  58:Generated_Source\PSoC4/UART2_PM.c ****     #endif /* End UART2_CONTROL_REG_REMOVED */
  59:Generated_Source\PSoC4/UART2_PM.c **** }
  42              		.loc 1 59 0
  43 0004 C046     		nop
  44 0006 BD46     		mov	sp, r7
  45              		@ sp needed
  46 0008 80BD     		pop	{r7, pc}
  47              		.cfi_endproc
  48              	.LFE2:
  49              		.size	UART2_SaveConfig, .-UART2_SaveConfig
  50 000a C046     		.section	.text.UART2_RestoreConfig,"ax",%progbits
  51              		.align	2
  52              		.global	UART2_RestoreConfig
  53              		.code	16
  54              		.thumb_func
  55              		.type	UART2_RestoreConfig, %function
ARM GAS  C:\Users\alexport\AppData\Local\Temp\cctpgAO1.s 			page 3


  56              	UART2_RestoreConfig:
  57              	.LFB3:
  60:Generated_Source\PSoC4/UART2_PM.c **** 
  61:Generated_Source\PSoC4/UART2_PM.c **** 
  62:Generated_Source\PSoC4/UART2_PM.c **** /*******************************************************************************
  63:Generated_Source\PSoC4/UART2_PM.c **** * Function Name: UART2_RestoreConfig
  64:Generated_Source\PSoC4/UART2_PM.c **** ********************************************************************************
  65:Generated_Source\PSoC4/UART2_PM.c **** *
  66:Generated_Source\PSoC4/UART2_PM.c **** * Summary:
  67:Generated_Source\PSoC4/UART2_PM.c **** *  Restores the nonretention control register except FIFO.
  68:Generated_Source\PSoC4/UART2_PM.c **** *  Does not restore the FIFO which is a set of nonretention registers.
  69:Generated_Source\PSoC4/UART2_PM.c **** *
  70:Generated_Source\PSoC4/UART2_PM.c **** * Parameters:
  71:Generated_Source\PSoC4/UART2_PM.c **** *  None.
  72:Generated_Source\PSoC4/UART2_PM.c **** *
  73:Generated_Source\PSoC4/UART2_PM.c **** * Return:
  74:Generated_Source\PSoC4/UART2_PM.c **** *  None.
  75:Generated_Source\PSoC4/UART2_PM.c **** *
  76:Generated_Source\PSoC4/UART2_PM.c **** * Global Variables:
  77:Generated_Source\PSoC4/UART2_PM.c **** *  UART2_backup - used when non-retention registers are restored.
  78:Generated_Source\PSoC4/UART2_PM.c **** *
  79:Generated_Source\PSoC4/UART2_PM.c **** * Reentrant:
  80:Generated_Source\PSoC4/UART2_PM.c **** *  No.
  81:Generated_Source\PSoC4/UART2_PM.c **** *
  82:Generated_Source\PSoC4/UART2_PM.c **** * Notes:
  83:Generated_Source\PSoC4/UART2_PM.c **** *  If this function is called without calling UART2_SaveConfig() 
  84:Generated_Source\PSoC4/UART2_PM.c **** *  first, the data loaded may be incorrect.
  85:Generated_Source\PSoC4/UART2_PM.c **** *
  86:Generated_Source\PSoC4/UART2_PM.c **** *******************************************************************************/
  87:Generated_Source\PSoC4/UART2_PM.c **** void UART2_RestoreConfig(void)
  88:Generated_Source\PSoC4/UART2_PM.c **** {
  58              		.loc 1 88 0
  59              		.cfi_startproc
  60              		@ args = 0, pretend = 0, frame = 0
  61              		@ frame_needed = 1, uses_anonymous_args = 0
  62 0000 80B5     		push	{r7, lr}
  63              		.cfi_def_cfa_offset 8
  64              		.cfi_offset 7, -8
  65              		.cfi_offset 14, -4
  66 0002 00AF     		add	r7, sp, #0
  67              		.cfi_def_cfa_register 7
  89:Generated_Source\PSoC4/UART2_PM.c ****     #if(UART2_CONTROL_REG_REMOVED == 0u)
  90:Generated_Source\PSoC4/UART2_PM.c ****         UART2_CONTROL_REG = UART2_backup.cr;
  91:Generated_Source\PSoC4/UART2_PM.c ****     #endif /* End UART2_CONTROL_REG_REMOVED */
  92:Generated_Source\PSoC4/UART2_PM.c **** }
  68              		.loc 1 92 0
  69 0004 C046     		nop
  70 0006 BD46     		mov	sp, r7
  71              		@ sp needed
  72 0008 80BD     		pop	{r7, pc}
  73              		.cfi_endproc
  74              	.LFE3:
  75              		.size	UART2_RestoreConfig, .-UART2_RestoreConfig
  76              		.section	.text.UART2_Sleep,"ax",%progbits
  77              		.align	2
  78              		.global	UART2_Sleep
  79              		.code	16
ARM GAS  C:\Users\alexport\AppData\Local\Temp\cctpgAO1.s 			page 4


  80              		.thumb_func
  81              		.type	UART2_Sleep, %function
  82              	UART2_Sleep:
  83              	.LFB4:
  93:Generated_Source\PSoC4/UART2_PM.c **** 
  94:Generated_Source\PSoC4/UART2_PM.c **** 
  95:Generated_Source\PSoC4/UART2_PM.c **** /*******************************************************************************
  96:Generated_Source\PSoC4/UART2_PM.c **** * Function Name: UART2_Sleep
  97:Generated_Source\PSoC4/UART2_PM.c **** ********************************************************************************
  98:Generated_Source\PSoC4/UART2_PM.c **** *
  99:Generated_Source\PSoC4/UART2_PM.c **** * Summary:
 100:Generated_Source\PSoC4/UART2_PM.c **** *  This is the preferred API to prepare the component for sleep. 
 101:Generated_Source\PSoC4/UART2_PM.c **** *  The UART2_Sleep() API saves the current component state. Then it
 102:Generated_Source\PSoC4/UART2_PM.c **** *  calls the UART2_Stop() function and calls 
 103:Generated_Source\PSoC4/UART2_PM.c **** *  UART2_SaveConfig() to save the hardware configuration.
 104:Generated_Source\PSoC4/UART2_PM.c **** *  Call the UART2_Sleep() function before calling the CyPmSleep() 
 105:Generated_Source\PSoC4/UART2_PM.c **** *  or the CyPmHibernate() function. 
 106:Generated_Source\PSoC4/UART2_PM.c **** *
 107:Generated_Source\PSoC4/UART2_PM.c **** * Parameters:
 108:Generated_Source\PSoC4/UART2_PM.c **** *  None.
 109:Generated_Source\PSoC4/UART2_PM.c **** *
 110:Generated_Source\PSoC4/UART2_PM.c **** * Return:
 111:Generated_Source\PSoC4/UART2_PM.c **** *  None.
 112:Generated_Source\PSoC4/UART2_PM.c **** *
 113:Generated_Source\PSoC4/UART2_PM.c **** * Global Variables:
 114:Generated_Source\PSoC4/UART2_PM.c **** *  UART2_backup - modified when non-retention registers are saved.
 115:Generated_Source\PSoC4/UART2_PM.c **** *
 116:Generated_Source\PSoC4/UART2_PM.c **** * Reentrant:
 117:Generated_Source\PSoC4/UART2_PM.c **** *  No.
 118:Generated_Source\PSoC4/UART2_PM.c **** *
 119:Generated_Source\PSoC4/UART2_PM.c **** *******************************************************************************/
 120:Generated_Source\PSoC4/UART2_PM.c **** void UART2_Sleep(void)
 121:Generated_Source\PSoC4/UART2_PM.c **** {
  84              		.loc 1 121 0
  85              		.cfi_startproc
  86              		@ args = 0, pretend = 0, frame = 0
  87              		@ frame_needed = 1, uses_anonymous_args = 0
  88 0000 80B5     		push	{r7, lr}
  89              		.cfi_def_cfa_offset 8
  90              		.cfi_offset 7, -8
  91              		.cfi_offset 14, -4
  92 0002 00AF     		add	r7, sp, #0
  93              		.cfi_def_cfa_register 7
 122:Generated_Source\PSoC4/UART2_PM.c ****     #if(UART2_RX_ENABLED || UART2_HD_ENABLED)
 123:Generated_Source\PSoC4/UART2_PM.c ****         if((UART2_RXSTATUS_ACTL_REG  & UART2_INT_ENABLE) != 0u)
  94              		.loc 1 123 0
  95 0004 0A4B     		ldr	r3, .L6
  96 0006 1B78     		ldrb	r3, [r3]
  97 0008 DBB2     		uxtb	r3, r3
  98 000a 1A00     		movs	r2, r3
  99 000c 1023     		movs	r3, #16
 100 000e 1340     		ands	r3, r2
 101 0010 03D0     		beq	.L4
 124:Generated_Source\PSoC4/UART2_PM.c ****         {
 125:Generated_Source\PSoC4/UART2_PM.c ****             UART2_backup.enableState = 1u;
 102              		.loc 1 125 0
 103 0012 084B     		ldr	r3, .L6+4
ARM GAS  C:\Users\alexport\AppData\Local\Temp\cctpgAO1.s 			page 5


 104 0014 0122     		movs	r2, #1
 105 0016 1A70     		strb	r2, [r3]
 106 0018 02E0     		b	.L5
 107              	.L4:
 126:Generated_Source\PSoC4/UART2_PM.c ****         }
 127:Generated_Source\PSoC4/UART2_PM.c ****         else
 128:Generated_Source\PSoC4/UART2_PM.c ****         {
 129:Generated_Source\PSoC4/UART2_PM.c ****             UART2_backup.enableState = 0u;
 108              		.loc 1 129 0
 109 001a 064B     		ldr	r3, .L6+4
 110 001c 0022     		movs	r2, #0
 111 001e 1A70     		strb	r2, [r3]
 112              	.L5:
 130:Generated_Source\PSoC4/UART2_PM.c ****         }
 131:Generated_Source\PSoC4/UART2_PM.c ****     #else
 132:Generated_Source\PSoC4/UART2_PM.c ****         if((UART2_TXSTATUS_ACTL_REG  & UART2_INT_ENABLE) !=0u)
 133:Generated_Source\PSoC4/UART2_PM.c ****         {
 134:Generated_Source\PSoC4/UART2_PM.c ****             UART2_backup.enableState = 1u;
 135:Generated_Source\PSoC4/UART2_PM.c ****         }
 136:Generated_Source\PSoC4/UART2_PM.c ****         else
 137:Generated_Source\PSoC4/UART2_PM.c ****         {
 138:Generated_Source\PSoC4/UART2_PM.c ****             UART2_backup.enableState = 0u;
 139:Generated_Source\PSoC4/UART2_PM.c ****         }
 140:Generated_Source\PSoC4/UART2_PM.c ****     #endif /* End UART2_RX_ENABLED || UART2_HD_ENABLED*/
 141:Generated_Source\PSoC4/UART2_PM.c **** 
 142:Generated_Source\PSoC4/UART2_PM.c ****     UART2_Stop();
 113              		.loc 1 142 0
 114 0020 FFF7FEFF 		bl	UART2_Stop
 143:Generated_Source\PSoC4/UART2_PM.c ****     UART2_SaveConfig();
 115              		.loc 1 143 0
 116 0024 FFF7FEFF 		bl	UART2_SaveConfig
 144:Generated_Source\PSoC4/UART2_PM.c **** }
 117              		.loc 1 144 0
 118 0028 C046     		nop
 119 002a BD46     		mov	sp, r7
 120              		@ sp needed
 121 002c 80BD     		pop	{r7, pc}
 122              	.L7:
 123 002e C046     		.align	2
 124              	.L6:
 125 0030 92000F40 		.word	1074725010
 126 0034 00000000 		.word	UART2_backup
 127              		.cfi_endproc
 128              	.LFE4:
 129              		.size	UART2_Sleep, .-UART2_Sleep
 130              		.section	.text.UART2_Wakeup,"ax",%progbits
 131              		.align	2
 132              		.global	UART2_Wakeup
 133              		.code	16
 134              		.thumb_func
 135              		.type	UART2_Wakeup, %function
 136              	UART2_Wakeup:
 137              	.LFB5:
 145:Generated_Source\PSoC4/UART2_PM.c **** 
 146:Generated_Source\PSoC4/UART2_PM.c **** 
 147:Generated_Source\PSoC4/UART2_PM.c **** /*******************************************************************************
 148:Generated_Source\PSoC4/UART2_PM.c **** * Function Name: UART2_Wakeup
ARM GAS  C:\Users\alexport\AppData\Local\Temp\cctpgAO1.s 			page 6


 149:Generated_Source\PSoC4/UART2_PM.c **** ********************************************************************************
 150:Generated_Source\PSoC4/UART2_PM.c **** *
 151:Generated_Source\PSoC4/UART2_PM.c **** * Summary:
 152:Generated_Source\PSoC4/UART2_PM.c **** *  This is the preferred API to restore the component to the state when 
 153:Generated_Source\PSoC4/UART2_PM.c **** *  UART2_Sleep() was called. The UART2_Wakeup() function
 154:Generated_Source\PSoC4/UART2_PM.c **** *  calls the UART2_RestoreConfig() function to restore the 
 155:Generated_Source\PSoC4/UART2_PM.c **** *  configuration. If the component was enabled before the 
 156:Generated_Source\PSoC4/UART2_PM.c **** *  UART2_Sleep() function was called, the UART2_Wakeup()
 157:Generated_Source\PSoC4/UART2_PM.c **** *  function will also re-enable the component.
 158:Generated_Source\PSoC4/UART2_PM.c **** *
 159:Generated_Source\PSoC4/UART2_PM.c **** * Parameters:
 160:Generated_Source\PSoC4/UART2_PM.c **** *  None.
 161:Generated_Source\PSoC4/UART2_PM.c **** *
 162:Generated_Source\PSoC4/UART2_PM.c **** * Return:
 163:Generated_Source\PSoC4/UART2_PM.c **** *  None.
 164:Generated_Source\PSoC4/UART2_PM.c **** *
 165:Generated_Source\PSoC4/UART2_PM.c **** * Global Variables:
 166:Generated_Source\PSoC4/UART2_PM.c **** *  UART2_backup - used when non-retention registers are restored.
 167:Generated_Source\PSoC4/UART2_PM.c **** *
 168:Generated_Source\PSoC4/UART2_PM.c **** * Reentrant:
 169:Generated_Source\PSoC4/UART2_PM.c **** *  No.
 170:Generated_Source\PSoC4/UART2_PM.c **** *
 171:Generated_Source\PSoC4/UART2_PM.c **** *******************************************************************************/
 172:Generated_Source\PSoC4/UART2_PM.c **** void UART2_Wakeup(void)
 173:Generated_Source\PSoC4/UART2_PM.c **** {
 138              		.loc 1 173 0
 139              		.cfi_startproc
 140              		@ args = 0, pretend = 0, frame = 0
 141              		@ frame_needed = 1, uses_anonymous_args = 0
 142 0000 80B5     		push	{r7, lr}
 143              		.cfi_def_cfa_offset 8
 144              		.cfi_offset 7, -8
 145              		.cfi_offset 14, -4
 146 0002 00AF     		add	r7, sp, #0
 147              		.cfi_def_cfa_register 7
 174:Generated_Source\PSoC4/UART2_PM.c ****     UART2_RestoreConfig();
 148              		.loc 1 174 0
 149 0004 FFF7FEFF 		bl	UART2_RestoreConfig
 175:Generated_Source\PSoC4/UART2_PM.c ****     #if( (UART2_RX_ENABLED) || (UART2_HD_ENABLED) )
 176:Generated_Source\PSoC4/UART2_PM.c ****         UART2_ClearRxBuffer();
 150              		.loc 1 176 0
 151 0008 FFF7FEFF 		bl	UART2_ClearRxBuffer
 177:Generated_Source\PSoC4/UART2_PM.c ****     #endif /* End (UART2_RX_ENABLED) || (UART2_HD_ENABLED) */
 178:Generated_Source\PSoC4/UART2_PM.c ****     #if(UART2_TX_ENABLED || UART2_HD_ENABLED)
 179:Generated_Source\PSoC4/UART2_PM.c ****         UART2_ClearTxBuffer();
 152              		.loc 1 179 0
 153 000c FFF7FEFF 		bl	UART2_ClearTxBuffer
 180:Generated_Source\PSoC4/UART2_PM.c ****     #endif /* End UART2_TX_ENABLED || UART2_HD_ENABLED */
 181:Generated_Source\PSoC4/UART2_PM.c **** 
 182:Generated_Source\PSoC4/UART2_PM.c ****     if(UART2_backup.enableState != 0u)
 154              		.loc 1 182 0
 155 0010 044B     		ldr	r3, .L11
 156 0012 1B78     		ldrb	r3, [r3]
 157 0014 002B     		cmp	r3, #0
 158 0016 01D0     		beq	.L10
 183:Generated_Source\PSoC4/UART2_PM.c ****     {
 184:Generated_Source\PSoC4/UART2_PM.c ****         UART2_Enable();
ARM GAS  C:\Users\alexport\AppData\Local\Temp\cctpgAO1.s 			page 7


 159              		.loc 1 184 0
 160 0018 FFF7FEFF 		bl	UART2_Enable
 161              	.L10:
 185:Generated_Source\PSoC4/UART2_PM.c ****     }
 186:Generated_Source\PSoC4/UART2_PM.c **** }
 162              		.loc 1 186 0
 163 001c C046     		nop
 164 001e BD46     		mov	sp, r7
 165              		@ sp needed
 166 0020 80BD     		pop	{r7, pc}
 167              	.L12:
 168 0022 C046     		.align	2
 169              	.L11:
 170 0024 00000000 		.word	UART2_backup
 171              		.cfi_endproc
 172              	.LFE5:
 173              		.size	UART2_Wakeup, .-UART2_Wakeup
 174              		.text
 175              	.Letext0:
 176              		.file 2 "Generated_Source\\PSoC4\\cytypes.h"
 177              		.file 3 "Generated_Source\\PSoC4\\UART2.h"
 178              		.section	.debug_info,"",%progbits
 179              	.Ldebug_info0:
 180 0000 21010000 		.4byte	0x121
 181 0004 0400     		.2byte	0x4
 182 0006 00000000 		.4byte	.Ldebug_abbrev0
 183 000a 04       		.byte	0x4
 184 000b 01       		.uleb128 0x1
 185 000c 69010000 		.4byte	.LASF21
 186 0010 0C       		.byte	0xc
 187 0011 3D010000 		.4byte	.LASF22
 188 0015 3C000000 		.4byte	.LASF23
 189 0019 00000000 		.4byte	.Ldebug_ranges0+0
 190 001d 00000000 		.4byte	0
 191 0021 00000000 		.4byte	.Ldebug_line0
 192 0025 02       		.uleb128 0x2
 193 0026 01       		.byte	0x1
 194 0027 06       		.byte	0x6
 195 0028 25010000 		.4byte	.LASF0
 196 002c 02       		.uleb128 0x2
 197 002d 01       		.byte	0x1
 198 002e 08       		.byte	0x8
 199 002f E3000000 		.4byte	.LASF1
 200 0033 02       		.uleb128 0x2
 201 0034 02       		.byte	0x2
 202 0035 05       		.byte	0x5
 203 0036 5F010000 		.4byte	.LASF2
 204 003a 02       		.uleb128 0x2
 205 003b 02       		.byte	0x2
 206 003c 07       		.byte	0x7
 207 003d 12010000 		.4byte	.LASF3
 208 0041 02       		.uleb128 0x2
 209 0042 04       		.byte	0x4
 210 0043 05       		.byte	0x5
 211 0044 F6000000 		.4byte	.LASF4
 212 0048 02       		.uleb128 0x2
 213 0049 04       		.byte	0x4
ARM GAS  C:\Users\alexport\AppData\Local\Temp\cctpgAO1.s 			page 8


 214 004a 07       		.byte	0x7
 215 004b 6F000000 		.4byte	.LASF5
 216 004f 02       		.uleb128 0x2
 217 0050 08       		.byte	0x8
 218 0051 05       		.byte	0x5
 219 0052 00000000 		.4byte	.LASF6
 220 0056 02       		.uleb128 0x2
 221 0057 08       		.byte	0x8
 222 0058 07       		.byte	0x7
 223 0059 81000000 		.4byte	.LASF7
 224 005d 03       		.uleb128 0x3
 225 005e 04       		.byte	0x4
 226 005f 05       		.byte	0x5
 227 0060 696E7400 		.ascii	"int\000"
 228 0064 02       		.uleb128 0x2
 229 0065 04       		.byte	0x4
 230 0066 07       		.byte	0x7
 231 0067 22000000 		.4byte	.LASF8
 232 006b 04       		.uleb128 0x4
 233 006c 69000000 		.4byte	.LASF12
 234 0070 02       		.byte	0x2
 235 0071 FC01     		.2byte	0x1fc
 236 0073 2C000000 		.4byte	0x2c
 237 0077 02       		.uleb128 0x2
 238 0078 04       		.byte	0x4
 239 0079 04       		.byte	0x4
 240 007a A4000000 		.4byte	.LASF9
 241 007e 02       		.uleb128 0x2
 242 007f 08       		.byte	0x8
 243 0080 04       		.byte	0x4
 244 0081 0B010000 		.4byte	.LASF10
 245 0085 02       		.uleb128 0x2
 246 0086 01       		.byte	0x1
 247 0087 08       		.byte	0x8
 248 0088 F1000000 		.4byte	.LASF11
 249 008c 04       		.uleb128 0x4
 250 008d 64000000 		.4byte	.LASF13
 251 0091 02       		.byte	0x2
 252 0092 A602     		.2byte	0x2a6
 253 0094 98000000 		.4byte	0x98
 254 0098 05       		.uleb128 0x5
 255 0099 6B000000 		.4byte	0x6b
 256 009d 02       		.uleb128 0x2
 257 009e 08       		.byte	0x8
 258 009f 04       		.byte	0x4
 259 00a0 31010000 		.4byte	.LASF14
 260 00a4 02       		.uleb128 0x2
 261 00a5 04       		.byte	0x4
 262 00a6 07       		.byte	0x7
 263 00a7 04020000 		.4byte	.LASF15
 264 00ab 06       		.uleb128 0x6
 265 00ac 0E000000 		.4byte	.LASF24
 266 00b0 01       		.byte	0x1
 267 00b1 03       		.byte	0x3
 268 00b2 45       		.byte	0x45
 269 00b3 C4000000 		.4byte	0xc4
 270 00b7 07       		.uleb128 0x7
ARM GAS  C:\Users\alexport\AppData\Local\Temp\cctpgAO1.s 			page 9


 271 00b8 FF000000 		.4byte	.LASF25
 272 00bc 03       		.byte	0x3
 273 00bd 47       		.byte	0x47
 274 00be 6B000000 		.4byte	0x6b
 275 00c2 00       		.byte	0
 276 00c3 00       		.byte	0
 277 00c4 08       		.uleb128 0x8
 278 00c5 CF000000 		.4byte	.LASF16
 279 00c9 03       		.byte	0x3
 280 00ca 4D       		.byte	0x4d
 281 00cb AB000000 		.4byte	0xab
 282 00cf 09       		.uleb128 0x9
 283 00d0 BE000000 		.4byte	.LASF17
 284 00d4 01       		.byte	0x1
 285 00d5 36       		.byte	0x36
 286 00d6 00000000 		.4byte	.LFB2
 287 00da 0A000000 		.4byte	.LFE2-.LFB2
 288 00de 01       		.uleb128 0x1
 289 00df 9C       		.byte	0x9c
 290 00e0 09       		.uleb128 0x9
 291 00e1 AA000000 		.4byte	.LASF18
 292 00e5 01       		.byte	0x1
 293 00e6 57       		.byte	0x57
 294 00e7 00000000 		.4byte	.LFB3
 295 00eb 0A000000 		.4byte	.LFE3-.LFB3
 296 00ef 01       		.uleb128 0x1
 297 00f0 9C       		.byte	0x9c
 298 00f1 0A       		.uleb128 0xa
 299 00f2 98000000 		.4byte	.LASF19
 300 00f6 01       		.byte	0x1
 301 00f7 78       		.byte	0x78
 302 00f8 00000000 		.4byte	.LFB4
 303 00fc 38000000 		.4byte	.LFE4-.LFB4
 304 0100 01       		.uleb128 0x1
 305 0101 9C       		.byte	0x9c
 306 0102 0A       		.uleb128 0xa
 307 0103 2F000000 		.4byte	.LASF20
 308 0107 01       		.byte	0x1
 309 0108 AC       		.byte	0xac
 310 0109 00000000 		.4byte	.LFB5
 311 010d 28000000 		.4byte	.LFE5-.LFB5
 312 0111 01       		.uleb128 0x1
 313 0112 9C       		.byte	0x9c
 314 0113 0B       		.uleb128 0xb
 315 0114 F7010000 		.4byte	.LASF26
 316 0118 01       		.byte	0x1
 317 0119 18       		.byte	0x18
 318 011a C4000000 		.4byte	0xc4
 319 011e 05       		.uleb128 0x5
 320 011f 03       		.byte	0x3
 321 0120 00000000 		.4byte	UART2_backup
 322 0124 00       		.byte	0
 323              		.section	.debug_abbrev,"",%progbits
 324              	.Ldebug_abbrev0:
 325 0000 01       		.uleb128 0x1
 326 0001 11       		.uleb128 0x11
 327 0002 01       		.byte	0x1
ARM GAS  C:\Users\alexport\AppData\Local\Temp\cctpgAO1.s 			page 10


 328 0003 25       		.uleb128 0x25
 329 0004 0E       		.uleb128 0xe
 330 0005 13       		.uleb128 0x13
 331 0006 0B       		.uleb128 0xb
 332 0007 03       		.uleb128 0x3
 333 0008 0E       		.uleb128 0xe
 334 0009 1B       		.uleb128 0x1b
 335 000a 0E       		.uleb128 0xe
 336 000b 55       		.uleb128 0x55
 337 000c 17       		.uleb128 0x17
 338 000d 11       		.uleb128 0x11
 339 000e 01       		.uleb128 0x1
 340 000f 10       		.uleb128 0x10
 341 0010 17       		.uleb128 0x17
 342 0011 00       		.byte	0
 343 0012 00       		.byte	0
 344 0013 02       		.uleb128 0x2
 345 0014 24       		.uleb128 0x24
 346 0015 00       		.byte	0
 347 0016 0B       		.uleb128 0xb
 348 0017 0B       		.uleb128 0xb
 349 0018 3E       		.uleb128 0x3e
 350 0019 0B       		.uleb128 0xb
 351 001a 03       		.uleb128 0x3
 352 001b 0E       		.uleb128 0xe
 353 001c 00       		.byte	0
 354 001d 00       		.byte	0
 355 001e 03       		.uleb128 0x3
 356 001f 24       		.uleb128 0x24
 357 0020 00       		.byte	0
 358 0021 0B       		.uleb128 0xb
 359 0022 0B       		.uleb128 0xb
 360 0023 3E       		.uleb128 0x3e
 361 0024 0B       		.uleb128 0xb
 362 0025 03       		.uleb128 0x3
 363 0026 08       		.uleb128 0x8
 364 0027 00       		.byte	0
 365 0028 00       		.byte	0
 366 0029 04       		.uleb128 0x4
 367 002a 16       		.uleb128 0x16
 368 002b 00       		.byte	0
 369 002c 03       		.uleb128 0x3
 370 002d 0E       		.uleb128 0xe
 371 002e 3A       		.uleb128 0x3a
 372 002f 0B       		.uleb128 0xb
 373 0030 3B       		.uleb128 0x3b
 374 0031 05       		.uleb128 0x5
 375 0032 49       		.uleb128 0x49
 376 0033 13       		.uleb128 0x13
 377 0034 00       		.byte	0
 378 0035 00       		.byte	0
 379 0036 05       		.uleb128 0x5
 380 0037 35       		.uleb128 0x35
 381 0038 00       		.byte	0
 382 0039 49       		.uleb128 0x49
 383 003a 13       		.uleb128 0x13
 384 003b 00       		.byte	0
ARM GAS  C:\Users\alexport\AppData\Local\Temp\cctpgAO1.s 			page 11


 385 003c 00       		.byte	0
 386 003d 06       		.uleb128 0x6
 387 003e 13       		.uleb128 0x13
 388 003f 01       		.byte	0x1
 389 0040 03       		.uleb128 0x3
 390 0041 0E       		.uleb128 0xe
 391 0042 0B       		.uleb128 0xb
 392 0043 0B       		.uleb128 0xb
 393 0044 3A       		.uleb128 0x3a
 394 0045 0B       		.uleb128 0xb
 395 0046 3B       		.uleb128 0x3b
 396 0047 0B       		.uleb128 0xb
 397 0048 01       		.uleb128 0x1
 398 0049 13       		.uleb128 0x13
 399 004a 00       		.byte	0
 400 004b 00       		.byte	0
 401 004c 07       		.uleb128 0x7
 402 004d 0D       		.uleb128 0xd
 403 004e 00       		.byte	0
 404 004f 03       		.uleb128 0x3
 405 0050 0E       		.uleb128 0xe
 406 0051 3A       		.uleb128 0x3a
 407 0052 0B       		.uleb128 0xb
 408 0053 3B       		.uleb128 0x3b
 409 0054 0B       		.uleb128 0xb
 410 0055 49       		.uleb128 0x49
 411 0056 13       		.uleb128 0x13
 412 0057 38       		.uleb128 0x38
 413 0058 0B       		.uleb128 0xb
 414 0059 00       		.byte	0
 415 005a 00       		.byte	0
 416 005b 08       		.uleb128 0x8
 417 005c 16       		.uleb128 0x16
 418 005d 00       		.byte	0
 419 005e 03       		.uleb128 0x3
 420 005f 0E       		.uleb128 0xe
 421 0060 3A       		.uleb128 0x3a
 422 0061 0B       		.uleb128 0xb
 423 0062 3B       		.uleb128 0x3b
 424 0063 0B       		.uleb128 0xb
 425 0064 49       		.uleb128 0x49
 426 0065 13       		.uleb128 0x13
 427 0066 00       		.byte	0
 428 0067 00       		.byte	0
 429 0068 09       		.uleb128 0x9
 430 0069 2E       		.uleb128 0x2e
 431 006a 00       		.byte	0
 432 006b 3F       		.uleb128 0x3f
 433 006c 19       		.uleb128 0x19
 434 006d 03       		.uleb128 0x3
 435 006e 0E       		.uleb128 0xe
 436 006f 3A       		.uleb128 0x3a
 437 0070 0B       		.uleb128 0xb
 438 0071 3B       		.uleb128 0x3b
 439 0072 0B       		.uleb128 0xb
 440 0073 27       		.uleb128 0x27
 441 0074 19       		.uleb128 0x19
ARM GAS  C:\Users\alexport\AppData\Local\Temp\cctpgAO1.s 			page 12


 442 0075 11       		.uleb128 0x11
 443 0076 01       		.uleb128 0x1
 444 0077 12       		.uleb128 0x12
 445 0078 06       		.uleb128 0x6
 446 0079 40       		.uleb128 0x40
 447 007a 18       		.uleb128 0x18
 448 007b 9742     		.uleb128 0x2117
 449 007d 19       		.uleb128 0x19
 450 007e 00       		.byte	0
 451 007f 00       		.byte	0
 452 0080 0A       		.uleb128 0xa
 453 0081 2E       		.uleb128 0x2e
 454 0082 00       		.byte	0
 455 0083 3F       		.uleb128 0x3f
 456 0084 19       		.uleb128 0x19
 457 0085 03       		.uleb128 0x3
 458 0086 0E       		.uleb128 0xe
 459 0087 3A       		.uleb128 0x3a
 460 0088 0B       		.uleb128 0xb
 461 0089 3B       		.uleb128 0x3b
 462 008a 0B       		.uleb128 0xb
 463 008b 27       		.uleb128 0x27
 464 008c 19       		.uleb128 0x19
 465 008d 11       		.uleb128 0x11
 466 008e 01       		.uleb128 0x1
 467 008f 12       		.uleb128 0x12
 468 0090 06       		.uleb128 0x6
 469 0091 40       		.uleb128 0x40
 470 0092 18       		.uleb128 0x18
 471 0093 9642     		.uleb128 0x2116
 472 0095 19       		.uleb128 0x19
 473 0096 00       		.byte	0
 474 0097 00       		.byte	0
 475 0098 0B       		.uleb128 0xb
 476 0099 34       		.uleb128 0x34
 477 009a 00       		.byte	0
 478 009b 03       		.uleb128 0x3
 479 009c 0E       		.uleb128 0xe
 480 009d 3A       		.uleb128 0x3a
 481 009e 0B       		.uleb128 0xb
 482 009f 3B       		.uleb128 0x3b
 483 00a0 0B       		.uleb128 0xb
 484 00a1 49       		.uleb128 0x49
 485 00a2 13       		.uleb128 0x13
 486 00a3 02       		.uleb128 0x2
 487 00a4 18       		.uleb128 0x18
 488 00a5 00       		.byte	0
 489 00a6 00       		.byte	0
 490 00a7 00       		.byte	0
 491              		.section	.debug_aranges,"",%progbits
 492 0000 34000000 		.4byte	0x34
 493 0004 0200     		.2byte	0x2
 494 0006 00000000 		.4byte	.Ldebug_info0
 495 000a 04       		.byte	0x4
 496 000b 00       		.byte	0
 497 000c 0000     		.2byte	0
 498 000e 0000     		.2byte	0
ARM GAS  C:\Users\alexport\AppData\Local\Temp\cctpgAO1.s 			page 13


 499 0010 00000000 		.4byte	.LFB2
 500 0014 0A000000 		.4byte	.LFE2-.LFB2
 501 0018 00000000 		.4byte	.LFB3
 502 001c 0A000000 		.4byte	.LFE3-.LFB3
 503 0020 00000000 		.4byte	.LFB4
 504 0024 38000000 		.4byte	.LFE4-.LFB4
 505 0028 00000000 		.4byte	.LFB5
 506 002c 28000000 		.4byte	.LFE5-.LFB5
 507 0030 00000000 		.4byte	0
 508 0034 00000000 		.4byte	0
 509              		.section	.debug_ranges,"",%progbits
 510              	.Ldebug_ranges0:
 511 0000 00000000 		.4byte	.LFB2
 512 0004 0A000000 		.4byte	.LFE2
 513 0008 00000000 		.4byte	.LFB3
 514 000c 0A000000 		.4byte	.LFE3
 515 0010 00000000 		.4byte	.LFB4
 516 0014 38000000 		.4byte	.LFE4
 517 0018 00000000 		.4byte	.LFB5
 518 001c 28000000 		.4byte	.LFE5
 519 0020 00000000 		.4byte	0
 520 0024 00000000 		.4byte	0
 521              		.section	.debug_line,"",%progbits
 522              	.Ldebug_line0:
 523 0000 A5000000 		.section	.debug_str,"MS",%progbits,1
 523      02005000 
 523      00000201 
 523      FB0E0D00 
 523      01010101 
 524              	.LASF6:
 525 0000 6C6F6E67 		.ascii	"long long int\000"
 525      206C6F6E 
 525      6720696E 
 525      7400
 526              	.LASF24:
 527 000e 55415254 		.ascii	"UART2_backupStruct_\000"
 527      325F6261 
 527      636B7570 
 527      53747275 
 527      63745F00 
 528              	.LASF8:
 529 0022 756E7369 		.ascii	"unsigned int\000"
 529      676E6564 
 529      20696E74 
 529      00
 530              	.LASF20:
 531 002f 55415254 		.ascii	"UART2_Wakeup\000"
 531      325F5761 
 531      6B657570 
 531      00
 532              	.LASF23:
 533 003c 433A5C57 		.ascii	"C:\\WORK\\TESTs\\Psoc4BLEEval\\SA-200.cydsn\000"
 533      4F524B5C 
 533      54455354 
 533      735C5073 
 533      6F633442 
 534              	.LASF13:
ARM GAS  C:\Users\alexport\AppData\Local\Temp\cctpgAO1.s 			page 14


 535 0064 72656738 		.ascii	"reg8\000"
 535      00
 536              	.LASF12:
 537 0069 75696E74 		.ascii	"uint8\000"
 537      3800
 538              	.LASF5:
 539 006f 6C6F6E67 		.ascii	"long unsigned int\000"
 539      20756E73 
 539      69676E65 
 539      6420696E 
 539      7400
 540              	.LASF7:
 541 0081 6C6F6E67 		.ascii	"long long unsigned int\000"
 541      206C6F6E 
 541      6720756E 
 541      7369676E 
 541      65642069 
 542              	.LASF19:
 543 0098 55415254 		.ascii	"UART2_Sleep\000"
 543      325F536C 
 543      65657000 
 544              	.LASF9:
 545 00a4 666C6F61 		.ascii	"float\000"
 545      7400
 546              	.LASF18:
 547 00aa 55415254 		.ascii	"UART2_RestoreConfig\000"
 547      325F5265 
 547      73746F72 
 547      65436F6E 
 547      66696700 
 548              	.LASF17:
 549 00be 55415254 		.ascii	"UART2_SaveConfig\000"
 549      325F5361 
 549      7665436F 
 549      6E666967 
 549      00
 550              	.LASF16:
 551 00cf 55415254 		.ascii	"UART2_BACKUP_STRUCT\000"
 551      325F4241 
 551      434B5550 
 551      5F535452 
 551      55435400 
 552              	.LASF1:
 553 00e3 756E7369 		.ascii	"unsigned char\000"
 553      676E6564 
 553      20636861 
 553      7200
 554              	.LASF11:
 555 00f1 63686172 		.ascii	"char\000"
 555      00
 556              	.LASF4:
 557 00f6 6C6F6E67 		.ascii	"long int\000"
 557      20696E74 
 557      00
 558              	.LASF25:
 559 00ff 656E6162 		.ascii	"enableState\000"
 559      6C655374 
ARM GAS  C:\Users\alexport\AppData\Local\Temp\cctpgAO1.s 			page 15


 559      61746500 
 560              	.LASF10:
 561 010b 646F7562 		.ascii	"double\000"
 561      6C6500
 562              	.LASF3:
 563 0112 73686F72 		.ascii	"short unsigned int\000"
 563      7420756E 
 563      7369676E 
 563      65642069 
 563      6E7400
 564              	.LASF0:
 565 0125 7369676E 		.ascii	"signed char\000"
 565      65642063 
 565      68617200 
 566              	.LASF14:
 567 0131 6C6F6E67 		.ascii	"long double\000"
 567      20646F75 
 567      626C6500 
 568              	.LASF22:
 569 013d 47656E65 		.ascii	"Generated_Source\\PSoC4\\UART2_PM.c\000"
 569      72617465 
 569      645F536F 
 569      75726365 
 569      5C50536F 
 570              	.LASF2:
 571 015f 73686F72 		.ascii	"short int\000"
 571      7420696E 
 571      7400
 572              	.LASF21:
 573 0169 474E5520 		.ascii	"GNU C11 5.4.1 20160609 (release) [ARM/embedded-5-br"
 573      43313120 
 573      352E342E 
 573      31203230 
 573      31363036 
 574 019c 616E6368 		.ascii	"anch revision 237715] -mcpu=cortex-m0 -mthumb -g -O"
 574      20726576 
 574      6973696F 
 574      6E203233 
 574      37373135 
 575 01cf 30202D66 		.ascii	"0 -ffunction-sections -ffat-lto-objects\000"
 575      66756E63 
 575      74696F6E 
 575      2D736563 
 575      74696F6E 
 576              	.LASF26:
 577 01f7 55415254 		.ascii	"UART2_backup\000"
 577      325F6261 
 577      636B7570 
 577      00
 578              	.LASF15:
 579 0204 73697A65 		.ascii	"sizetype\000"
 579      74797065 
 579      00
 580              		.ident	"GCC: (GNU Tools for ARM Embedded Processors) 5.4.1 20160609 (release) [ARM/embedded-5-bran
